[e85] job 20261008T050258-erdos85__h3-first-column-20261008-206594  ref=erdos85/h3-first-column-20261008  worktree=/opt/e85/wt/erdos85__h3-first-column-20261008  started 2026-10-08T05:02:58Z
[e85] commit 1d388af91cd645c9d8edf53e30a786698a61b971 (Retain audited varied inputs and deficient census membership proofs)
=== Docker Lean Build ===
Memory limit: 16384MB (hard enforced via cgroups)
Timeout: 2h
CPU limit: 16
Target: all
Build volume: lean-build-erdos85__h3-first-column-20261008
Extra read-only mounts: /Volumes/Stripe/lean-genius/artifacts

Command: lake env python3 ../research/problems/erdos-85-wip-01/h3_varied_pilot_20261008/check_case.py --case DeficientU369R11 --membership-evidence ../research/problems/erdos-85-wip-01/h3_varied_pilot_20261008/preflight-evidence --output ../research/problems/erdos-85-wip-01/h3_varied_pilot_20261008/_build/DeficientU369R11-first
Starting Docker build...

{"command": ["lake", "build", "Proofs.Erdos85ThreeHighPilotDeficientU369R11Inputs"], "started_utc": "2026-10-08T05:03:00.080408+00:00", "exit_code": 0, "elapsed_seconds": 6.197551404999103, "user_cpu_seconds": 5.260659, "system_cpu_seconds": 1.560191, "max_rss_kib": 917028, "log_sha256": "c79aad51aeab819e870811deb09c784f664d012decd6f5acad2010e8cef75d6a", "module": "Erdos85ThreeHighPilotDeficientU369R11Inputs", "status": "PASS", "source_sha256": "7589738f71cca554b32567acf56d4f433a358ed9a79801f923c828f763dadd67", "olean_sha256": "c9d9a7423ced2c9c8e6f8f7f7b3e8eb4ff823d379131dd55215b2b4626d1941d", "axiom_exports": []}
[30s] Building...
[60s] Building...
[90s] Building...
[120s] Building...
[150s] Building...
[180s] Building...
[210s] Building...
[240s] Building...
[270s] Building...
[300s] Building...
[330s] Building...
[360s] Building...
[390s] Building...
[420s] Building...
[450s] Building...
[480s] Building...
[510s] Building...
[540s] Building...
[570s] Building...
[600s] Building...
[630s] Building...
[660s] Building...
[690s] Building...
[720s] Building...
[750s] Building...
[780s] Building...
[810s] Building...
[840s] Building...
[870s] Building...
[900s] Building...
[930s] Building...
[960s] Building...
[990s] Building...
[1020s] Building...
[1050s] Building...
[1080s] Building...
[1110s] Building...
[1140s] Building...
[1170s] Building...
[1200s] Building...
[1230s] Building...
[1260s] Building...
[1290s] Building...
[1320s] Building...
[1350s] Building...
[1380s] Building...
[1410s] Building...
[1440s] Building...
[1470s] Building...
[1500s] Building...
[1530s] Building...
[1560s] Building...
[1590s] Building...
[1620s] Building...
[1650s] Building...
[1680s] Building...
[1710s] Building...
[1740s] Building...
[1770s] Building...
[1800s] Building...
[1830s] Building...
[1860s] Building...
[1890s] Building...
[1920s] Building...
[1950s] Building...
[1980s] Building...
[2010s] Building...
[2040s] Building...
[2070s] Building...
[2100s] Building...
[2130s] Building...
[2160s] Building...
[2190s] Building...
[2220s] Building...
[2250s] Building...
[2280s] Building...
[2310s] Building...
[2340s] Building...
[2370s] Building...
[2400s] Building...
[2430s] Building...
[2460s] Building...
[2490s] Building...
[2520s] Building...
[2550s] Building...
[2580s] Building...
[2610s] Building...
[2640s] Building...
[2670s] Building...
[2700s] Building...
[2730s] Building...
[2760s] Building...
[2790s] Building...
[2820s] Building...
[2850s] Building...
[2880s] Building...
[2910s] Building...
[2940s] Building...
[2970s] Building...
[3000s] Building...
[3030s] Building...
[3060s] Building...
[3090s] Building...
[3120s] Building...
[3150s] Building...
[3180s] Building...
[3210s] Building...
[3240s] Building...
[3270s] Building...
[3300s] Building...
[3330s] Building...
[3360s] Building...
[3390s] Building...
[3420s] Building...
[3450s] Building...
[3480s] Building...
[3510s] Building...
[3540s] Building...
[3570s] Building...
[3600s] Building...
[3630s] Building...
[3660s] Building...
[3690s] Building...
[3720s] Building...
[3750s] Building...
[3780s] Building...
[3810s] Building...
[3840s] Building...
[3870s] Building...
[3900s] Building...
[3930s] Building...
[3960s] Building...
[3990s] Building...
[4020s] Building...
[4050s] Building...
[4080s] Building...
[4110s] Building...
[4140s] Building...
[4170s] Building...
[4200s] Building...
[4230s] Building...
[4260s] Building...
[4290s] Building...
[4320s] Building...
[4350s] Building...
[4380s] Building...
[4410s] Building...
[4440s] Building...
{"command": ["lake", "build", "Proofs.Erdos85ThreeHighPilotDeficientU369R11Certificate"], "started_utc": "2026-10-08T05:03:06.281146+00:00", "exit_code": 0, "elapsed_seconds": 4442.672327093998, "user_cpu_seconds": 4438.414563, "system_cpu_seconds": 5.322373, "max_rss_kib": 8332452, "log_sha256": "e703513598c7824646af2883448f74cc99e0065215551ebd522dfd3366a6a94b", "module": "Erdos85ThreeHighPilotDeficientU369R11Certificate", "status": "PASS", "source_sha256": "107917385f710e4436505522b643ede576a27d7110c37a5923b33d389a2d7ac8", "olean_sha256": "5c7279ec67ccff629e4431b5d6bbc91f5211e296ea72ad49954c4e9d62eaa760", "axiom_exports": [{"theorem": "Erdos85.VariedPilot.DeficientU369R11.rejected", "axioms": ["propext", "Classical.choice", "Quot.sound", "Erdos85.VariedPilot.DeficientU369R11.rejected._native.native_decide.ax_1_1"]}]}
{"command": ["lake", "build", "Proofs.Erdos85ThreeHighPilotDeficientU369R11Consumer"], "started_utc": "2026-10-08T06:17:08.958543+00:00", "exit_code": 0, "elapsed_seconds": 10.344921413998236, "user_cpu_seconds": 8.585463, "system_cpu_seconds": 2.36474, "max_rss_kib": 6560076, "log_sha256": "02634ff8c883a4342f75790d4adcf18ca578041fd399f21729a9ca06b65c258f", "module": "Erdos85ThreeHighPilotDeficientU369R11Consumer", "status": "PASS", "source_sha256": "4ffcfb1d3285482d219be26b1e002550e267e48bc81d15d7a4d2dd7679d99dce", "olean_sha256": "876b8244cb09bfddf826d3eff4edf99991aa2aa1a34571b9317d07aa005ac695", "axiom_exports": [{"theorem": "Erdos85.VariedPilot.DeficientU369R11.no_joint", "axioms": ["propext", "Classical.choice", "Quot.sound", "Erdos85.VariedPilot.DeficientU369R11.rejected._native.native_decide.ax_1_1"]}]}

=== Build succeeded ===
