'Erdos85.H3TripleCompletion.threeHighCanonicalRepresentativeExcluded_one' depends on axioms: [propext,
 Classical.choice,
 Quot.sound,
 Erdos85.H3TripleCompletion.triplePart_384_000._native.native_decide.ax_1_1,
 Erdos85.H3TripleCompletion.triplePart_384_001._native.native_decide.ax_1_1,
 Erdos85.H3TripleCompletion.triplePart_384_002._native.native_decide.ax_1_1,
 Erdos85.H3TripleCompletion.triplePart_384_003._native.native_decide.ax_1_1,
 Erdos85.H3TripleCompletion.triplePart_384_004._native.native_decide.ax_1_1,
 Erdos85.H3TripleCompletion.triplePart_384_005._native.native_decide.ax_1_1,
 Erdos85.H3TripleCompletion.triplePart_384_006._native.native_decide.ax_1_1,
 Erdos85.H3TripleCompletion.triplePart_384_007._native.native_decide.ax_1_1,
 Erdos85.H3TripleCompletion.triplePart_384_008._native.native_decide.ax_1_1,
 Erdos85.H3TripleCompletion.triplePart_384_009._native.native_decide.ax_1_1,
 Erdos85.H3TripleCompletion.triplePart_384_010._native.native_decide.ax_1_1,
 Erdos85.H3TripleCompletion.triplePart_384_011._native.native_decide.ax_1_1,
 Erdos85.H3TripleCompletion.triplePart_384_012._native.native_decide.ax_1_1,
 Erdos85.H3TripleCompletion.triplePart_384_013._native.native_decide.ax_1_1,
 Erdos85.H3TripleCompletion.triplePart_384_014._native.native_decide.ax_1_1,
 Erdos85.H3TripleCompletion.triplePart_384_015._native.native_decide.ax_1_1,
 Erdos85.H3TripleCompletion.triplePart_384_016._native.native_decide.ax_1_1,
 Erdos85.H3TripleCompletion.triplePart_384_017._native.native_decide.ax_1_1,
 Erdos85.H3TripleCompletion.triplePart_384_018._native.native_decide.ax_1_1,
 Erdos85.H3TripleCompletion.triplePart_384_019._native.native_decide.ax_1_1,
 Erdos85.H3TripleCompletion.triplePart_384_020._native.native_decide.ax_1_1,
 Erdos85.H3TripleCompletion.triplePart_384_021._native.native_decide.ax_1_1,
 Erdos85.H3TripleCompletion.triplePart_384_022._native.native_decide.ax_1_1,
 Erdos85.H3TripleCompletion.triplePart_384_023._native.native_decide.ax_1_1,
 Erdos85.H3TripleCompletion.triplePart_384_024._native.native_decide.ax_1_1,
 Erdos85.H3TripleCompletion.triplePart_384_025._native.native_decide.ax_1_1,
 Erdos85.H3TripleCompletion.triplePart_384_026._native.native_decide.ax_1_1,
 Erdos85.H3TripleCompletion.triplePart_384_027._native.native_decide.ax_1_1,
 Erdos85.H3TripleCompletion.triplePart_384_028._native.native_decide.ax_1_1,
 Erdos85.H3TripleCompletion.triplePart_384_029._native.native_decide.ax_1_1,
 Erdos85.H3TripleCompletion.triplePart_384_030._native.native_decide.ax_1_1,
 Erdos85.H3TripleCompletion.triplePart_384_031._native.native_decide.ax_1_1,
 Erdos85.H3TripleCompletion.triplePart_384_032._native.native_decide.ax_1_1,
 Erdos85.H3TripleCompletion.triplePart_384_033._native.native_decide.ax_1_1,
 Erdos85.H3TripleCompletion.triplePart_384_034._native.native_decide.ax_1_1,
 Erdos85.H3TripleCompletion.triplePart_384_035._native.native_decide.ax_1_1,
 Erdos85.H3TripleCompletion.triplePart_384_036._native.native_decide.ax_1_1,
 Erdos85.H3TripleCompletion.triplePart_384_037._native.native_decide.ax_1_1,
 Erdos85.H3TripleCompletion.triplePart_384_038._native.native_decide.ax_1_1,
 Erdos85.H3TripleCompletion.triplePart_384_039._native.native_decide.ax_1_1,
 Erdos85.H3TripleCompletion.triplePart_384_040._native.native_decide.ax_1_1,
 Erdos85.H3TripleCompletion.triplePart_384_041._native.native_decide.ax_1_1,
 Erdos85.H3TripleCompletion.triplePart_384_042._native.native_decide.ax_1_1,
 Erdos85.H3TripleCompletion.triplePart_384_043._native.native_decide.ax_1_1,
 Erdos85.H3TripleCompletion.triplePart_384_044._native.native_decide.ax_1_1,
 Erdos85.H3TripleCompletion.triplePart_384_045._native.native_decide.ax_1_1,
 Erdos85.H3TripleCompletion.triplePart_384_046._native.native_decide.ax_1_1,
 Erdos85.H3TripleCompletion.triplePart_384_047._native.native_decide.ax_1_1,
 Erdos85.H3TripleCompletion.triplePart_384_048._native.native_decide.ax_1_1,
 Erdos85.H3TripleCompletion.triplePart_384_049._native.native_decide.ax_1_1,
 Erdos85.H3TripleCompletion.triplePart_384_050._native.native_decide.ax_1_1,
 Erdos85.H3TripleCompletion.triplePart_384_051._native.native_decide.ax_1_1,
 Erdos85.H3TripleCompletion.triplePart_384_052._native.native_decide.ax_1_1,
 Erdos85.H3TripleCompletion.triplePart_384_053._native.native_decide.ax_1_1,
 Erdos85.H3TripleCompletion.triplePart_384_054._native.native_decide.ax_1_1,
 Erdos85.H3TripleCompletion.triplePart_384_055._native.native_decide.ax_1_1,
 Erdos85.H3TripleCompletion.triplePart_384_056._native.native_decide.ax_1_1,
 Erdos85.H3TripleCompletion.triplePart_384_057._native.native_decide.ax_1_1,
 Erdos85.H3TripleCompletion.triplePart_384_058._native.native_decide.ax_1_1,
 Erdos85.H3TripleCompletion.triplePart_384_059._native.native_decide.ax_1_1,
 Erdos85.H3TripleCompletion.triplePart_384_060._native.native_decide.ax_1_1,
 Erdos85.H3TripleCompletion.triplePart_384_061._native.native_decide.ax_1_1,
 Erdos85.H3TripleCompletion.triplePart_384_062._native.native_decide.ax_1_1,
 Erdos85.H3TripleCompletion.triplePart_384_063._native.native_decide.ax_1_1,
 Erdos85.H3TripleCompletion.triplePart_384_064._native.native_decide.ax_1_1,
 Erdos85.H3TripleCompletion.triplePart_384_065._native.native_decide.ax_1_1,
 Erdos85.H3TripleCompletion.triplePart_384_066._native.native_decide.ax_1_1,
 Erdos85.H3TripleCompletion.triplePart_384_067._native.native_decide.ax_1_1,
 Erdos85.H3TripleCompletion.triplePart_384_068._native.native_decide.ax_1_1,
 Erdos85.H3TripleCompletion.triplePart_384_069._native.native_decide.ax_1_1,
 Erdos85.H3TripleCompletion.triplePart_384_070._native.native_decide.ax_1_1,
 Erdos85.H3TripleCompletion.triplePart_384_071._native.native_decide.ax_1_1,
 Erdos85.H3TripleCompletion.triplePart_384_072._native.native_decide.ax_1_1,
 Erdos85.H3TripleCompletion.triplePart_384_073._native.native_decide.ax_1_1,
 Erdos85.H3TripleCompletion.triplePart_384_074._native.native_decide.ax_1_1,
 Erdos85.H3TripleCompletion.triplePart_384_075._native.native_decide.ax_1_1,
 Erdos85.H3TripleCompletion.triplePart_384_076._native.native_decide.ax_1_1,
 Erdos85.H3TripleCompletion.triplePart_384_077._native.native_decide.ax_1_1,
 Erdos85.H3TripleCompletion.triplePart_384_078._native.native_decide.ax_1_1,
 Erdos85.H3TripleCompletion.triplePart_384_079._native.native_decide.ax_1_1,
 Erdos85.H3TripleCompletion.triplePart_384_080._native.native_decide.ax_1_1,
 Erdos85.H3TripleCompletion.triplePart_384_081._native.native_decide.ax_1_1,
 Erdos85.H3TripleCompletion.triplePart_384_082._native.native_decide.ax_1_1,
 Erdos85.H3TripleCompletion.triplePart_384_083._native.native_decide.ax_1_1,
 Erdos85.H3TripleCompletion.triplePart_384_084._native.native_decide.ax_1_1,
 Erdos85.H3TripleCompletion.triplePart_384_085._native.native_decide.ax_1_1,
 Erdos85.H3TripleCompletion.triplePart_384_086._native.native_decide.ax_1_1,
 Erdos85.H3TripleCompletion.triplePart_384_087._native.native_decide.ax_1_1,
 Erdos85.H3TripleCompletion.triplePart_384_088._native.native_decide.ax_1_1,
 Erdos85.H3TripleCompletion.triplePart_384_089._native.native_decide.ax_1_1,
 Erdos85.H3TripleCompletion.triplePart_384_090._native.native_decide.ax_1_1,
 Erdos85.H3TripleCompletion.triplePart_384_091._native.native_decide.ax_1_1,
 Erdos85.H3TripleCompletion.triplePart_384_092._native.native_decide.ax_1_1,
 Erdos85.H3TripleCompletion.triplePart_384_093._native.native_decide.ax_1_1,
 Erdos85.H3TripleCompletion.triplePart_384_094._native.native_decide.ax_1_1,
 Erdos85.H3TripleCompletion.triplePart_384_095._native.native_decide.ax_1_1,
 Erdos85.H3TripleCompletion.triplePart_384_096._native.native_decide.ax_1_1,
 Erdos85.H3TripleCompletion.triplePart_384_097._native.native_decide.ax_1_1,
 Erdos85.H3TripleCompletion.triplePart_384_098._native.native_decide.ax_1_1,
 Erdos85.H3TripleCompletion.triplePart_384_099._native.native_decide.ax_1_1,
 Erdos85.H3TripleCompletion.triplePart_384_100._native.native_decide.ax_1_1,
 Erdos85.H3TripleCompletion.triplePart_384_101._native.native_decide.ax_1_1,
 Erdos85.H3TripleCompletion.triplePart_384_102._native.native_decide.ax_1_1,
 Erdos85.H3TripleCompletion.triplePart_384_103._native.native_decide.ax_1_1,
 Erdos85.H3TripleCompletion.triplePart_384_104._native.native_decide.ax_1_1,
 Erdos85.H3TripleCompletion.triplePart_384_105._native.native_decide.ax_1_1,
 Erdos85.H3TripleCompletion.triplePart_384_106._native.native_decide.ax_1_1,
 Erdos85.H3TripleCompletion.triplePart_384_107._native.native_decide.ax_1_1,
 Erdos85.H3TripleCompletion.triplePart_384_108._native.native_decide.ax_1_1,
 Erdos85.H3TripleCompletion.triplePart_384_109._native.native_decide.ax_1_1,
 Erdos85.H3TripleCompletion.triplePart_384_110._native.native_decide.ax_1_1,
 Erdos85.H3TripleCompletion.triplePart_384_111._native.native_decide.ax_1_1,
 Erdos85.H3TripleCompletion.triplePart_384_112._native.native_decide.ax_1_1,
 Erdos85.H3TripleCompletion.triplePart_384_113._native.native_decide.ax_1_1,
 Erdos85.H3TripleCompletion.triplePart_384_114._native.native_decide.ax_1_1,
 Erdos85.H3TripleCompletion.triplePart_384_115._native.native_decide.ax_1_1,
 Erdos85.H3TripleCompletion.triplePart_384_116._native.native_decide.ax_1_1,
 Erdos85.H3TripleCompletion.triplePart_384_117._native.native_decide.ax_1_1,
 Erdos85.H3TripleCompletion.triplePart_384_118._native.native_decide.ax_1_1,
 Erdos85.H3TripleCompletion.triplePart_384_119._native.native_decide.ax_1_1,
 Erdos85.H3TripleCompletion.triplePart_384_120._native.native_decide.ax_1_1,
 Erdos85.H3TripleCompletion.triplePart_384_121._native.native_decide.ax_1_1,
 Erdos85.H3TripleCompletion.triplePart_384_122._native.native_decide.ax_1_1,
 Erdos85.H3TripleCompletion.triplePart_384_123._native.native_decide.ax_1_1,
 Erdos85.H3TripleCompletion.triplePart_384_124._native.native_decide.ax_1_1,
 Erdos85.H3TripleCompletion.triplePart_384_125._native.native_decide.ax_1_1,
 Erdos85.H3TripleCompletion.triplePart_384_126._native.native_decide.ax_1_1,
 Erdos85.H3TripleCompletion.triplePart_384_127._native.native_decide.ax_1_1,
 Erdos85.H3TripleCompletion.triplePart_384_128._native.native_decide.ax_1_1,
 Erdos85.H3TripleCompletion.triplePart_384_129._native.native_decide.ax_1_1,
 Erdos85.H3TripleCompletion.triplePart_384_130._native.native_decide.ax_1_1,
 Erdos85.H3TripleCompletion.triplePart_384_131._native.native_decide.ax_1_1,
 Erdos85.H3TripleCompletion.triplePart_384_132._native.native_decide.ax_1_1,
 Erdos85.H3TripleCompletion.triplePart_384_133._native.native_decide.ax_1_1,
 Erdos85.H3TripleCompletion.triplePart_384_134._native.native_decide.ax_1_1,
 Erdos85.H3TripleCompletion.triplePart_384_135._native.native_decide.ax_1_1,
 Erdos85.H3TripleCompletion.triplePart_384_136._native.native_decide.ax_1_1,
 Erdos85.H3TripleCompletion.triplePart_384_137._native.native_decide.ax_1_1,
 Erdos85.H3TripleCompletion.triplePart_384_138._native.native_decide.ax_1_1,
 Erdos85.H3TripleCompletion.triplePart_384_139._native.native_decide.ax_1_1,
 Erdos85.H3TripleCompletion.triplePart_384_140._native.native_decide.ax_1_1,
 Erdos85.H3TripleCompletion.triplePart_384_141._native.native_decide.ax_1_1,
 Erdos85.H3TripleCompletion.triplePart_384_142._native.native_decide.ax_1_1,
 Erdos85.H3TripleCompletion.triplePart_384_143._native.native_decide.ax_1_1,
 Erdos85.H3TripleCompletion.triplePart_384_144._native.native_decide.ax_1_1,
 Erdos85.H3TripleCompletion.triplePart_384_145._native.native_decide.ax_1_1,
 Erdos85.H3TripleCompletion.triplePart_384_146._native.native_decide.ax_1_1,
 Erdos85.H3TripleCompletion.triplePart_384_147._native.native_decide.ax_1_1,
 Erdos85.H3TripleCompletion.triplePart_384_148._native.native_decide.ax_1_1,
 Erdos85.H3TripleCompletion.triplePart_384_149._native.native_decide.ax_1_1,
 Erdos85.H3TripleCompletion.triplePart_384_150._native.native_decide.ax_1_1,
 Erdos85.H3TripleCompletion.triplePart_384_151._native.native_decide.ax_1_1,
 Erdos85.H3TripleCompletion.triplePart_384_152._native.native_decide.ax_1_1,
 Erdos85.H3TripleCompletion.triplePart_384_153._native.native_decide.ax_1_1,
 Erdos85.H3TripleCompletion.triplePart_384_154._native.native_decide.ax_1_1,
 Erdos85.H3TripleCompletion.triplePart_384_155._native.native_decide.ax_1_1,
 Erdos85.H3TripleCompletion.triplePart_384_156._native.native_decide.ax_1_1,
 Erdos85.H3TripleCompletion.triplePart_384_157._native.native_decide.ax_1_1,
 Erdos85.H3TripleCompletion.triplePart_384_158._native.native_decide.ax_1_1,
 Erdos85.H3TripleCompletion.triplePart_384_159._native.native_decide.ax_1_1,
 Erdos85.H3TripleCompletion.triplePart_384_160._native.native_decide.ax_1_1,
 Erdos85.H3TripleCompletion.triplePart_384_161._native.native_decide.ax_1_1,
 Erdos85.H3TripleCompletion.triplePart_384_162._native.native_decide.ax_1_1,
 Erdos85.H3TripleCompletion.triplePart_384_163._native.native_decide.ax_1_1,
 Erdos85.H3TripleCompletion.triplePart_384_164._native.native_decide.ax_1_1,
 Erdos85.H3TripleCompletion.triplePart_384_165._native.native_decide.ax_1_1,
 Erdos85.H3TripleCompletion.triplePart_384_166._native.native_decide.ax_1_1,
 Erdos85.H3TripleCompletion.triplePart_384_167._native.native_decide.ax_1_1,
 Erdos85.H3TripleCompletion.triplePart_384_168._native.native_decide.ax_1_1,
 Erdos85.H3TripleCompletion.triplePart_384_169._native.native_decide.ax_1_1,
 Erdos85.H3TripleCompletion.triplePart_384_170._native.native_decide.ax_1_1,
 Erdos85.H3TripleCompletion.triplePart_384_171._native.native_decide.ax_1_1,
 Erdos85.H3TripleCompletion.triplePart_384_172._native.native_decide.ax_1_1,
 Erdos85.H3TripleCompletion.triplePart_384_173._native.native_decide.ax_1_1,
 Erdos85.H3TripleCompletion.triplePart_384_174._native.native_decide.ax_1_1,
 Erdos85.H3TripleCompletion.triplePart_384_175._native.native_decide.ax_1_1,
 Erdos85.H3TripleCompletion.triplePart_384_176._native.native_decide.ax_1_1,
 Erdos85.H3TripleCompletion.triplePart_384_177._native.native_decide.ax_1_1,
 Erdos85.H3TripleCompletion.triplePart_384_178._native.native_decide.ax_1_1,
 Erdos85.H3TripleCompletion.triplePart_384_179._native.native_decide.ax_1_1,
 Erdos85.H3TripleCompletion.triplePart_384_180._native.native_decide.ax_1_1,
 Erdos85.H3TripleCompletion.triplePart_384_181._native.native_decide.ax_1_1,
 Erdos85.H3TripleCompletion.triplePart_384_182._native.native_decide.ax_1_1,
 Erdos85.H3TripleCompletion.triplePart_384_183._native.native_decide.ax_1_1,
 Erdos85.H3TripleCompletion.triplePart_384_184._native.native_decide.ax_1_1,
 Erdos85.H3TripleCompletion.triplePart_384_185._native.native_decide.ax_1_1,
 Erdos85.H3TripleCompletion.triplePart_384_186._native.native_decide.ax_1_1,
 Erdos85.H3TripleCompletion.triplePart_384_187._native.native_decide.ax_1_1,
 Erdos85.H3TripleCompletion.triplePart_384_188._native.native_decide.ax_1_1,
 Erdos85.H3TripleCompletion.triplePart_384_189._native.native_decide.ax_1_1,
 Erdos85.H3TripleCompletion.triplePart_384_190._native.native_decide.ax_1_1,
 Erdos85.H3TripleCompletion.triplePart_384_191._native.native_decide.ax_1_1,
 Erdos85.H3TripleCompletion.triplePart_384_192._native.native_decide.ax_1_1,
 Erdos85.H3TripleCompletion.triplePart_384_193._native.native_decide.ax_1_1,
 Erdos85.H3TripleCompletion.triplePart_384_194._native.native_decide.ax_1_1,
 Erdos85.H3TripleCompletion.triplePart_384_195._native.native_decide.ax_1_1,
 Erdos85.H3TripleCompletion.triplePart_384_196._native.native_decide.ax_1_1,
 Erdos85.H3TripleCompletion.triplePart_384_197._native.native_decide.ax_1_1,
 Erdos85.H3TripleCompletion.triplePart_384_198._native.native_decide.ax_1_1,
 Erdos85.H3TripleCompletion.triplePart_384_199._native.native_decide.ax_1_1,
 Erdos85.H3TripleCompletion.triplePart_384_200._native.native_decide.ax_1_1,
 Erdos85.H3TripleCompletion.triplePart_384_201._native.native_decide.ax_1_1,
 Erdos85.H3TripleCompletion.triplePart_384_202._native.native_decide.ax_1_1,
 Erdos85.H3TripleCompletion.triplePart_384_203._native.native_decide.ax_1_1,
 Erdos85.H3TripleCompletion.triplePart_384_204._native.native_decide.ax_1_1,
 Erdos85.H3TripleCompletion.triplePart_384_205._native.native_decide.ax_1_1,
 Erdos85.H3TripleCompletion.triplePart_384_206._native.native_decide.ax_1_1,
 Erdos85.H3TripleCompletion.triplePart_384_207._native.native_decide.ax_1_1,
 Erdos85.H3TripleCompletion.triplePart_384_208._native.native_decide.ax_1_1,
 Erdos85.H3TripleCompletion.triplePart_384_209._native.native_decide.ax_1_1,
 Erdos85.H3TripleCompletion.triplePart_384_210._native.native_decide.ax_1_1,
 Erdos85.H3TripleCompletion.triplePart_384_211._native.native_decide.ax_1_1,
 Erdos85.H3TripleCompletion.triplePart_384_212._native.native_decide.ax_1_1,
 Erdos85.H3TripleCompletion.triplePart_384_213._native.native_decide.ax_1_1,
 Erdos85.H3TripleCompletion.triplePart_384_214._native.native_decide.ax_1_1,
 Erdos85.H3TripleCompletion.triplePart_384_215._native.native_decide.ax_1_1,
 Erdos85.H3TripleCompletion.triplePart_384_216._native.native_decide.ax_1_1,
 Erdos85.H3TripleCompletion.triplePart_384_217._native.native_decide.ax_1_1,
 Erdos85.H3TripleCompletion.triplePart_384_218._native.native_decide.ax_1_1,
 Erdos85.H3TripleCompletion.triplePart_384_219._native.native_decide.ax_1_1,
 Erdos85.H3TripleCompletion.triplePart_384_220._native.native_decide.ax_1_1,
 Erdos85.H3TripleCompletion.triplePart_384_221._native.native_decide.ax_1_1,
 Erdos85.H3TripleCompletion.triplePart_384_222._native.native_decide.ax_1_1,
 Erdos85.H3TripleCompletion.triplePart_384_223._native.native_decide.ax_1_1,
 Erdos85.H3TripleCompletion.triplePart_384_224._native.native_decide.ax_1_1,
 Erdos85.H3TripleCompletion.triplePart_384_225._native.native_decide.ax_1_1,
 Erdos85.H3TripleCompletion.triplePart_384_226._native.native_decide.ax_1_1,
 Erdos85.H3TripleCompletion.triplePart_384_227._native.native_decide.ax_1_1,
 Erdos85.H3TripleCompletion.triplePart_384_228._native.native_decide.ax_1_1,
 Erdos85.H3TripleCompletion.triplePart_384_229._native.native_decide.ax_1_1,
 Erdos85.H3TripleCompletion.triplePart_384_230._native.native_decide.ax_1_1,
 Erdos85.H3TripleCompletion.triplePart_384_231._native.native_decide.ax_1_1,
 Erdos85.H3TripleCompletion.triplePart_384_232._native.native_decide.ax_1_1,
 Erdos85.H3TripleCompletion.triplePart_384_233._native.native_decide.ax_1_1,
 Erdos85.H3TripleCompletion.triplePart_384_234._native.native_decide.ax_1_1,
 Erdos85.H3TripleCompletion.triplePart_384_235._native.native_decide.ax_1_1,
 Erdos85.H3TripleCompletion.triplePart_384_236._native.native_decide.ax_1_1,
 Erdos85.H3TripleCompletion.triplePart_384_237._native.native_decide.ax_1_1,
 Erdos85.H3TripleCompletion.triplePart_384_238._native.native_decide.ax_1_1,
 Erdos85.H3TripleCompletion.triplePart_384_239._native.native_decide.ax_1_1,
 Erdos85.H3TripleCompletion.triplePart_384_240._native.native_decide.ax_1_1,
 Erdos85.H3TripleCompletion.triplePart_384_241._native.native_decide.ax_1_1,
 Erdos85.H3TripleCompletion.triplePart_384_242._native.native_decide.ax_1_1,
 Erdos85.H3TripleCompletion.triplePart_384_243._native.native_decide.ax_1_1,
 Erdos85.H3TripleCompletion.triplePart_384_244._native.native_decide.ax_1_1,
 Erdos85.H3TripleCompletion.triplePart_384_245._native.native_decide.ax_1_1,
 Erdos85.H3TripleCompletion.triplePart_384_246._native.native_decide.ax_1_1,
 Erdos85.H3TripleCompletion.triplePart_384_247._native.native_decide.ax_1_1,
 Erdos85.H3TripleCompletion.triplePart_384_248._native.native_decide.ax_1_1,
 Erdos85.H3TripleCompletion.triplePart_384_249._native.native_decide.ax_1_1,
 Erdos85.H3TripleCompletion.triplePart_384_250._native.native_decide.ax_1_1,
 Erdos85.H3TripleCompletion.triplePart_384_251._native.native_decide.ax_1_1,
 Erdos85.H3TripleCompletion.triplePart_384_252._native.native_decide.ax_1_1,
 Erdos85.H3TripleCompletion.triplePart_384_253._native.native_decide.ax_1_1,
 Erdos85.H3TripleCompletion.triplePart_384_254._native.native_decide.ax_1_1,
 Erdos85.H3TripleCompletion.triplePart_384_255._native.native_decide.ax_1_1,
 Erdos85.H3TripleCompletion.triplePart_384_256._native.native_decide.ax_1_1,
 Erdos85.H3TripleCompletion.triplePart_384_257._native.native_decide.ax_1_1,
 Erdos85.H3TripleCompletion.triplePart_384_258._native.native_decide.ax_1_1,
 Erdos85.H3TripleCompletion.triplePart_384_259._native.native_decide.ax_1_1,
 Erdos85.H3TripleCompletion.triplePart_384_260._native.native_decide.ax_1_1,
 Erdos85.H3TripleCompletion.triplePart_384_261._native.native_decide.ax_1_1,
 Erdos85.H3TripleCompletion.triplePart_384_262._native.native_decide.ax_1_1,
 Erdos85.H3TripleCompletion.triplePart_384_263._native.native_decide.ax_1_1,
 Erdos85.H3TripleCompletion.triplePart_384_264._native.native_decide.ax_1_1,
 Erdos85.H3TripleCompletion.triplePart_384_265._native.native_decide.ax_1_1,
 Erdos85.H3TripleCompletion.triplePart_384_266._native.native_decide.ax_1_1,
 Erdos85.H3TripleCompletion.triplePart_384_267._native.native_decide.ax_1_1,
 Erdos85.H3TripleCompletion.triplePart_384_268._native.native_decide.ax_1_1,
 Erdos85.H3TripleCompletion.triplePart_384_269._native.native_decide.ax_1_1,
 Erdos85.H3TripleCompletion.triplePart_384_270._native.native_decide.ax_1_1,
 Erdos85.H3TripleCompletion.triplePart_384_271._native.native_decide.ax_1_1,
 Erdos85.H3TripleCompletion.triplePart_384_272._native.native_decide.ax_1_1,
 Erdos85.H3TripleCompletion.triplePart_384_273._native.native_decide.ax_1_1,
 Erdos85.H3TripleCompletion.triplePart_384_274._native.native_decide.ax_1_1,
 Erdos85.H3TripleCompletion.triplePart_384_275._native.native_decide.ax_1_1,
 Erdos85.H3TripleCompletion.triplePart_384_276._native.native_decide.ax_1_1,
 Erdos85.H3TripleCompletion.triplePart_384_277._native.native_decide.ax_1_1,
 Erdos85.H3TripleCompletion.triplePart_384_278._native.native_decide.ax_1_1,
 Erdos85.H3TripleCompletion.triplePart_384_279._native.native_decide.ax_1_1,
 Erdos85.H3TripleCompletion.triplePart_384_280._native.native_decide.ax_1_1,
 Erdos85.H3TripleCompletion.triplePart_384_281._native.native_decide.ax_1_1,
 Erdos85.H3TripleCompletion.triplePart_384_282._native.native_decide.ax_1_1,
 Erdos85.H3TripleCompletion.triplePart_384_283._native.native_decide.ax_1_1,
 Erdos85.H3TripleCompletion.triplePart_384_284._native.native_decide.ax_1_1,
 Erdos85.H3TripleCompletion.triplePart_384_285._native.native_decide.ax_1_1,
 Erdos85.H3TripleCompletion.triplePart_384_286._native.native_decide.ax_1_1,
 Erdos85.H3TripleCompletion.triplePart_384_287._native.native_decide.ax_1_1,
 Erdos85.H3TripleCompletion.triplePart_384_288._native.native_decide.ax_1_1,
 Erdos85.H3TripleCompletion.triplePart_384_289._native.native_decide.ax_1_1,
 Erdos85.H3TripleCompletion.triplePart_384_290._native.native_decide.ax_1_1,
 Erdos85.H3TripleCompletion.triplePart_384_291._native.native_decide.ax_1_1,
 Erdos85.H3TripleCompletion.triplePart_384_292._native.native_decide.ax_1_1,
 Erdos85.H3TripleCompletion.triplePart_384_293._native.native_decide.ax_1_1,
 Erdos85.H3TripleCompletion.triplePart_384_294._native.native_decide.ax_1_1,
 Erdos85.H3TripleCompletion.triplePart_384_295._native.native_decide.ax_1_1,
 Erdos85.H3TripleCompletion.triplePart_384_296._native.native_decide.ax_1_1,
 Erdos85.H3TripleCompletion.triplePart_384_297._native.native_decide.ax_1_1,
 Erdos85.H3TripleCompletion.triplePart_384_298._native.native_decide.ax_1_1,
 Erdos85.H3TripleCompletion.triplePart_384_299._native.native_decide.ax_1_1,
 Erdos85.H3TripleCompletion.triplePart_384_300._native.native_decide.ax_1_1,
 Erdos85.H3TripleCompletion.triplePart_384_301._native.native_decide.ax_1_1,
 Erdos85.H3TripleCompletion.triplePart_384_302._native.native_decide.ax_1_1,
 Erdos85.H3TripleCompletion.triplePart_384_303._native.native_decide.ax_1_1,
 Erdos85.H3TripleCompletion.triplePart_384_304._native.native_decide.ax_1_1,
 Erdos85.H3TripleCompletion.triplePart_384_305._native.native_decide.ax_1_1,
 Erdos85.H3TripleCompletion.triplePart_384_306._native.native_decide.ax_1_1,
 Erdos85.H3TripleCompletion.triplePart_384_307._native.native_decide.ax_1_1,
 Erdos85.H3TripleCompletion.triplePart_384_308._native.native_decide.ax_1_1,
 Erdos85.H3TripleCompletion.triplePart_384_309._native.native_decide.ax_1_1,
 Erdos85.H3TripleCompletion.triplePart_384_310._native.native_decide.ax_1_1,
 Erdos85.H3TripleCompletion.triplePart_384_311._native.native_decide.ax_1_1,
 Erdos85.H3TripleCompletion.triplePart_384_312._native.native_decide.ax_1_1,
 Erdos85.H3TripleCompletion.triplePart_384_313._native.native_decide.ax_1_1,
 Erdos85.H3TripleCompletion.triplePart_384_314._native.native_decide.ax_1_1,
 Erdos85.H3TripleCompletion.triplePart_384_315._native.native_decide.ax_1_1,
 Erdos85.H3TripleCompletion.triplePart_384_316._native.native_decide.ax_1_1,
 Erdos85.H3TripleCompletion.triplePart_384_317._native.native_decide.ax_1_1,
 Erdos85.H3TripleCompletion.triplePart_384_318._native.native_decide.ax_1_1,
 Erdos85.H3TripleCompletion.triplePart_384_319._native.native_decide.ax_1_1,
 Erdos85.H3TripleCompletion.triplePart_384_320._native.native_decide.ax_1_1,
 Erdos85.H3TripleCompletion.triplePart_384_321._native.native_decide.ax_1_1,
 Erdos85.H3TripleCompletion.triplePart_384_322._native.native_decide.ax_1_1,
 Erdos85.H3TripleCompletion.triplePart_384_323._native.native_decide.ax_1_1,
 Erdos85.H3TripleCompletion.triplePart_384_324._native.native_decide.ax_1_1,
 Erdos85.H3TripleCompletion.triplePart_384_325._native.native_decide.ax_1_1,
 Erdos85.H3TripleCompletion.triplePart_384_326._native.native_decide.ax_1_1,
 Erdos85.H3TripleCompletion.triplePart_384_327._native.native_decide.ax_1_1,
 Erdos85.H3TripleCompletion.triplePart_384_328._native.native_decide.ax_1_1,
 Erdos85.H3TripleCompletion.triplePart_384_329._native.native_decide.ax_1_1,
 Erdos85.H3TripleCompletion.triplePart_384_330._native.native_decide.ax_1_1,
 Erdos85.H3TripleCompletion.triplePart_384_331._native.native_decide.ax_1_1,
 Erdos85.H3TripleCompletion.triplePart_384_332._native.native_decide.ax_1_1,
 Erdos85.H3TripleCompletion.triplePart_384_333._native.native_decide.ax_1_1,
 Erdos85.H3TripleCompletion.triplePart_384_334._native.native_decide.ax_1_1,
 Erdos85.H3TripleCompletion.triplePart_384_335._native.native_decide.ax_1_1,
 Erdos85.H3TripleCompletion.triplePart_384_336._native.native_decide.ax_1_1,
 Erdos85.H3TripleCompletion.triplePart_384_337._native.native_decide.ax_1_1,
 Erdos85.H3TripleCompletion.triplePart_384_338._native.native_decide.ax_1_1,
 Erdos85.H3TripleCompletion.triplePart_384_339._native.native_decide.ax_1_1,
 Erdos85.H3TripleCompletion.triplePart_384_340._native.native_decide.ax_1_1,
 Erdos85.H3TripleCompletion.triplePart_384_341._native.native_decide.ax_1_1,
 Erdos85.H3TripleCompletion.triplePart_384_342._native.native_decide.ax_1_1,
 Erdos85.H3TripleCompletion.triplePart_384_343._native.native_decide.ax_1_1,
 Erdos85.H3TripleCompletion.triplePart_384_344._native.native_decide.ax_1_1,
 Erdos85.H3TripleCompletion.triplePart_384_345._native.native_decide.ax_1_1,
 Erdos85.H3TripleCompletion.triplePart_384_346._native.native_decide.ax_1_1,
 Erdos85.H3TripleCompletion.triplePart_384_347._native.native_decide.ax_1_1,
 Erdos85.H3TripleCompletion.triplePart_384_348._native.native_decide.ax_1_1,
 Erdos85.H3TripleCompletion.triplePart_384_349._native.native_decide.ax_1_1,
 Erdos85.H3TripleCompletion.triplePart_384_350._native.native_decide.ax_1_1,
 Erdos85.H3TripleCompletion.triplePart_384_351._native.native_decide.ax_1_1,
 Erdos85.H3TripleCompletion.triplePart_384_352._native.native_decide.ax_1_1,
 Erdos85.H3TripleCompletion.triplePart_384_353._native.native_decide.ax_1_1,
 Erdos85.H3TripleCompletion.triplePart_384_354._native.native_decide.ax_1_1,
 Erdos85.H3TripleCompletion.triplePart_384_355._native.native_decide.ax_1_1,
 Erdos85.H3TripleCompletion.triplePart_384_356._native.native_decide.ax_1_1,
 Erdos85.H3TripleCompletion.triplePart_384_357._native.native_decide.ax_1_1,
 Erdos85.H3TripleCompletion.triplePart_384_358._native.native_decide.ax_1_1,
 Erdos85.H3TripleCompletion.triplePart_384_359._native.native_decide.ax_1_1,
 Erdos85.H3TripleCompletion.triplePart_384_360._native.native_decide.ax_1_1,
 Erdos85.H3TripleCompletion.triplePart_384_361._native.native_decide.ax_1_1,
 Erdos85.H3TripleCompletion.triplePart_384_362._native.native_decide.ax_1_1,
 Erdos85.H3TripleCompletion.triplePart_384_363._native.native_decide.ax_1_1,
 Erdos85.H3TripleCompletion.triplePart_384_364._native.native_decide.ax_1_1,
 Erdos85.H3TripleCompletion.triplePart_384_365._native.native_decide.ax_1_1,
 Erdos85.H3TripleCompletion.triplePart_384_366._native.native_decide.ax_1_1,
 Erdos85.H3TripleCompletion.triplePart_384_367._native.native_decide.ax_1_1,
 Erdos85.H3TripleCompletion.triplePart_384_368._native.native_decide.ax_1_1,
 Erdos85.H3TripleCompletion.triplePart_384_369._native.native_decide.ax_1_1,
 Erdos85.H3TripleCompletion.triplePart_384_370._native.native_decide.ax_1_1,
 Erdos85.H3TripleCompletion.triplePart_384_371._native.native_decide.ax_1_1,
 Erdos85.H3TripleCompletion.triplePart_384_372._native.native_decide.ax_1_1,
 Erdos85.H3TripleCompletion.triplePart_384_373._native.native_decide.ax_1_1,
 Erdos85.H3TripleCompletion.triplePart_384_374._native.native_decide.ax_1_1,
 Erdos85.H3TripleCompletion.triplePart_384_375._native.native_decide.ax_1_1,
 Erdos85.H3TripleCompletion.triplePart_384_376._native.native_decide.ax_1_1,
 Erdos85.H3TripleCompletion.triplePart_384_377._native.native_decide.ax_1_1,
 Erdos85.H3TripleCompletion.triplePart_384_378._native.native_decide.ax_1_1,
 Erdos85.H3TripleCompletion.triplePart_384_379._native.native_decide.ax_1_1,
 Erdos85.H3TripleCompletion.triplePart_384_380._native.native_decide.ax_1_1,
 Erdos85.H3TripleCompletion.triplePart_384_381._native.native_decide.ax_1_1,
 Erdos85.H3TripleCompletion.triplePart_384_382._native.native_decide.ax_1_1,
 Erdos85.H3TripleCompletion.triplePart_384_383._native.native_decide.ax_1_1]
'Erdos85.H3TripleCompletion.orderFortyNineTripleCellExcluded_three_one' depends on axioms: [propext,
 Classical.choice,
 Quot.sound,
 Erdos85.H3TripleCompletion.triplePart_384_000._native.native_decide.ax_1_1,
 Erdos85.H3TripleCompletion.triplePart_384_001._native.native_decide.ax_1_1,
 Erdos85.H3TripleCompletion.triplePart_384_002._native.native_decide.ax_1_1,
 Erdos85.H3TripleCompletion.triplePart_384_003._native.native_decide.ax_1_1,
 Erdos85.H3TripleCompletion.triplePart_384_004._native.native_decide.ax_1_1,
 Erdos85.H3TripleCompletion.triplePart_384_005._native.native_decide.ax_1_1,
 Erdos85.H3TripleCompletion.triplePart_384_006._native.native_decide.ax_1_1,
 Erdos85.H3TripleCompletion.triplePart_384_007._native.native_decide.ax_1_1,
 Erdos85.H3TripleCompletion.triplePart_384_008._native.native_decide.ax_1_1,
 Erdos85.H3TripleCompletion.triplePart_384_009._native.native_decide.ax_1_1,
 Erdos85.H3TripleCompletion.triplePart_384_010._native.native_decide.ax_1_1,
 Erdos85.H3TripleCompletion.triplePart_384_011._native.native_decide.ax_1_1,
 Erdos85.H3TripleCompletion.triplePart_384_012._native.native_decide.ax_1_1,
 Erdos85.H3TripleCompletion.triplePart_384_013._native.native_decide.ax_1_1,
 Erdos85.H3TripleCompletion.triplePart_384_014._native.native_decide.ax_1_1,
 Erdos85.H3TripleCompletion.triplePart_384_015._native.native_decide.ax_1_1,
 Erdos85.H3TripleCompletion.triplePart_384_016._native.native_decide.ax_1_1,
 Erdos85.H3TripleCompletion.triplePart_384_017._native.native_decide.ax_1_1,
 Erdos85.H3TripleCompletion.triplePart_384_018._native.native_decide.ax_1_1,
 Erdos85.H3TripleCompletion.triplePart_384_019._native.native_decide.ax_1_1,
 Erdos85.H3TripleCompletion.triplePart_384_020._native.native_decide.ax_1_1,
 Erdos85.H3TripleCompletion.triplePart_384_021._native.native_decide.ax_1_1,
 Erdos85.H3TripleCompletion.triplePart_384_022._native.native_decide.ax_1_1,
 Erdos85.H3TripleCompletion.triplePart_384_023._native.native_decide.ax_1_1,
 Erdos85.H3TripleCompletion.triplePart_384_024._native.native_decide.ax_1_1,
 Erdos85.H3TripleCompletion.triplePart_384_025._native.native_decide.ax_1_1,
 Erdos85.H3TripleCompletion.triplePart_384_026._native.native_decide.ax_1_1,
 Erdos85.H3TripleCompletion.triplePart_384_027._native.native_decide.ax_1_1,
 Erdos85.H3TripleCompletion.triplePart_384_028._native.native_decide.ax_1_1,
 Erdos85.H3TripleCompletion.triplePart_384_029._native.native_decide.ax_1_1,
 Erdos85.H3TripleCompletion.triplePart_384_030._native.native_decide.ax_1_1,
 Erdos85.H3TripleCompletion.triplePart_384_031._native.native_decide.ax_1_1,
 Erdos85.H3TripleCompletion.triplePart_384_032._native.native_decide.ax_1_1,
 Erdos85.H3TripleCompletion.triplePart_384_033._native.native_decide.ax_1_1,
 Erdos85.H3TripleCompletion.triplePart_384_034._native.native_decide.ax_1_1,
 Erdos85.H3TripleCompletion.triplePart_384_035._native.native_decide.ax_1_1,
 Erdos85.H3TripleCompletion.triplePart_384_036._native.native_decide.ax_1_1,
 Erdos85.H3TripleCompletion.triplePart_384_037._native.native_decide.ax_1_1,
 Erdos85.H3TripleCompletion.triplePart_384_038._native.native_decide.ax_1_1,
 Erdos85.H3TripleCompletion.triplePart_384_039._native.native_decide.ax_1_1,
 Erdos85.H3TripleCompletion.triplePart_384_040._native.native_decide.ax_1_1,
 Erdos85.H3TripleCompletion.triplePart_384_041._native.native_decide.ax_1_1,
 Erdos85.H3TripleCompletion.triplePart_384_042._native.native_decide.ax_1_1,
 Erdos85.H3TripleCompletion.triplePart_384_043._native.native_decide.ax_1_1,
 Erdos85.H3TripleCompletion.triplePart_384_044._native.native_decide.ax_1_1,
 Erdos85.H3TripleCompletion.triplePart_384_045._native.native_decide.ax_1_1,
 Erdos85.H3TripleCompletion.triplePart_384_046._native.native_decide.ax_1_1,
 Erdos85.H3TripleCompletion.triplePart_384_047._native.native_decide.ax_1_1,
 Erdos85.H3TripleCompletion.triplePart_384_048._native.native_decide.ax_1_1,
 Erdos85.H3TripleCompletion.triplePart_384_049._native.native_decide.ax_1_1,
 Erdos85.H3TripleCompletion.triplePart_384_050._native.native_decide.ax_1_1,
 Erdos85.H3TripleCompletion.triplePart_384_051._native.native_decide.ax_1_1,
 Erdos85.H3TripleCompletion.triplePart_384_052._native.native_decide.ax_1_1,
 Erdos85.H3TripleCompletion.triplePart_384_053._native.native_decide.ax_1_1,
 Erdos85.H3TripleCompletion.triplePart_384_054._native.native_decide.ax_1_1,
 Erdos85.H3TripleCompletion.triplePart_384_055._native.native_decide.ax_1_1,
 Erdos85.H3TripleCompletion.triplePart_384_056._native.native_decide.ax_1_1,
 Erdos85.H3TripleCompletion.triplePart_384_057._native.native_decide.ax_1_1,
 Erdos85.H3TripleCompletion.triplePart_384_058._native.native_decide.ax_1_1,
 Erdos85.H3TripleCompletion.triplePart_384_059._native.native_decide.ax_1_1,
 Erdos85.H3TripleCompletion.triplePart_384_060._native.native_decide.ax_1_1,
 Erdos85.H3TripleCompletion.triplePart_384_061._native.native_decide.ax_1_1,
 Erdos85.H3TripleCompletion.triplePart_384_062._native.native_decide.ax_1_1,
 Erdos85.H3TripleCompletion.triplePart_384_063._native.native_decide.ax_1_1,
 Erdos85.H3TripleCompletion.triplePart_384_064._native.native_decide.ax_1_1,
 Erdos85.H3TripleCompletion.triplePart_384_065._native.native_decide.ax_1_1,
 Erdos85.H3TripleCompletion.triplePart_384_066._native.native_decide.ax_1_1,
 Erdos85.H3TripleCompletion.triplePart_384_067._native.native_decide.ax_1_1,
 Erdos85.H3TripleCompletion.triplePart_384_068._native.native_decide.ax_1_1,
 Erdos85.H3TripleCompletion.triplePart_384_069._native.native_decide.ax_1_1,
 Erdos85.H3TripleCompletion.triplePart_384_070._native.native_decide.ax_1_1,
 Erdos85.H3TripleCompletion.triplePart_384_071._native.native_decide.ax_1_1,
 Erdos85.H3TripleCompletion.triplePart_384_072._native.native_decide.ax_1_1,
 Erdos85.H3TripleCompletion.triplePart_384_073._native.native_decide.ax_1_1,
 Erdos85.H3TripleCompletion.triplePart_384_074._native.native_decide.ax_1_1,
 Erdos85.H3TripleCompletion.triplePart_384_075._native.native_decide.ax_1_1,
 Erdos85.H3TripleCompletion.triplePart_384_076._native.native_decide.ax_1_1,
 Erdos85.H3TripleCompletion.triplePart_384_077._native.native_decide.ax_1_1,
 Erdos85.H3TripleCompletion.triplePart_384_078._native.native_decide.ax_1_1,
 Erdos85.H3TripleCompletion.triplePart_384_079._native.native_decide.ax_1_1,
 Erdos85.H3TripleCompletion.triplePart_384_080._native.native_decide.ax_1_1,
 Erdos85.H3TripleCompletion.triplePart_384_081._native.native_decide.ax_1_1,
 Erdos85.H3TripleCompletion.triplePart_384_082._native.native_decide.ax_1_1,
 Erdos85.H3TripleCompletion.triplePart_384_083._native.native_decide.ax_1_1,
 Erdos85.H3TripleCompletion.triplePart_384_084._native.native_decide.ax_1_1,
 Erdos85.H3TripleCompletion.triplePart_384_085._native.native_decide.ax_1_1,
 Erdos85.H3TripleCompletion.triplePart_384_086._native.native_decide.ax_1_1,
 Erdos85.H3TripleCompletion.triplePart_384_087._native.native_decide.ax_1_1,
 Erdos85.H3TripleCompletion.triplePart_384_088._native.native_decide.ax_1_1,
 Erdos85.H3TripleCompletion.triplePart_384_089._native.native_decide.ax_1_1,
 Erdos85.H3TripleCompletion.triplePart_384_090._native.native_decide.ax_1_1,
 Erdos85.H3TripleCompletion.triplePart_384_091._native.native_decide.ax_1_1,
 Erdos85.H3TripleCompletion.triplePart_384_092._native.native_decide.ax_1_1,
 Erdos85.H3TripleCompletion.triplePart_384_093._native.native_decide.ax_1_1,
 Erdos85.H3TripleCompletion.triplePart_384_094._native.native_decide.ax_1_1,
 Erdos85.H3TripleCompletion.triplePart_384_095._native.native_decide.ax_1_1,
 Erdos85.H3TripleCompletion.triplePart_384_096._native.native_decide.ax_1_1,
 Erdos85.H3TripleCompletion.triplePart_384_097._native.native_decide.ax_1_1,
 Erdos85.H3TripleCompletion.triplePart_384_098._native.native_decide.ax_1_1,
 Erdos85.H3TripleCompletion.triplePart_384_099._native.native_decide.ax_1_1,
 Erdos85.H3TripleCompletion.triplePart_384_100._native.native_decide.ax_1_1,
 Erdos85.H3TripleCompletion.triplePart_384_101._native.native_decide.ax_1_1,
 Erdos85.H3TripleCompletion.triplePart_384_102._native.native_decide.ax_1_1,
 Erdos85.H3TripleCompletion.triplePart_384_103._native.native_decide.ax_1_1,
 Erdos85.H3TripleCompletion.triplePart_384_104._native.native_decide.ax_1_1,
 Erdos85.H3TripleCompletion.triplePart_384_105._native.native_decide.ax_1_1,
 Erdos85.H3TripleCompletion.triplePart_384_106._native.native_decide.ax_1_1,
 Erdos85.H3TripleCompletion.triplePart_384_107._native.native_decide.ax_1_1,
 Erdos85.H3TripleCompletion.triplePart_384_108._native.native_decide.ax_1_1,
 Erdos85.H3TripleCompletion.triplePart_384_109._native.native_decide.ax_1_1,
 Erdos85.H3TripleCompletion.triplePart_384_110._native.native_decide.ax_1_1,
 Erdos85.H3TripleCompletion.triplePart_384_111._native.native_decide.ax_1_1,
 Erdos85.H3TripleCompletion.triplePart_384_112._native.native_decide.ax_1_1,
 Erdos85.H3TripleCompletion.triplePart_384_113._native.native_decide.ax_1_1,
 Erdos85.H3TripleCompletion.triplePart_384_114._native.native_decide.ax_1_1,
 Erdos85.H3TripleCompletion.triplePart_384_115._native.native_decide.ax_1_1,
 Erdos85.H3TripleCompletion.triplePart_384_116._native.native_decide.ax_1_1,
 Erdos85.H3TripleCompletion.triplePart_384_117._native.native_decide.ax_1_1,
 Erdos85.H3TripleCompletion.triplePart_384_118._native.native_decide.ax_1_1,
 Erdos85.H3TripleCompletion.triplePart_384_119._native.native_decide.ax_1_1,
 Erdos85.H3TripleCompletion.triplePart_384_120._native.native_decide.ax_1_1,
 Erdos85.H3TripleCompletion.triplePart_384_121._native.native_decide.ax_1_1,
 Erdos85.H3TripleCompletion.triplePart_384_122._native.native_decide.ax_1_1,
 Erdos85.H3TripleCompletion.triplePart_384_123._native.native_decide.ax_1_1,
 Erdos85.H3TripleCompletion.triplePart_384_124._native.native_decide.ax_1_1,
 Erdos85.H3TripleCompletion.triplePart_384_125._native.native_decide.ax_1_1,
 Erdos85.H3TripleCompletion.triplePart_384_126._native.native_decide.ax_1_1,
 Erdos85.H3TripleCompletion.triplePart_384_127._native.native_decide.ax_1_1,
 Erdos85.H3TripleCompletion.triplePart_384_128._native.native_decide.ax_1_1,
 Erdos85.H3TripleCompletion.triplePart_384_129._native.native_decide.ax_1_1,
 Erdos85.H3TripleCompletion.triplePart_384_130._native.native_decide.ax_1_1,
 Erdos85.H3TripleCompletion.triplePart_384_131._native.native_decide.ax_1_1,
 Erdos85.H3TripleCompletion.triplePart_384_132._native.native_decide.ax_1_1,
 Erdos85.H3TripleCompletion.triplePart_384_133._native.native_decide.ax_1_1,
 Erdos85.H3TripleCompletion.triplePart_384_134._native.native_decide.ax_1_1,
 Erdos85.H3TripleCompletion.triplePart_384_135._native.native_decide.ax_1_1,
 Erdos85.H3TripleCompletion.triplePart_384_136._native.native_decide.ax_1_1,
 Erdos85.H3TripleCompletion.triplePart_384_137._native.native_decide.ax_1_1,
 Erdos85.H3TripleCompletion.triplePart_384_138._native.native_decide.ax_1_1,
 Erdos85.H3TripleCompletion.triplePart_384_139._native.native_decide.ax_1_1,
 Erdos85.H3TripleCompletion.triplePart_384_140._native.native_decide.ax_1_1,
 Erdos85.H3TripleCompletion.triplePart_384_141._native.native_decide.ax_1_1,
 Erdos85.H3TripleCompletion.triplePart_384_142._native.native_decide.ax_1_1,
 Erdos85.H3TripleCompletion.triplePart_384_143._native.native_decide.ax_1_1,
 Erdos85.H3TripleCompletion.triplePart_384_144._native.native_decide.ax_1_1,
 Erdos85.H3TripleCompletion.triplePart_384_145._native.native_decide.ax_1_1,
 Erdos85.H3TripleCompletion.triplePart_384_146._native.native_decide.ax_1_1,
 Erdos85.H3TripleCompletion.triplePart_384_147._native.native_decide.ax_1_1,
 Erdos85.H3TripleCompletion.triplePart_384_148._native.native_decide.ax_1_1,
 Erdos85.H3TripleCompletion.triplePart_384_149._native.native_decide.ax_1_1,
 Erdos85.H3TripleCompletion.triplePart_384_150._native.native_decide.ax_1_1,
 Erdos85.H3TripleCompletion.triplePart_384_151._native.native_decide.ax_1_1,
 Erdos85.H3TripleCompletion.triplePart_384_152._native.native_decide.ax_1_1,
 Erdos85.H3TripleCompletion.triplePart_384_153._native.native_decide.ax_1_1,
 Erdos85.H3TripleCompletion.triplePart_384_154._native.native_decide.ax_1_1,
 Erdos85.H3TripleCompletion.triplePart_384_155._native.native_decide.ax_1_1,
 Erdos85.H3TripleCompletion.triplePart_384_156._native.native_decide.ax_1_1,
 Erdos85.H3TripleCompletion.triplePart_384_157._native.native_decide.ax_1_1,
 Erdos85.H3TripleCompletion.triplePart_384_158._native.native_decide.ax_1_1,
 Erdos85.H3TripleCompletion.triplePart_384_159._native.native_decide.ax_1_1,
 Erdos85.H3TripleCompletion.triplePart_384_160._native.native_decide.ax_1_1,
 Erdos85.H3TripleCompletion.triplePart_384_161._native.native_decide.ax_1_1,
 Erdos85.H3TripleCompletion.triplePart_384_162._native.native_decide.ax_1_1,
 Erdos85.H3TripleCompletion.triplePart_384_163._native.native_decide.ax_1_1,
 Erdos85.H3TripleCompletion.triplePart_384_164._native.native_decide.ax_1_1,
 Erdos85.H3TripleCompletion.triplePart_384_165._native.native_decide.ax_1_1,
 Erdos85.H3TripleCompletion.triplePart_384_166._native.native_decide.ax_1_1,
 Erdos85.H3TripleCompletion.triplePart_384_167._native.native_decide.ax_1_1,
 Erdos85.H3TripleCompletion.triplePart_384_168._native.native_decide.ax_1_1,
 Erdos85.H3TripleCompletion.triplePart_384_169._native.native_decide.ax_1_1,
 Erdos85.H3TripleCompletion.triplePart_384_170._native.native_decide.ax_1_1,
 Erdos85.H3TripleCompletion.triplePart_384_171._native.native_decide.ax_1_1,
 Erdos85.H3TripleCompletion.triplePart_384_172._native.native_decide.ax_1_1,
 Erdos85.H3TripleCompletion.triplePart_384_173._native.native_decide.ax_1_1,
 Erdos85.H3TripleCompletion.triplePart_384_174._native.native_decide.ax_1_1,
 Erdos85.H3TripleCompletion.triplePart_384_175._native.native_decide.ax_1_1,
 Erdos85.H3TripleCompletion.triplePart_384_176._native.native_decide.ax_1_1,
 Erdos85.H3TripleCompletion.triplePart_384_177._native.native_decide.ax_1_1,
 Erdos85.H3TripleCompletion.triplePart_384_178._native.native_decide.ax_1_1,
 Erdos85.H3TripleCompletion.triplePart_384_179._native.native_decide.ax_1_1,
 Erdos85.H3TripleCompletion.triplePart_384_180._native.native_decide.ax_1_1,
 Erdos85.H3TripleCompletion.triplePart_384_181._native.native_decide.ax_1_1,
 Erdos85.H3TripleCompletion.triplePart_384_182._native.native_decide.ax_1_1,
 Erdos85.H3TripleCompletion.triplePart_384_183._native.native_decide.ax_1_1,
 Erdos85.H3TripleCompletion.triplePart_384_184._native.native_decide.ax_1_1,
 Erdos85.H3TripleCompletion.triplePart_384_185._native.native_decide.ax_1_1,
 Erdos85.H3TripleCompletion.triplePart_384_186._native.native_decide.ax_1_1,
 Erdos85.H3TripleCompletion.triplePart_384_187._native.native_decide.ax_1_1,
 Erdos85.H3TripleCompletion.triplePart_384_188._native.native_decide.ax_1_1,
 Erdos85.H3TripleCompletion.triplePart_384_189._native.native_decide.ax_1_1,
 Erdos85.H3TripleCompletion.triplePart_384_190._native.native_decide.ax_1_1,
 Erdos85.H3TripleCompletion.triplePart_384_191._native.native_decide.ax_1_1,
 Erdos85.H3TripleCompletion.triplePart_384_192._native.native_decide.ax_1_1,
 Erdos85.H3TripleCompletion.triplePart_384_193._native.native_decide.ax_1_1,
 Erdos85.H3TripleCompletion.triplePart_384_194._native.native_decide.ax_1_1,
 Erdos85.H3TripleCompletion.triplePart_384_195._native.native_decide.ax_1_1,
 Erdos85.H3TripleCompletion.triplePart_384_196._native.native_decide.ax_1_1,
 Erdos85.H3TripleCompletion.triplePart_384_197._native.native_decide.ax_1_1,
 Erdos85.H3TripleCompletion.triplePart_384_198._native.native_decide.ax_1_1,
 Erdos85.H3TripleCompletion.triplePart_384_199._native.native_decide.ax_1_1,
 Erdos85.H3TripleCompletion.triplePart_384_200._native.native_decide.ax_1_1,
 Erdos85.H3TripleCompletion.triplePart_384_201._native.native_decide.ax_1_1,
 Erdos85.H3TripleCompletion.triplePart_384_202._native.native_decide.ax_1_1,
 Erdos85.H3TripleCompletion.triplePart_384_203._native.native_decide.ax_1_1,
 Erdos85.H3TripleCompletion.triplePart_384_204._native.native_decide.ax_1_1,
 Erdos85.H3TripleCompletion.triplePart_384_205._native.native_decide.ax_1_1,
 Erdos85.H3TripleCompletion.triplePart_384_206._native.native_decide.ax_1_1,
 Erdos85.H3TripleCompletion.triplePart_384_207._native.native_decide.ax_1_1,
 Erdos85.H3TripleCompletion.triplePart_384_208._native.native_decide.ax_1_1,
 Erdos85.H3TripleCompletion.triplePart_384_209._native.native_decide.ax_1_1,
 Erdos85.H3TripleCompletion.triplePart_384_210._native.native_decide.ax_1_1,
 Erdos85.H3TripleCompletion.triplePart_384_211._native.native_decide.ax_1_1,
 Erdos85.H3TripleCompletion.triplePart_384_212._native.native_decide.ax_1_1,
 Erdos85.H3TripleCompletion.triplePart_384_213._native.native_decide.ax_1_1,
 Erdos85.H3TripleCompletion.triplePart_384_214._native.native_decide.ax_1_1,
 Erdos85.H3TripleCompletion.triplePart_384_215._native.native_decide.ax_1_1,
 Erdos85.H3TripleCompletion.triplePart_384_216._native.native_decide.ax_1_1,
 Erdos85.H3TripleCompletion.triplePart_384_217._native.native_decide.ax_1_1,
 Erdos85.H3TripleCompletion.triplePart_384_218._native.native_decide.ax_1_1,
 Erdos85.H3TripleCompletion.triplePart_384_219._native.native_decide.ax_1_1,
 Erdos85.H3TripleCompletion.triplePart_384_220._native.native_decide.ax_1_1,
 Erdos85.H3TripleCompletion.triplePart_384_221._native.native_decide.ax_1_1,
 Erdos85.H3TripleCompletion.triplePart_384_222._native.native_decide.ax_1_1,
 Erdos85.H3TripleCompletion.triplePart_384_223._native.native_decide.ax_1_1,
 Erdos85.H3TripleCompletion.triplePart_384_224._native.native_decide.ax_1_1,
 Erdos85.H3TripleCompletion.triplePart_384_225._native.native_decide.ax_1_1,
 Erdos85.H3TripleCompletion.triplePart_384_226._native.native_decide.ax_1_1,
 Erdos85.H3TripleCompletion.triplePart_384_227._native.native_decide.ax_1_1,
 Erdos85.H3TripleCompletion.triplePart_384_228._native.native_decide.ax_1_1,
 Erdos85.H3TripleCompletion.triplePart_384_229._native.native_decide.ax_1_1,
 Erdos85.H3TripleCompletion.triplePart_384_230._native.native_decide.ax_1_1,
 Erdos85.H3TripleCompletion.triplePart_384_231._native.native_decide.ax_1_1,
 Erdos85.H3TripleCompletion.triplePart_384_232._native.native_decide.ax_1_1,
 Erdos85.H3TripleCompletion.triplePart_384_233._native.native_decide.ax_1_1,
 Erdos85.H3TripleCompletion.triplePart_384_234._native.native_decide.ax_1_1,
 Erdos85.H3TripleCompletion.triplePart_384_235._native.native_decide.ax_1_1,
 Erdos85.H3TripleCompletion.triplePart_384_236._native.native_decide.ax_1_1,
 Erdos85.H3TripleCompletion.triplePart_384_237._native.native_decide.ax_1_1,
 Erdos85.H3TripleCompletion.triplePart_384_238._native.native_decide.ax_1_1,
 Erdos85.H3TripleCompletion.triplePart_384_239._native.native_decide.ax_1_1,
 Erdos85.H3TripleCompletion.triplePart_384_240._native.native_decide.ax_1_1,
 Erdos85.H3TripleCompletion.triplePart_384_241._native.native_decide.ax_1_1,
 Erdos85.H3TripleCompletion.triplePart_384_242._native.native_decide.ax_1_1,
 Erdos85.H3TripleCompletion.triplePart_384_243._native.native_decide.ax_1_1,
 Erdos85.H3TripleCompletion.triplePart_384_244._native.native_decide.ax_1_1,
 Erdos85.H3TripleCompletion.triplePart_384_245._native.native_decide.ax_1_1,
 Erdos85.H3TripleCompletion.triplePart_384_246._native.native_decide.ax_1_1,
 Erdos85.H3TripleCompletion.triplePart_384_247._native.native_decide.ax_1_1,
 Erdos85.H3TripleCompletion.triplePart_384_248._native.native_decide.ax_1_1,
 Erdos85.H3TripleCompletion.triplePart_384_249._native.native_decide.ax_1_1,
 Erdos85.H3TripleCompletion.triplePart_384_250._native.native_decide.ax_1_1,
 Erdos85.H3TripleCompletion.triplePart_384_251._native.native_decide.ax_1_1,
 Erdos85.H3TripleCompletion.triplePart_384_252._native.native_decide.ax_1_1,
 Erdos85.H3TripleCompletion.triplePart_384_253._native.native_decide.ax_1_1,
 Erdos85.H3TripleCompletion.triplePart_384_254._native.native_decide.ax_1_1,
 Erdos85.H3TripleCompletion.triplePart_384_255._native.native_decide.ax_1_1,
 Erdos85.H3TripleCompletion.triplePart_384_256._native.native_decide.ax_1_1,
 Erdos85.H3TripleCompletion.triplePart_384_257._native.native_decide.ax_1_1,
 Erdos85.H3TripleCompletion.triplePart_384_258._native.native_decide.ax_1_1,
 Erdos85.H3TripleCompletion.triplePart_384_259._native.native_decide.ax_1_1,
 Erdos85.H3TripleCompletion.triplePart_384_260._native.native_decide.ax_1_1,
 Erdos85.H3TripleCompletion.triplePart_384_261._native.native_decide.ax_1_1,
 Erdos85.H3TripleCompletion.triplePart_384_262._native.native_decide.ax_1_1,
 Erdos85.H3TripleCompletion.triplePart_384_263._native.native_decide.ax_1_1,
 Erdos85.H3TripleCompletion.triplePart_384_264._native.native_decide.ax_1_1,
 Erdos85.H3TripleCompletion.triplePart_384_265._native.native_decide.ax_1_1,
 Erdos85.H3TripleCompletion.triplePart_384_266._native.native_decide.ax_1_1,
 Erdos85.H3TripleCompletion.triplePart_384_267._native.native_decide.ax_1_1,
 Erdos85.H3TripleCompletion.triplePart_384_268._native.native_decide.ax_1_1,
 Erdos85.H3TripleCompletion.triplePart_384_269._native.native_decide.ax_1_1,
 Erdos85.H3TripleCompletion.triplePart_384_270._native.native_decide.ax_1_1,
 Erdos85.H3TripleCompletion.triplePart_384_271._native.native_decide.ax_1_1,
 Erdos85.H3TripleCompletion.triplePart_384_272._native.native_decide.ax_1_1,
 Erdos85.H3TripleCompletion.triplePart_384_273._native.native_decide.ax_1_1,
 Erdos85.H3TripleCompletion.triplePart_384_274._native.native_decide.ax_1_1,
 Erdos85.H3TripleCompletion.triplePart_384_275._native.native_decide.ax_1_1,
 Erdos85.H3TripleCompletion.triplePart_384_276._native.native_decide.ax_1_1,
 Erdos85.H3TripleCompletion.triplePart_384_277._native.native_decide.ax_1_1,
 Erdos85.H3TripleCompletion.triplePart_384_278._native.native_decide.ax_1_1,
 Erdos85.H3TripleCompletion.triplePart_384_279._native.native_decide.ax_1_1,
 Erdos85.H3TripleCompletion.triplePart_384_280._native.native_decide.ax_1_1,
 Erdos85.H3TripleCompletion.triplePart_384_281._native.native_decide.ax_1_1,
 Erdos85.H3TripleCompletion.triplePart_384_282._native.native_decide.ax_1_1,
 Erdos85.H3TripleCompletion.triplePart_384_283._native.native_decide.ax_1_1,
 Erdos85.H3TripleCompletion.triplePart_384_284._native.native_decide.ax_1_1,
 Erdos85.H3TripleCompletion.triplePart_384_285._native.native_decide.ax_1_1,
 Erdos85.H3TripleCompletion.triplePart_384_286._native.native_decide.ax_1_1,
 Erdos85.H3TripleCompletion.triplePart_384_287._native.native_decide.ax_1_1,
 Erdos85.H3TripleCompletion.triplePart_384_288._native.native_decide.ax_1_1,
 Erdos85.H3TripleCompletion.triplePart_384_289._native.native_decide.ax_1_1,
 Erdos85.H3TripleCompletion.triplePart_384_290._native.native_decide.ax_1_1,
 Erdos85.H3TripleCompletion.triplePart_384_291._native.native_decide.ax_1_1,
 Erdos85.H3TripleCompletion.triplePart_384_292._native.native_decide.ax_1_1,
 Erdos85.H3TripleCompletion.triplePart_384_293._native.native_decide.ax_1_1,
 Erdos85.H3TripleCompletion.triplePart_384_294._native.native_decide.ax_1_1,
 Erdos85.H3TripleCompletion.triplePart_384_295._native.native_decide.ax_1_1,
 Erdos85.H3TripleCompletion.triplePart_384_296._native.native_decide.ax_1_1,
 Erdos85.H3TripleCompletion.triplePart_384_297._native.native_decide.ax_1_1,
 Erdos85.H3TripleCompletion.triplePart_384_298._native.native_decide.ax_1_1,
 Erdos85.H3TripleCompletion.triplePart_384_299._native.native_decide.ax_1_1,
 Erdos85.H3TripleCompletion.triplePart_384_300._native.native_decide.ax_1_1,
 Erdos85.H3TripleCompletion.triplePart_384_301._native.native_decide.ax_1_1,
 Erdos85.H3TripleCompletion.triplePart_384_302._native.native_decide.ax_1_1,
 Erdos85.H3TripleCompletion.triplePart_384_303._native.native_decide.ax_1_1,
 Erdos85.H3TripleCompletion.triplePart_384_304._native.native_decide.ax_1_1,
 Erdos85.H3TripleCompletion.triplePart_384_305._native.native_decide.ax_1_1,
 Erdos85.H3TripleCompletion.triplePart_384_306._native.native_decide.ax_1_1,
 Erdos85.H3TripleCompletion.triplePart_384_307._native.native_decide.ax_1_1,
 Erdos85.H3TripleCompletion.triplePart_384_308._native.native_decide.ax_1_1,
 Erdos85.H3TripleCompletion.triplePart_384_309._native.native_decide.ax_1_1,
 Erdos85.H3TripleCompletion.triplePart_384_310._native.native_decide.ax_1_1,
 Erdos85.H3TripleCompletion.triplePart_384_311._native.native_decide.ax_1_1,
 Erdos85.H3TripleCompletion.triplePart_384_312._native.native_decide.ax_1_1,
 Erdos85.H3TripleCompletion.triplePart_384_313._native.native_decide.ax_1_1,
 Erdos85.H3TripleCompletion.triplePart_384_314._native.native_decide.ax_1_1,
 Erdos85.H3TripleCompletion.triplePart_384_315._native.native_decide.ax_1_1,
 Erdos85.H3TripleCompletion.triplePart_384_316._native.native_decide.ax_1_1,
 Erdos85.H3TripleCompletion.triplePart_384_317._native.native_decide.ax_1_1,
 Erdos85.H3TripleCompletion.triplePart_384_318._native.native_decide.ax_1_1,
 Erdos85.H3TripleCompletion.triplePart_384_319._native.native_decide.ax_1_1,
 Erdos85.H3TripleCompletion.triplePart_384_320._native.native_decide.ax_1_1,
 Erdos85.H3TripleCompletion.triplePart_384_321._native.native_decide.ax_1_1,
 Erdos85.H3TripleCompletion.triplePart_384_322._native.native_decide.ax_1_1,
 Erdos85.H3TripleCompletion.triplePart_384_323._native.native_decide.ax_1_1,
 Erdos85.H3TripleCompletion.triplePart_384_324._native.native_decide.ax_1_1,
 Erdos85.H3TripleCompletion.triplePart_384_325._native.native_decide.ax_1_1,
 Erdos85.H3TripleCompletion.triplePart_384_326._native.native_decide.ax_1_1,
 Erdos85.H3TripleCompletion.triplePart_384_327._native.native_decide.ax_1_1,
 Erdos85.H3TripleCompletion.triplePart_384_328._native.native_decide.ax_1_1,
 Erdos85.H3TripleCompletion.triplePart_384_329._native.native_decide.ax_1_1,
 Erdos85.H3TripleCompletion.triplePart_384_330._native.native_decide.ax_1_1,
 Erdos85.H3TripleCompletion.triplePart_384_331._native.native_decide.ax_1_1,
 Erdos85.H3TripleCompletion.triplePart_384_332._native.native_decide.ax_1_1,
 Erdos85.H3TripleCompletion.triplePart_384_333._native.native_decide.ax_1_1,
 Erdos85.H3TripleCompletion.triplePart_384_334._native.native_decide.ax_1_1,
 Erdos85.H3TripleCompletion.triplePart_384_335._native.native_decide.ax_1_1,
 Erdos85.H3TripleCompletion.triplePart_384_336._native.native_decide.ax_1_1,
 Erdos85.H3TripleCompletion.triplePart_384_337._native.native_decide.ax_1_1,
 Erdos85.H3TripleCompletion.triplePart_384_338._native.native_decide.ax_1_1,
 Erdos85.H3TripleCompletion.triplePart_384_339._native.native_decide.ax_1_1,
 Erdos85.H3TripleCompletion.triplePart_384_340._native.native_decide.ax_1_1,
 Erdos85.H3TripleCompletion.triplePart_384_341._native.native_decide.ax_1_1,
 Erdos85.H3TripleCompletion.triplePart_384_342._native.native_decide.ax_1_1,
 Erdos85.H3TripleCompletion.triplePart_384_343._native.native_decide.ax_1_1,
 Erdos85.H3TripleCompletion.triplePart_384_344._native.native_decide.ax_1_1,
 Erdos85.H3TripleCompletion.triplePart_384_345._native.native_decide.ax_1_1,
 Erdos85.H3TripleCompletion.triplePart_384_346._native.native_decide.ax_1_1,
 Erdos85.H3TripleCompletion.triplePart_384_347._native.native_decide.ax_1_1,
 Erdos85.H3TripleCompletion.triplePart_384_348._native.native_decide.ax_1_1,
 Erdos85.H3TripleCompletion.triplePart_384_349._native.native_decide.ax_1_1,
 Erdos85.H3TripleCompletion.triplePart_384_350._native.native_decide.ax_1_1,
 Erdos85.H3TripleCompletion.triplePart_384_351._native.native_decide.ax_1_1,
 Erdos85.H3TripleCompletion.triplePart_384_352._native.native_decide.ax_1_1,
 Erdos85.H3TripleCompletion.triplePart_384_353._native.native_decide.ax_1_1,
 Erdos85.H3TripleCompletion.triplePart_384_354._native.native_decide.ax_1_1,
 Erdos85.H3TripleCompletion.triplePart_384_355._native.native_decide.ax_1_1,
 Erdos85.H3TripleCompletion.triplePart_384_356._native.native_decide.ax_1_1,
 Erdos85.H3TripleCompletion.triplePart_384_357._native.native_decide.ax_1_1,
 Erdos85.H3TripleCompletion.triplePart_384_358._native.native_decide.ax_1_1,
 Erdos85.H3TripleCompletion.triplePart_384_359._native.native_decide.ax_1_1,
 Erdos85.H3TripleCompletion.triplePart_384_360._native.native_decide.ax_1_1,
 Erdos85.H3TripleCompletion.triplePart_384_361._native.native_decide.ax_1_1,
 Erdos85.H3TripleCompletion.triplePart_384_362._native.native_decide.ax_1_1,
 Erdos85.H3TripleCompletion.triplePart_384_363._native.native_decide.ax_1_1,
 Erdos85.H3TripleCompletion.triplePart_384_364._native.native_decide.ax_1_1,
 Erdos85.H3TripleCompletion.triplePart_384_365._native.native_decide.ax_1_1,
 Erdos85.H3TripleCompletion.triplePart_384_366._native.native_decide.ax_1_1,
 Erdos85.H3TripleCompletion.triplePart_384_367._native.native_decide.ax_1_1,
 Erdos85.H3TripleCompletion.triplePart_384_368._native.native_decide.ax_1_1,
 Erdos85.H3TripleCompletion.triplePart_384_369._native.native_decide.ax_1_1,
 Erdos85.H3TripleCompletion.triplePart_384_370._native.native_decide.ax_1_1,
 Erdos85.H3TripleCompletion.triplePart_384_371._native.native_decide.ax_1_1,
 Erdos85.H3TripleCompletion.triplePart_384_372._native.native_decide.ax_1_1,
 Erdos85.H3TripleCompletion.triplePart_384_373._native.native_decide.ax_1_1,
 Erdos85.H3TripleCompletion.triplePart_384_374._native.native_decide.ax_1_1,
 Erdos85.H3TripleCompletion.triplePart_384_375._native.native_decide.ax_1_1,
 Erdos85.H3TripleCompletion.triplePart_384_376._native.native_decide.ax_1_1,
 Erdos85.H3TripleCompletion.triplePart_384_377._native.native_decide.ax_1_1,
 Erdos85.H3TripleCompletion.triplePart_384_378._native.native_decide.ax_1_1,
 Erdos85.H3TripleCompletion.triplePart_384_379._native.native_decide.ax_1_1,
 Erdos85.H3TripleCompletion.triplePart_384_380._native.native_decide.ax_1_1,
 Erdos85.H3TripleCompletion.triplePart_384_381._native.native_decide.ax_1_1,
 Erdos85.H3TripleCompletion.triplePart_384_382._native.native_decide.ax_1_1,
 Erdos85.H3TripleCompletion.triplePart_384_383._native.native_decide.ax_1_1]
