000000000002cf6c T __init_cpu_features
000000000002cd50 T __init_cpu_features_resolver
000000000002cfdc T _fini
000000000002cfc8 T _init
0000000000029260 T initialize_proofs_Proofs_Erdos85H3TripleCompletionRuntime
000000000004d740 B lp_proofs_Erdos85_H3TripleCompletion_M49
0000000000018cdc T lp_proofs_Erdos85_H3TripleCompletion_St_addEdge
0000000000018a58 T lp_proofs_Erdos85_H3TripleCompletion_St_adj
0000000000018c14 T lp_proofs_Erdos85_H3TripleCompletion_St_adj___boxed
0000000000019d08 T lp_proofs_Erdos85_H3TripleCompletion_St_allowed
000000000001a114 T lp_proofs_Erdos85_H3TripleCompletion_St_allowed___boxed
000000000001a1e8 T lp_proofs_Erdos85_H3TripleCompletion_St_tryAdd
0000000000028e44 T lp_proofs_Erdos85_H3TripleCompletion_addMany
000000000002382c T lp_proofs_Erdos85_H3TripleCompletion_addTri
000000000004d748 B lp_proofs_Erdos85_H3TripleCompletion_allTriples
000000000002756c T lp_proofs_Erdos85_H3TripleCompletion_cands3
00000000000275e4 T lp_proofs_Erdos85_H3TripleCompletion_cands3___boxed
000000000001804c T lp_proofs_Erdos85_H3TripleCompletion_capOf
0000000000018094 T lp_proofs_Erdos85_H3TripleCompletion_capOf___boxed
000000000001a3e8 T lp_proofs_Erdos85_H3TripleCompletion_clauseOpen
000000000001a6e4 T lp_proofs_Erdos85_H3TripleCompletion_clauseOpen___boxed
0000000000017f14 T lp_proofs_Erdos85_H3TripleCompletion_col
0000000000017f78 T lp_proofs_Erdos85_H3TripleCompletion_col___boxed
0000000000024444 T lp_proofs_Erdos85_H3TripleCompletion_containsM
00000000000248a0 T lp_proofs_Erdos85_H3TripleCompletion_containsM___boxed
000000000001cf0c T lp_proofs_Erdos85_H3TripleCompletion_containsV
000000000001d50c T lp_proofs_Erdos85_H3TripleCompletion_containsV___boxed
000000000004d720 B lp_proofs_Erdos85_H3TripleCompletion_coreClauses
000000000004d730 B lp_proofs_Erdos85_H3TripleCompletion_coreVerts
000000000001b5f4 T lp_proofs_Erdos85_H3TripleCompletion_dfs1
000000000001c4cc T lp_proofs_Erdos85_H3TripleCompletion_dfs1___boxed
0000000000026174 T lp_proofs_Erdos85_H3TripleCompletion_dfs2
0000000000026104 T lp_proofs_Erdos85_H3TripleCompletion_dfs2___boxed
000000000004d738 B lp_proofs_Erdos85_H3TripleCompletion_emptyVerts
000000000004d708 B lp_proofs_Erdos85_H3TripleCompletion_fiber0
000000000004d710 B lp_proofs_Erdos85_H3TripleCompletion_fiber1
000000000004d718 B lp_proofs_Erdos85_H3TripleCompletion_fiber2
0000000000018114 T lp_proofs_Erdos85_H3TripleCompletion_fiberList
00000000000182b0 T lp_proofs_Erdos85_H3TripleCompletion_fiberList___boxed
0000000000018308 T lp_proofs_Erdos85_H3TripleCompletion_fiberMask
0000000000018494 T lp_proofs_Erdos85_H3TripleCompletion_fiberMask___boxed
000000000001b584 T lp_proofs_Erdos85_H3TripleCompletion_findClause
000000000001b594 T lp_proofs_Erdos85_H3TripleCompletion_findClause___boxed
00000000000237bc T lp_proofs_Erdos85_H3TripleCompletion_findFresh
00000000000237cc T lp_proofs_Erdos85_H3TripleCompletion_findFresh___boxed
0000000000027bf8 T lp_proofs_Erdos85_H3TripleCompletion_gate3
0000000000027c08 T lp_proofs_Erdos85_H3TripleCompletion_gate3___boxed
000000000001e75c T lp_proofs_Erdos85_H3TripleCompletion_hasAllCols
000000000001f4a0 T lp_proofs_Erdos85_H3TripleCompletion_hasAllColsFast
000000000001f7f8 T lp_proofs_Erdos85_H3TripleCompletion_hasAllColsFast___boxed
000000000001e8a4 T lp_proofs_Erdos85_H3TripleCompletion_hasAllCols___boxed
000000000001e380 T lp_proofs_Erdos85_H3TripleCompletion_hasCol
000000000001e688 T lp_proofs_Erdos85_H3TripleCompletion_hasCol___boxed
000000000004d728 B lp_proofs_Erdos85_H3TripleCompletion_highVerts
00000000000263c4 T lp_proofs_Erdos85_H3TripleCompletion_initRow
0000000000026404 T lp_proofs_Erdos85_H3TripleCompletion_initRow___boxed
000000000001da64 T lp_proofs_Erdos85_H3TripleCompletion_insertable
000000000001e2e4 T lp_proofs_Erdos85_H3TripleCompletion_insertable___boxed
0000000000017dcc T lp_proofs_Erdos85_H3TripleCompletion_maskOf
0000000000017ebc T lp_proofs_Erdos85_H3TripleCompletion_maskOf___boxed
000000000001d5ac T lp_proofs_Erdos85_H3TripleCompletion_pairOK
000000000001d990 T lp_proofs_Erdos85_H3TripleCompletion_pairOK___boxed
00000000000240a4 T lp_proofs_Erdos85_H3TripleCompletion_patLoop
000000000002516c T lp_proofs_Erdos85_H3TripleCompletion_patLoopSplit
000000000002523c T lp_proofs_Erdos85_H3TripleCompletion_patLoopSplit___boxed
0000000000024424 T lp_proofs_Erdos85_H3TripleCompletion_patLoop___boxed
00000000000289e0 T lp_proofs_Erdos85_H3TripleCompletion_pick3
0000000000028df0 T lp_proofs_Erdos85_H3TripleCompletion_pick3___boxed
0000000000022c74 T lp_proofs_Erdos85_H3TripleCompletion_pickCore
0000000000023238 T lp_proofs_Erdos85_H3TripleCompletion_pickCore___boxed
000000000004d750 B lp_proofs_Erdos85_H3TripleCompletion_s0
00000000000268a4 T lp_proofs_Erdos85_H3TripleCompletion_s0___lam__0
00000000000268d0 T lp_proofs_Erdos85_H3TripleCompletion_s0___lam__0___boxed
0000000000026eac T lp_proofs_Erdos85_H3TripleCompletion_stKey
0000000000027000 T lp_proofs_Erdos85_H3TripleCompletion_stKey___boxed
000000000001f384 T lp_proofs_Erdos85_H3TripleCompletion_stateOK
0000000000020598 T lp_proofs_Erdos85_H3TripleCompletion_stateOKFast
0000000000020610 T lp_proofs_Erdos85_H3TripleCompletion_stateOKFast___boxed
000000000001f3f4 T lp_proofs_Erdos85_H3TripleCompletion_stateOK___boxed
00000000000254ac T lp_proofs_Erdos85_H3TripleCompletion_step2
0000000000025d38 T lp_proofs_Erdos85_H3TripleCompletion_step2___boxed
00000000000252a0 T lp_proofs_Erdos85_H3TripleCompletion_step2___lam__0
0000000000025488 T lp_proofs_Erdos85_H3TripleCompletion_step2___lam__0___boxed
0000000000021650 T lp_proofs_Erdos85_H3TripleCompletion_triCounts
00000000000216c0 T lp_proofs_Erdos85_H3TripleCompletion_triCounts___boxed
000000000001b004 T lp_proofs_Erdos85_H3TripleCompletion_twinSkip
000000000001b090 T lp_proofs_Erdos85_H3TripleCompletion_twinSkip___boxed
0000000000019824 T lp_proofs_List_all___at___00Erdos85_H3TripleCompletion_St_allowed_spec__0
0000000000019c34 T lp_proofs_List_all___at___00Erdos85_H3TripleCompletion_St_allowed_spec__0___boxed
000000000001be58 T lp_proofs_List_all___at___00Erdos85_H3TripleCompletion_dfs1_spec__0
000000000001c424 T lp_proofs_List_all___at___00Erdos85_H3TripleCompletion_dfs1_spec__0___boxed
0000000000020088 T lp_proofs_List_all___at___00Erdos85_H3TripleCompletion_stateOKFast_spec__0
00000000000204f4 T lp_proofs_List_all___at___00Erdos85_H3TripleCompletion_stateOKFast_spec__0___boxed
000000000001f898 T lp_proofs_List_all___at___00Erdos85_H3TripleCompletion_stateOKFast_spec__1
000000000001fff0 T lp_proofs_List_all___at___00Erdos85_H3TripleCompletion_stateOKFast_spec__1___boxed
000000000001efa4 T lp_proofs_List_all___at___00Erdos85_H3TripleCompletion_stateOK_spec__0
000000000001f2e4 T lp_proofs_List_all___at___00Erdos85_H3TripleCompletion_stateOK_spec__0___boxed
000000000001ebac T lp_proofs_List_all___at___00Erdos85_H3TripleCompletion_stateOK_spec__1
000000000001ef04 T lp_proofs_List_all___at___00Erdos85_H3TripleCompletion_stateOK_spec__1___boxed
000000000001e944 T lp_proofs_List_all___at___00Erdos85_H3TripleCompletion_stateOK_spec__2
000000000001eb0c T lp_proofs_List_all___at___00Erdos85_H3TripleCompletion_stateOK_spec__2___boxed
00000000000276d4 T lp_proofs_List_any___at___00Erdos85_H3TripleCompletion_gate3_spec__0
0000000000027b58 T lp_proofs_List_any___at___00Erdos85_H3TripleCompletion_gate3_spec__0___boxed
000000000001a7b8 T lp_proofs_List_any___at___00Erdos85_H3TripleCompletion_twinSkip_spec__0
000000000001af08 T lp_proofs_List_any___at___00Erdos85_H3TripleCompletion_twinSkip_spec__0___boxed
0000000000027054 T lp_proofs_List_filterTR_loop___at___00Erdos85_H3TripleCompletion_cands3_spec__0
00000000000274d8 T lp_proofs_List_filterTR_loop___at___00Erdos85_H3TripleCompletion_cands3_spec__0___boxed
0000000000025d58 T lp_proofs_List_filterTR_loop___at___00Erdos85_H3TripleCompletion_dfs2_spec__0
00000000000260b0 T lp_proofs_List_filterTR_loop___at___00Erdos85_H3TripleCompletion_dfs2_spec__0___boxed
0000000000024974 T lp_proofs_List_filterTR_loop___at___00Erdos85_H3TripleCompletion_patLoopSplit_spec__0
0000000000024cd8 T lp_proofs_List_filterTR_loop___at___00Erdos85_H3TripleCompletion_patLoopSplit_spec__0___boxed
0000000000024d70 T lp_proofs_List_filterTR_loop___at___00Erdos85_H3TripleCompletion_patLoopSplit_spec__1
00000000000250d4 T lp_proofs_List_filterTR_loop___at___00Erdos85_H3TripleCompletion_patLoopSplit_spec__1___boxed
0000000000026494 T lp_proofs_List_filterTR_loop___at___00Erdos85_H3TripleCompletion_s0_spec__0
000000000002684c T lp_proofs_List_filterTR_loop___at___00Erdos85_H3TripleCompletion_s0_spec__0___boxed
000000000001b1d8 T lp_proofs_List_find_x3f___at___00Erdos85_H3TripleCompletion_findClause_spec__0
000000000001b4f0 T lp_proofs_List_find_x3f___at___00Erdos85_H3TripleCompletion_findClause_spec__0___boxed
00000000000232cc T lp_proofs_List_find_x3f___at___00Erdos85_H3TripleCompletion_findFresh_spec__0
0000000000023728 T lp_proofs_List_find_x3f___at___00Erdos85_H3TripleCompletion_findFresh_spec__0___boxed
0000000000027c74 T lp_proofs_List_foldl___at___00Erdos85_H3TripleCompletion_pick3_spec__0
000000000002898c T lp_proofs_List_foldl___at___00Erdos85_H3TripleCompletion_pick3_spec__0___boxed
0000000000021760 T lp_proofs_List_foldl___at___00Erdos85_H3TripleCompletion_pickCore_spec__0
0000000000022be4 T lp_proofs_List_foldl___at___00Erdos85_H3TripleCompletion_pickCore_spec__0___boxed
0000000000020780 T lp_proofs_List_foldl___at___00Erdos85_H3TripleCompletion_triCounts_spec__0
00000000000215f8 T lp_proofs_List_foldl___at___00Erdos85_H3TripleCompletion_triCounts_spec__0___boxed
00000000000206c4 T lp_proofs_List_foldl___at___00Erdos85_H3TripleCompletion_triCounts_spec__0___lam__0
00000000000206f0 T lp_proofs_List_foldl___at___00Erdos85_H3TripleCompletion_triCounts_spec__0___lam__0___boxed
000000000001c53c T lp_proofs_List_mapTR_loop___at___00Erdos85_H3TripleCompletion_allTriples_spec__0
0000000000026938 T lp_proofs___private_Init_Data_Array_Basic_0__Array_foldlMUnsafe_fold___at___00Erdos85_H3TripleCompletion_stKey_spec__0
0000000000026bc4 T lp_proofs___private_Init_Data_Array_Basic_0__Array_foldlMUnsafe_fold___at___00Erdos85_H3TripleCompletion_stKey_spec__0___boxed
000000000001c9e0 T lp_proofs___private_Init_Data_List_Impl_0__List_flatMapTR_go___at___00Erdos85_H3TripleCompletion_allTriples_spec__1
000000000001cca4 T lp_proofs___private_Init_Data_List_Impl_0__List_flatMapTR_go___at___00Erdos85_H3TripleCompletion_allTriples_spec__2
00000000000184ec T lp_proofs___private_Init_Data_List_Impl_0__List_flatMapTR_go___at___00Erdos85_H3TripleCompletion_coreClauses_spec__0
