[e85] job 20261008T112357-erdos85__h3-triple-formal-20261007-452333  ref=erdos85/h3-triple-formal-20261007  worktree=/opt/e85/wt/erdos85__h3-triple-formal-20261007  started 2026-10-08T11:23:57Z
[e85] commit d73223d49864daa8d102a2a74ac435d4f05718b5 (Retain full-phase H3 prototype sizing and prepare optimized native canary)
=== Docker Lean Build ===
Memory limit: 16384MB (hard enforced via cgroups)
Timeout: 6m
CPU limit: 2
Target: all
Build volume: lean-build-erdos85__h3-triple-formal-20261007
Extra read-only mounts: /Volumes/Stripe/lean-genius/artifacts

Command: lake env python3 -B ../research/problems/erdos-85-wip-01/h3_triple_completion_20261008/run_probe_fast.py
Starting Docker build...

[30s] Building...
[60s] Building...
[90s] Building...
[120s] Building...
'Erdos85.H3TripleCompletion.triplePart_384_0' depends on axioms: [propext,
 Quot.sound,
 Erdos85.H3TripleCompletion.triplePart_384_0._native.native_decide.ax_1_1]

{
  "command": [
    "lean",
    "-j1",
    "H3TripleCompletionProbe384R0Fast.lean",
    "-o",
    "/workspace/research/problems/erdos-85-wip-01/h3_triple_completion_20261008/probe384r0-fast/Probe384R0.olean"
  ],
  "source_sha256": "badb03f821a2011a5dd36b0793d5ad608ef1139a12729cd97afd072e6b9d840d",
  "timeout_seconds": 300,
  "started_utc": "2026-10-08T11:23:58.992972+00:00",
  "prerequisites": [
    {
      "module": "Erdos85H3TripleCompletionEngine",
      "source_sha256": "c6ba723e09968d420aabf98d2117d2648929bf92690e5e2a6f9ceb68cf2222cb",
      "olean_sha256": "24524f945a9ff93f888e90a369f1e6da4cdfa3d479ff0bfd72ea4070698ccc28",
      "olean_bytes": 2159656,
      "olean_mtime": 1791457852.2320316,
      "fresh_build_elapsed": "11s",
      "axiom_exports": [
        {
          "theorem": "Erdos85.H3TripleCompletion.search_sound",
          "axioms": [
            "propext",
            "Classical.choice",
            "Quot.sound"
          ]
        }
      ]
    },
    {
      "module": "Erdos85H3TripleCompletionBridge",
      "source_sha256": "499f480a8d1eb73f33ca4119b0175f319982484a9d3fcdf0a2fbbda73d2db36b",
      "olean_sha256": "02220d1339caaf079b5889edf2e0c4e52b49b37d6c2b89ba4886c06d5a77e18e",
      "olean_bytes": 198624,
      "olean_mtime": 1791457859.7616894,
      "fresh_build_elapsed": "4.8s",
      "axiom_exports": [
        {
          "theorem": "Erdos85.H3TripleCompletion.threeHighCanonicalRepresentativeExcluded_one_of_tripleSearch",
          "axioms": [
            "propext",
            "Classical.choice",
            "Quot.sound"
          ]
        },
        {
          "theorem": "Erdos85.H3TripleCompletion.orderFortyNineTripleCellExcluded_three_one_of_tripleSearch",
          "axioms": [
            "propext",
            "Classical.choice",
            "Quot.sound"
          ]
        }
      ]
    },
    {
      "module": "Erdos85H3TripleCompletionSplit",
      "source_sha256": "b85d4d99bb82cefdbe5f8d0543928262422f2f5e6a8dfa799d7100dc7ca826a3",
      "olean_sha256": "acfdbed1a9ccec6f972f9c8c8afc5575937d82b3cbc3541f0239a8e3b019d0d3",
      "olean_bytes": 187736,
      "olean_mtime": 1791457863.4325974,
      "fresh_build_elapsed": "3.6s",
      "axiom_exports": [
        {
          "theorem": "Erdos85.H3TripleCompletion.orderFortyNineTripleCellExcluded_three_one_of_parts",
          "axioms": [
            "propext",
            "Classical.choice",
            "Quot.sound"
          ]
        }
      ]
    }
  ],
  "status": "COMPILED",
  "returncode": 0,
  "timed_out": false,
  "elapsed_seconds": 143.88963051800238,
  "child_user_seconds": 142.736121,
  "child_system_seconds": 1.109969,
  "child_maxrss_kib": 6484784,
  "log_sha256": "b0d8ca00d025781fec4f8703a61b6b17674636b5e429e84cbecf5568709fb9dd",
  "olean_sha256": "996fc99b4983a1c5de605bdb26dc74bdac03878f989e4277b1537a5728b86b7d",
  "olean_bytes": 6712
}
[150s] Building...

=== Build succeeded ===
