[e85] job 20261008T033806-erdos85__h3-first-column-20261008-150178  ref=erdos85/h3-first-column-20261008  worktree=/opt/e85/wt/erdos85__h3-first-column-20261008  started 2026-10-08T03:38:06Z
[e85] commit e73445385eb6b56c53e5e10f18e2de51b5a39017 (Verify five H3 first-column exports and fix executable inventory encoding)
=== Docker Lean Build ===
Memory limit: 16384MB (hard enforced via cgroups)
Timeout: 15m
CPU limit: 16
Target: all
Build volume: lean-build-erdos85__h3-first-column-20261008
Extra read-only mounts: /Volumes/Stripe/lean-genius/artifacts

Command: lake env python3 ../research/problems/erdos-85-wip-01/h3_first_column_20261008/check_inventory.py --output /workspace/research/problems/erdos-85-wip-01/h3_first_column_20261008/_build/cloud-inventory-third
Starting Docker build...

[30s] Building...
[60s] Building...
[90s] Building...
[120s] Building...
[150s] Building...
[180s] Building...
[210s] Building...
[240s] Building...
[270s] Building...
[300s] Building...
[330s] Building...
[360s] Building...
[390s] Building...
[420s] Building...
[450s] Building...
[480s] Building...
[510s] Building...
[540s] Building...
[570s] Building...
[600s] Building...
[630s] Building...
[660s] Building...
[690s] Building...
[720s] Building...
[750s] Building...
[780s] Building...
[810s] Building...
[840s] Building...
[870s] Building...
[900s] Building...
Timeout exceeded, stopping container...
lean-build-150317
