[e85] job 20261008T063412-erdos85__h3-first-column-20261008-264145  ref=erdos85/h3-first-column-20261008  worktree=/opt/e85/wt/erdos85__h3-first-column-20261008  started 2026-10-08T06:34:12Z
[e85] commit 9a1555a52461ab6d53bb145378f92de81c88cdc6 (erdos85: verify 260-pair reduction and full diagnostic memberships)
=== Docker Lean Build ===
Memory limit: 16384MB (hard enforced via cgroups)
Timeout: 2h
CPU limit: 16
Target: all
Build volume: lean-build-erdos85__h3-first-column-20261008
Extra read-only mounts: /Volumes/Stripe/lean-genius/artifacts

Command: lake env python3 ../research/problems/erdos-85-wip-01/h3_varied_pilot_20261008/check_case.py --case FullU3R3 --membership-evidence /workspace/research/problems/erdos-85-wip-01/h3_u1r15_census_reduction_20261008/evidence --output /workspace/research/problems/erdos-85-wip-01/h3_varied_pilot_20261008/_build/FullU3R3-first
Starting Docker build...

{"command": ["lake", "build", "Proofs.Erdos85ThreeHighPilotFullU3R3Inputs"], "started_utc": "2026-10-08T06:34:13.841252+00:00", "exit_code": 0, "elapsed_seconds": 6.431826551000995, "user_cpu_seconds": 5.520054, "system_cpu_seconds": 1.505623, "max_rss_kib": 917432, "log_sha256": "0a63dc71909218c20d73db012a273af7293a149a2470a0d58d41fbae48ad39ad", "module": "Erdos85ThreeHighPilotFullU3R3Inputs", "status": "PASS", "source_sha256": "1e3491373759875229ed79a8700f65c6ae4599b344cbb0c84000c08e822932d6", "olean_sha256": "cc9f6bd43319f43b33633b3ea99e82912e07a664de01723869b33a9e5e4bcfe1", "axiom_exports": []}
[30s] Building...
[60s] Building...
[90s] Building...
[120s] Building...
[150s] Building...
[180s] Building...
[210s] Building...
[240s] Building...
{"command": ["lake", "build", "Proofs.Erdos85ThreeHighPilotFullU3R3Certificate"], "started_utc": "2026-10-08T06:34:20.275774+00:00", "exit_code": 0, "elapsed_seconds": 238.9755074729983, "user_cpu_seconds": 237.364964, "system_cpu_seconds": 2.272666, "max_rss_kib": 6562176, "log_sha256": "a8ac38cf2febacad0d89a5af6541927d6e5045ee9153dc06dbd566f7ff40e232", "module": "Erdos85ThreeHighPilotFullU3R3Certificate", "status": "PASS", "source_sha256": "186d7dde7a6d0be550a6e16dec0c06265b3b78a3550dc24c2850a43a3ade619b", "olean_sha256": "8567bf6f2d03d3e6b0fbfefac7433cc2686b2d01170d810ce1df5acccb4f7184", "axiom_exports": [{"theorem": "Erdos85.VariedPilot.FullU3R3.rejected", "axioms": ["propext", "Classical.choice", "Quot.sound", "Erdos85.VariedPilot.FullU3R3.rejected._native.native_decide.ax_1_1"]}]}
{"command": ["lake", "build", "Proofs.Erdos85ThreeHighPilotFullU3R3Consumer"], "started_utc": "2026-10-08T06:38:19.256835+00:00", "exit_code": 0, "elapsed_seconds": 10.336028326000815, "user_cpu_seconds": 8.562089, "system_cpu_seconds": 2.437564, "max_rss_kib": 6559700, "log_sha256": "6ac8ae8408caa61340ac6e1b1bd5ddde715bb2b065d4105fafd82e0ea98ae7fa", "module": "Erdos85ThreeHighPilotFullU3R3Consumer", "status": "PASS", "source_sha256": "2f8f051a0621f465b37a066e3a454d0db7a49051a2998f7ba830270f66f065dd", "olean_sha256": "ff539dec205c63c906824f2e0c18eff60086720fa9c8459f01dddfedfa5237de", "axiom_exports": [{"theorem": "Erdos85.VariedPilot.FullU3R3.no_joint", "axioms": ["propext", "Classical.choice", "Quot.sound", "Erdos85.VariedPilot.FullU3R3.rejected._native.native_decide.ax_1_1"]}]}

=== Build succeeded ===
