[e85] job 20261008T071036-erdos85__h3-triple-formal-20261007-286861  ref=erdos85/h3-triple-formal-20261007  worktree=/opt/e85/wt/erdos85__h3-triple-formal-20261007  started 2026-10-08T07:10:36Z
[e85] commit bd40e23c8a2dbc0231a0b3cc7af29c89a56905d4 (erdos85: fix deficient campaign import after terminal canary failure)
=== Docker Lean Build ===
Memory limit: 16384MB (hard enforced via cgroups)
Timeout: 15m
CPU limit: 16
Target: all
Build volume: lean-build-erdos85__h3-triple-formal-20261007
Extra read-only mounts: /Volumes/Stripe/lean-genius/artifacts

Command: lake env python3 ../research/problems/erdos-85-wip-01/h3_triple_campaign_20261008/canary.py --manifest-sha256 11ded9568ddc0497b8fd58d9107bc35f50caca0fd9064e9f85db18f98f614445 --full-prerequisites /workspace/research/problems/erdos-85-wip-01/h3_u1r15_census_reduction_20261008/_build/prerequisites --deficient-base /workspace/research/problems/erdos-85-wip-01/h3_deficient_pilot_reduction_20261008/_build/prerequisites/base --old-objects /workspace/research/problems/erdos-85-wip-01/h3_triple_campaign_20261008/_build/canary-prerequisites --output /workspace/research/problems/erdos-85-wip-01/h3_triple_campaign_20261008/_build/canary-second
Starting Docker build...

{"case": "full-u003-r03", "stage": "Inputs", "status": "PASS"}
{"case": "full-u003-r03", "stage": "Membership", "status": "PASS"}
{"case": "full-u003-r03", "stage": "Certificate", "status": "PASS"}
{"case": "full-u003-r03", "stage": "Consumer", "status": "PASS"}
[30s] Building...
{"case": "deficient-u026-r02", "stage": "Inputs", "status": "PASS"}
{"case": "deficient-u026-r02", "stage": "Membership", "status": "PASS"}
[60s] Building...
{"case": "deficient-u026-r02", "stage": "Certificate", "status": "PASS"}
{"case": "deficient-u026-r02", "stage": "Consumer", "status": "PASS"}

=== Build succeeded ===
