2026-10-09T00:07:19Z node start iid=i-0bb73b844e2d00959 type=r8g.12xlarge slots=48 heap=6000MB cap=7200s rows=10 store=sat49/h7hsb-20261008-canary head=729127aa817263475e7aa0c65c3db34a65da3389
2026-10-09T00:07:21Z slot=0 claimed cube_F6_t14-cover
2026-10-09T00:07:24Z slot=1 claimed cube_F7_t10-cover
2026-10-09T00:07:27Z slot=2 claimed cube_F6_t14-h0000
2026-10-09T00:07:28Z slot=0 cube_F6_t14-cover CERTIFIED certified=1/1 proof=4484246 solver_cpu=1s
2026-10-09T00:07:30Z slot=0 claimed cube_F6_t14-h0001
2026-10-09T00:07:30Z slot=3 claimed cube_F6_t16-b0000
2026-10-09T00:07:33Z slot=4 claimed cube_F6_t18-b0000
2026-10-09T00:07:33Z slot=2 cube_F6_t14-h0000 CERTIFIED certified=4/4 proof=5509549 solver_cpu=1s
2026-10-09T00:07:35Z slot=2 claimed cube_F7_t10-b0000
2026-10-09T00:07:36Z slot=5 claimed cube_F7_t13-b0000
2026-10-09T00:07:39Z slot=6 claimed cube_F8_t0-b0000
2026-10-09T00:07:42Z slot=7 claimed cube_F9_t0-b0000
2026-10-09T00:07:45Z slot=8 nothing claimable, 8 claimed rows without a ledger (e.g. cube_F7_t10-cover); waiting
2026-10-09T00:07:48Z slot=9 nothing claimable, 8 claimed rows without a ledger (e.g. cube_F7_t10-cover); waiting
2026-10-09T00:07:51Z slot=10 nothing claimable, 8 claimed rows without a ledger (e.g. cube_F7_t10-cover); waiting
2026-10-09T00:07:54Z slot=11 nothing claimable, 8 claimed rows without a ledger (e.g. cube_F7_t10-cover); waiting
2026-10-09T00:07:57Z slot=12 nothing claimable, 8 claimed rows without a ledger (e.g. cube_F7_t10-cover); waiting
2026-10-09T00:08:00Z slot=13 nothing claimable, 8 claimed rows without a ledger (e.g. cube_F7_t10-cover); waiting
2026-10-09T00:08:03Z slot=14 nothing claimable, 8 claimed rows without a ledger (e.g. cube_F7_t10-cover); waiting
2026-10-09T00:08:06Z slot=15 nothing claimable, 8 claimed rows without a ledger (e.g. cube_F7_t10-cover); waiting
2026-10-09T00:08:08Z slot=1 cube_F7_t10-cover CERTIFIED certified=1/1 proof=85020728 solver_cpu=34s
2026-10-09T00:08:09Z slot=16 nothing claimable, 7 claimed rows without a ledger (e.g. cube_F6_t14-h0001); waiting
2026-10-09T00:08:10Z slot=1 nothing claimable, 7 claimed rows without a ledger (e.g. cube_F6_t14-h0001); waiting
2026-10-09T00:08:12Z slot=17 nothing claimable, 7 claimed rows without a ledger (e.g. cube_F6_t14-h0001); waiting
2026-10-09T00:08:15Z slot=18 nothing claimable, 7 claimed rows without a ledger (e.g. cube_F6_t14-h0001); waiting
2026-10-09T00:08:18Z slot=19 nothing claimable, 7 claimed rows without a ledger (e.g. cube_F6_t14-h0001); waiting
2026-10-09T00:08:21Z slot=20 nothing claimable, 7 claimed rows without a ledger (e.g. cube_F6_t14-h0001); waiting
2026-10-09T00:08:24Z slot=21 nothing claimable, 7 claimed rows without a ledger (e.g. cube_F6_t14-h0001); waiting
2026-10-09T00:08:27Z slot=22 nothing claimable, 7 claimed rows without a ledger (e.g. cube_F6_t14-h0001); waiting
2026-10-09T00:08:30Z slot=23 nothing claimable, 7 claimed rows without a ledger (e.g. cube_F6_t14-h0001); waiting
2026-10-09T00:08:33Z slot=24 nothing claimable, 7 claimed rows without a ledger (e.g. cube_F6_t14-h0001); waiting
2026-10-09T00:08:36Z slot=25 nothing claimable, 7 claimed rows without a ledger (e.g. cube_F6_t14-h0001); waiting
2026-10-09T00:08:39Z slot=26 nothing claimable, 7 claimed rows without a ledger (e.g. cube_F6_t14-h0001); waiting
2026-10-09T00:08:42Z slot=27 nothing claimable, 7 claimed rows without a ledger (e.g. cube_F6_t14-h0001); waiting
2026-10-09T00:08:45Z slot=28 nothing claimable, 7 claimed rows without a ledger (e.g. cube_F6_t14-h0001); waiting
2026-10-09T00:08:48Z slot=29 nothing claimable, 7 claimed rows without a ledger (e.g. cube_F6_t14-h0001); waiting
2026-10-09T00:08:51Z slot=30 nothing claimable, 7 claimed rows without a ledger (e.g. cube_F6_t14-h0001); waiting
2026-10-09T00:08:54Z slot=31 nothing claimable, 7 claimed rows without a ledger (e.g. cube_F6_t14-h0001); waiting
2026-10-09T00:08:57Z slot=32 nothing claimable, 7 claimed rows without a ledger (e.g. cube_F6_t14-h0001); waiting
2026-10-09T00:09:00Z slot=33 nothing claimable, 7 claimed rows without a ledger (e.g. cube_F6_t14-h0001); waiting
2026-10-09T00:09:03Z slot=34 nothing claimable, 7 claimed rows without a ledger (e.g. cube_F6_t14-h0001); waiting
2026-10-09T00:09:06Z slot=35 nothing claimable, 7 claimed rows without a ledger (e.g. cube_F6_t14-h0001); waiting
2026-10-09T00:09:09Z slot=36 nothing claimable, 7 claimed rows without a ledger (e.g. cube_F6_t14-h0001); waiting
2026-10-09T00:09:10Z slot=0 cube_F6_t14-h0001 CERTIFIED certified=4/4 proof=247356793 solver_cpu=86s
2026-10-09T00:09:12Z slot=37 nothing claimable, 6 claimed rows without a ledger (e.g. cube_F6_t16-b0000); waiting
2026-10-09T00:09:12Z slot=0 nothing claimable, 6 claimed rows without a ledger (e.g. cube_F6_t16-b0000); waiting
2026-10-09T00:09:15Z slot=38 nothing claimable, 6 claimed rows without a ledger (e.g. cube_F6_t16-b0000); waiting
2026-10-09T00:09:18Z slot=39 nothing claimable, 6 claimed rows without a ledger (e.g. cube_F6_t16-b0000); waiting
2026-10-09T00:09:21Z slot=40 nothing claimable, 6 claimed rows without a ledger (e.g. cube_F6_t16-b0000); waiting
2026-10-09T00:09:24Z slot=41 nothing claimable, 6 claimed rows without a ledger (e.g. cube_F6_t16-b0000); waiting
2026-10-09T00:09:27Z slot=42 nothing claimable, 6 claimed rows without a ledger (e.g. cube_F6_t16-b0000); waiting
2026-10-09T00:09:30Z slot=43 nothing claimable, 6 claimed rows without a ledger (e.g. cube_F6_t16-b0000); waiting
2026-10-09T00:09:33Z slot=44 nothing claimable, 6 claimed rows without a ledger (e.g. cube_F6_t16-b0000); waiting
2026-10-09T00:09:36Z slot=45 nothing claimable, 6 claimed rows without a ledger (e.g. cube_F6_t16-b0000); waiting
2026-10-09T00:09:39Z slot=46 nothing claimable, 6 claimed rows without a ledger (e.g. cube_F6_t16-b0000); waiting
2026-10-09T00:09:42Z slot=47 nothing claimable, 6 claimed rows without a ledger (e.g. cube_F6_t16-b0000); waiting
2026-10-09T00:09:52Z slot=5 cube_F7_t13-b0000 CERTIFIED certified=64/64 proof=172932777 solver_cpu=52s
2026-10-09T00:09:53Z slot=5 nothing claimable, 5 claimed rows without a ledger (e.g. cube_F6_t16-b0000); waiting
