[e85] job 20261008T060931-erdos85__h3-census-20261008-248468  ref=erdos85/h3-census-20261008  worktree=/opt/e85/wt/erdos85__h3-census-20261008  started 2026-10-08T06:09:31Z
[e85] commit 6b91e1d41371835eb90e2aa647786be506a86766 (Verify census continuation sources without container Git metadata)
=== Docker Lean Build ===
Memory limit: 32768MB (hard enforced via cgroups)
Timeout: 1h
CPU limit: 16
Target: all
Build volume: lean-build-erdos85__h3-census-20261008
Extra read-only mounts: /Volumes/Stripe/lean-genius/artifacts

Command: lake env python3 ../research/problems/erdos-85-wip-01/h3_strong_final_census_20261008/resume.py --terminal-record /workspace/research/problems/erdos-85-wip-01/h3_strong_final_census_20261008/_build/terminal-first.json --base-build /workspace/research/problems/erdos-85-wip-01/h3_strong_census_20261008/_build/cloud-dedicated-first/full --output /workspace/research/problems/erdos-85-wip-01/h3_strong_final_census_20261008/_build/cloud-first --snapshot /workspace/research/problems/erdos-85-wip-01/h3_strong_final_census_20261008/_build/snapshot-first-terminal
Starting Docker build...

[30s] Building...
{"module": "Zero32Shard8", "status": "PASS"}
[60s] Building...
{"module": "Zero32Shard9", "status": "PASS"}
[90s] Building...
{"module": "Zero32Shard10", "status": "PASS"}
[120s] Building...
[150s] Building...
{"module": "Zero32Shard11", "status": "PASS"}
[180s] Building...
{"module": "Zero32Shard12", "status": "PASS"}
[210s] Building...
{"module": "Zero32Shard13", "status": "PASS"}
[240s] Building...
{"module": "Zero32Shard14", "status": "PASS"}
[270s] Building...
[300s] Building...
{"module": "Zero32Shard15", "status": "PASS"}
[330s] Building...
{"module": "Zero32Shard16", "status": "PASS"}
[360s] Building...
[390s] Building...
{"module": "Zero32Shard17", "status": "PASS"}
[420s] Building...
{"module": "Zero32Shard18", "status": "PASS"}
[450s] Building...
[480s] Building...
{"module": "Zero32Shard19", "status": "PASS"}
[510s] Building...
{"module": "Zero32Shard20", "status": "PASS"}
[540s] Building...
[570s] Building...
{"module": "Zero32Shard21", "status": "PASS"}
[600s] Building...
{"module": "Zero32Shard22", "status": "PASS"}
[630s] Building...
{"module": "Zero32Shard23", "status": "PASS"}
[660s] Building...
[690s] Building...
{"module": "Zero32Shard24", "status": "PASS"}
[720s] Building...
{"module": "Zero32Shard25", "status": "PASS"}
[750s] Building...
{"module": "Zero32Shard26", "status": "PASS"}
[780s] Building...
[810s] Building...
{"module": "Zero32Shard27", "status": "PASS"}
[840s] Building...
{"module": "Zero32Shard28", "status": "PASS"}
[870s] Building...
{"module": "Zero32Shard29", "status": "PASS"}
[900s] Building...
{"module": "Zero32Shard30", "status": "PASS"}
[930s] Building...
{"module": "Zero32Shard31", "status": "PASS"}
[960s] Building...
{"module": "Zero32Shard32", "status": "PASS"}
[990s] Building...
{"module": "Zero32Shard33", "status": "PASS"}
[1020s] Building...
{"module": "Zero32Shard34", "status": "PASS"}
[1050s] Building...
{"module": "Zero32Shard35", "status": "PASS"}
{"module": "Zero32Assembly", "status": "PASS"}
{"module": "Zero32Inputs", "status": "PASS"}
[1080s] Building...
{"module": "Zero32Exclusion", "status": "PASS"}
{"module": "CapacityReduction", "status": "PASS"}
{"module": "Full261", "status": "PASS"}
{"status": "PASS", "base": {"status": "PASS", "receipt_sha256": "9924e45dfa932bae6af3607eb7de97e4b77d590366bf8d4bb9eaaf8de480236f", "modules": 107, "axiom_reports": 228, "data_only_modules": 0, "final_module_exports": [{"theorem": "FullUStrongCensus.actual_distinct_witness", "axioms": ["propext", "Classical.choice", "Quot.sound"]}, {"theorem": "FullUStrongCensus.excluded_of_rejections", "axioms": ["propext", "Classical.choice", "Quot.sound"]}]}, "final": {"status": "PASS", "receipt_sha256": "dd262a3d974d3da91d5365dd88d7668183f55cb6083a5dca803588ba517217cb", "modules": 342, "axiom_reports": 1077, "data_only_modules": 15, "final_module_exports": [{"theorem": "FullUStrongFinalCensus.actual_distinct_witness", "axioms": ["propext", "Classical.choice", "Quot.sound"]}, {"theorem": "FullUStrongFinalCensus.excluded_of_rejections", "axioms": ["propext", "Classical.choice", "Quot.sound"]}]}}
[1110s] Building...

=== Build succeeded ===
