[e85] job 20261008T051053-erdos85__h3-triple-formal-20261007-212516  ref=erdos85/h3-triple-formal-20261007  worktree=/opt/e85/wt/erdos85__h3-triple-formal-20261007  started 2026-10-08T05:10:53Z
[e85] commit 11d4ba4b3b32f33988970c1ef9937c3c56fe58c5 (Retain failed reduction launch before source checkout)
=== Docker Lean Build ===
Memory limit: 32768MB (hard enforced via cgroups)
Timeout: 30m
CPU limit: 16
Target: all
Build volume: lean-build-erdos85__h3-triple-formal-20261007
Extra read-only mounts: /Volumes/Stripe/lean-genius/artifacts

Command: lake env python3 ../research/problems/erdos-85-wip-01/h3_deficient_pilot_reduction_20261008/check.py --prerequisites ../research/problems/erdos-85-wip-01/h3_deficient_pilot_reduction_20261008/_build/prerequisites --output ../research/problems/erdos-85-wip-01/h3_deficient_pilot_reduction_20261008/_build/cloud-first
Starting Docker build...

[30s] Building...
[60s] Building...
[90s] Building...
[120s] Building...
[150s] Building...
[180s] Building...
[210s] Building...
[240s] Building...
[270s] Building...
[300s] Building...
[330s] Building...
[360s] Building...
[390s] Building...
[420s] Building...
[450s] Building...
[480s] Building...
[510s] Building...
[540s] Building...
[570s] Building...
[600s] Building...
[630s] Building...
{"status": "FAIL", "lean_threads": 1, "base_receipt_sha256": "190d7e37c814bd8a7eea54e6ad1bbcba73e092e6e0d77deddc717bab098bfecc", "pilot_receipt_sha256": "c084a76d8c05199564a29058ae256b205d5d7d94fa9f4dde7bf77a3b2117ee4c", "imported_object_sha256": {"extra/Proofs/Erdos85ThreeHighPilotDeficientU26R2Inputs.olean": "23e1b2bda5a011cd8c1f26fb913cc334d2b373e5d03970b5c6c3895293b578e7", "extra/Proofs/Erdos85ThreeHighPilotDeficientU369R11Inputs.olean": "c9d9a7423ced2c9c8e6f8f7f7b3e8eb4ff823d379131dd55215b2b4626d1941d", "extra/DeficientMembership.olean": "8045b2c082d4da0665a57d8e79f59f4c91906bd94450e2e135bacf9702ad071d", "extra/Proofs/Erdos85ThreeHighPilotDeficientU26R2Certificate.olean": "898bb93401b80e72561b054462fab7d3dd93cb80e0017bd38866b9629814f783"}, "scope": "One audited pair removed; 1553 rejection hypotheses remain.", "dependencies": {"command": ["lake", "build", "Proofs.Erdos85ThreeBlockCompactCodes", "Proofs.Erdos85ThreeBlockNormalizedDeficientCover", "Proofs.Erdos85ThreeBlockOrbitCertificate", "Proofs.Erdos85ThreeHighDeficientExternalFarTable", "Proofs.Erdos85ThreeHighDeficientExternalSignedFarTable", "Proofs.Erdos85ThreeHighDeficientFarColorTable", "Proofs.Erdos85ThreeHighDeficientLowAdjacentTable", "Proofs.Erdos85ThreeHighDeficientLowDegreeTable", "Proofs.Erdos85ThreeHighDeficientPairTable", "Proofs.Erdos85ThreeHighDistinctRepresentativeWitness", "Proofs.Erdos85ThreeHighNativePairSearch", "Proofs.Erdos85ThreeHighSecondaryDegreeClasses", "Proofs.Erdos85ThreeHighTriangleTables"], "started_utc": "2026-10-08T05:10:55.134744+00:00", "exit_code": 0, "elapsed_seconds": 643.130242438001, "user_cpu_seconds": 692.145566, "system_cpu_seconds": 48.798686000000004, "max_rss_kib": 14014192, "log_sha256": "268c40aadcc0892e09a96cf36bb143d44f478e1a684d93f525522c2347692c8a"}, "result": {"command": ["lean", "-R", "/workspace/research/problems/erdos-85-wip-01/h3_deficient_pilot_reduction_20261008/_build/cloud-first", "-o", "/workspace/research/problems/erdos-85-wip-01/h3_deficient_pilot_reduction_20261008/_build/cloud-first/Deficient1553.olean", "/workspace/research/problems/erdos-85-wip-01/h3_deficient_pilot_reduction_20261008/_build/cloud-first/Deficient1553.lean"], "started_utc": "2026-10-08T05:21:38.265706+00:00", "exit_code": 1, "elapsed_seconds": 0.13853350899807992, "user_cpu_seconds": 0.069136, "system_cpu_seconds": 0.069136, "max_rss_kib": 189580, "log_sha256": "f59380cf26aa447d4ddcb0552bd1e610750b6b1adfe75dadfe9aa7365fe4eadd", "module": "Deficient1553", "status": "FAIL", "source_sha256": "5e6f06cf69c7cfda568268d47c46c2019ca848392684f3abf5200cd264846720", "olean_sha256": null, "axiom_exports": []}}

=== Build failed with exit code 1 ===
[e85] job 20261008T051053-erdos85__h3-triple-formal-20261007-212516 finished: exit 1  (2026-10-08T05:21:44Z)
