000000000002a11c T __init_cpu_features
0000000000029f00 T __init_cpu_features_resolver
000000000002a18c T _fini
000000000002a178 T _init
0000000000026414 T initialize_H3NativeRuntime
000000000004a8f0 B l_Erdos85_H3TripleCompletion_M49
000000000001809c T l_Erdos85_H3TripleCompletion_St_addEdge
0000000000017e18 T l_Erdos85_H3TripleCompletion_St_adj
0000000000017fd4 T l_Erdos85_H3TripleCompletion_St_adj___boxed
00000000000190c8 T l_Erdos85_H3TripleCompletion_St_allowed
00000000000194d4 T l_Erdos85_H3TripleCompletion_St_allowed___boxed
00000000000195a8 T l_Erdos85_H3TripleCompletion_St_tryAdd
0000000000022bec T l_Erdos85_H3TripleCompletion_addTri
000000000004a8f8 B l_Erdos85_H3TripleCompletion_allTriples
000000000001740c T l_Erdos85_H3TripleCompletion_capOf
0000000000017454 T l_Erdos85_H3TripleCompletion_capOf___boxed
00000000000197a8 T l_Erdos85_H3TripleCompletion_clauseOpen
0000000000019aa4 T l_Erdos85_H3TripleCompletion_clauseOpen___boxed
00000000000172d4 T l_Erdos85_H3TripleCompletion_col
0000000000017338 T l_Erdos85_H3TripleCompletion_col___boxed
0000000000023804 T l_Erdos85_H3TripleCompletion_containsM
0000000000023c60 T l_Erdos85_H3TripleCompletion_containsM___boxed
000000000001c2cc T l_Erdos85_H3TripleCompletion_containsV
000000000001c8cc T l_Erdos85_H3TripleCompletion_containsV___boxed
000000000004a8d0 B l_Erdos85_H3TripleCompletion_coreClauses
000000000004a8e0 B l_Erdos85_H3TripleCompletion_coreVerts
000000000001a9b4 T l_Erdos85_H3TripleCompletion_dfs1
000000000001b88c T l_Erdos85_H3TripleCompletion_dfs1___boxed
0000000000025534 T l_Erdos85_H3TripleCompletion_dfs2
00000000000254c4 T l_Erdos85_H3TripleCompletion_dfs2___boxed
000000000004a8e8 B l_Erdos85_H3TripleCompletion_emptyVerts
000000000004a8b8 B l_Erdos85_H3TripleCompletion_fiber0
000000000004a8c0 B l_Erdos85_H3TripleCompletion_fiber1
000000000004a8c8 B l_Erdos85_H3TripleCompletion_fiber2
00000000000174d4 T l_Erdos85_H3TripleCompletion_fiberList
0000000000017670 T l_Erdos85_H3TripleCompletion_fiberList___boxed
00000000000176c8 T l_Erdos85_H3TripleCompletion_fiberMask
0000000000017854 T l_Erdos85_H3TripleCompletion_fiberMask___boxed
000000000001a944 T l_Erdos85_H3TripleCompletion_findClause
000000000001a954 T l_Erdos85_H3TripleCompletion_findClause___boxed
0000000000022b7c T l_Erdos85_H3TripleCompletion_findFresh
0000000000022b8c T l_Erdos85_H3TripleCompletion_findFresh___boxed
000000000001db1c T l_Erdos85_H3TripleCompletion_hasAllCols
000000000001e860 T l_Erdos85_H3TripleCompletion_hasAllColsFast
000000000001ebb8 T l_Erdos85_H3TripleCompletion_hasAllColsFast___boxed
000000000001dc64 T l_Erdos85_H3TripleCompletion_hasAllCols___boxed
000000000001d740 T l_Erdos85_H3TripleCompletion_hasCol
000000000001da48 T l_Erdos85_H3TripleCompletion_hasCol___boxed
000000000004a8d8 B l_Erdos85_H3TripleCompletion_highVerts
0000000000025784 T l_Erdos85_H3TripleCompletion_initRow
00000000000257c4 T l_Erdos85_H3TripleCompletion_initRow___boxed
000000000001ce24 T l_Erdos85_H3TripleCompletion_insertable
000000000001d6a4 T l_Erdos85_H3TripleCompletion_insertable___boxed
000000000001718c T l_Erdos85_H3TripleCompletion_maskOf
000000000001727c T l_Erdos85_H3TripleCompletion_maskOf___boxed
000000000001c96c T l_Erdos85_H3TripleCompletion_pairOK
000000000001cd50 T l_Erdos85_H3TripleCompletion_pairOK___boxed
0000000000023464 T l_Erdos85_H3TripleCompletion_patLoop
000000000002452c T l_Erdos85_H3TripleCompletion_patLoopSplit
00000000000245fc T l_Erdos85_H3TripleCompletion_patLoopSplit___boxed
00000000000237e4 T l_Erdos85_H3TripleCompletion_patLoop___boxed
0000000000022034 T l_Erdos85_H3TripleCompletion_pickCore
00000000000225f8 T l_Erdos85_H3TripleCompletion_pickCore___boxed
000000000004a900 B l_Erdos85_H3TripleCompletion_s0
0000000000025c64 T l_Erdos85_H3TripleCompletion_s0___lam__0
0000000000025c90 T l_Erdos85_H3TripleCompletion_s0___lam__0___boxed
000000000002626c T l_Erdos85_H3TripleCompletion_stKey
00000000000263c0 T l_Erdos85_H3TripleCompletion_stKey___boxed
000000000001e744 T l_Erdos85_H3TripleCompletion_stateOK
000000000001f958 T l_Erdos85_H3TripleCompletion_stateOKFast
000000000001f9d0 T l_Erdos85_H3TripleCompletion_stateOKFast___boxed
000000000001e7b4 T l_Erdos85_H3TripleCompletion_stateOK___boxed
000000000002486c T l_Erdos85_H3TripleCompletion_step2
00000000000250f8 T l_Erdos85_H3TripleCompletion_step2___boxed
0000000000024660 T l_Erdos85_H3TripleCompletion_step2___lam__0
0000000000024848 T l_Erdos85_H3TripleCompletion_step2___lam__0___boxed
0000000000020a10 T l_Erdos85_H3TripleCompletion_triCounts
0000000000020a80 T l_Erdos85_H3TripleCompletion_triCounts___boxed
000000000001a3c4 T l_Erdos85_H3TripleCompletion_twinSkip
000000000001a450 T l_Erdos85_H3TripleCompletion_twinSkip___boxed
0000000000018be4 T l_List_all___at___00Erdos85_H3TripleCompletion_St_allowed_spec__0
0000000000018ff4 T l_List_all___at___00Erdos85_H3TripleCompletion_St_allowed_spec__0___boxed
000000000001b218 T l_List_all___at___00Erdos85_H3TripleCompletion_dfs1_spec__0
000000000001b7e4 T l_List_all___at___00Erdos85_H3TripleCompletion_dfs1_spec__0___boxed
000000000001f448 T l_List_all___at___00Erdos85_H3TripleCompletion_stateOKFast_spec__0
000000000001f8b4 T l_List_all___at___00Erdos85_H3TripleCompletion_stateOKFast_spec__0___boxed
000000000001ec58 T l_List_all___at___00Erdos85_H3TripleCompletion_stateOKFast_spec__1
000000000001f3b0 T l_List_all___at___00Erdos85_H3TripleCompletion_stateOKFast_spec__1___boxed
000000000001e364 T l_List_all___at___00Erdos85_H3TripleCompletion_stateOK_spec__0
000000000001e6a4 T l_List_all___at___00Erdos85_H3TripleCompletion_stateOK_spec__0___boxed
000000000001df6c T l_List_all___at___00Erdos85_H3TripleCompletion_stateOK_spec__1
000000000001e2c4 T l_List_all___at___00Erdos85_H3TripleCompletion_stateOK_spec__1___boxed
000000000001dd04 T l_List_all___at___00Erdos85_H3TripleCompletion_stateOK_spec__2
000000000001decc T l_List_all___at___00Erdos85_H3TripleCompletion_stateOK_spec__2___boxed
0000000000019b78 T l_List_any___at___00Erdos85_H3TripleCompletion_twinSkip_spec__0
000000000001a2c8 T l_List_any___at___00Erdos85_H3TripleCompletion_twinSkip_spec__0___boxed
0000000000025118 T l_List_filterTR_loop___at___00Erdos85_H3TripleCompletion_dfs2_spec__0
0000000000025470 T l_List_filterTR_loop___at___00Erdos85_H3TripleCompletion_dfs2_spec__0___boxed
0000000000023d34 T l_List_filterTR_loop___at___00Erdos85_H3TripleCompletion_patLoopSplit_spec__0
0000000000024098 T l_List_filterTR_loop___at___00Erdos85_H3TripleCompletion_patLoopSplit_spec__0___boxed
0000000000024130 T l_List_filterTR_loop___at___00Erdos85_H3TripleCompletion_patLoopSplit_spec__1
0000000000024494 T l_List_filterTR_loop___at___00Erdos85_H3TripleCompletion_patLoopSplit_spec__1___boxed
0000000000025854 T l_List_filterTR_loop___at___00Erdos85_H3TripleCompletion_s0_spec__0
0000000000025c0c T l_List_filterTR_loop___at___00Erdos85_H3TripleCompletion_s0_spec__0___boxed
000000000001a598 T l_List_find_x3f___at___00Erdos85_H3TripleCompletion_findClause_spec__0
000000000001a8b0 T l_List_find_x3f___at___00Erdos85_H3TripleCompletion_findClause_spec__0___boxed
000000000002268c T l_List_find_x3f___at___00Erdos85_H3TripleCompletion_findFresh_spec__0
0000000000022ae8 T l_List_find_x3f___at___00Erdos85_H3TripleCompletion_findFresh_spec__0___boxed
0000000000020b20 T l_List_foldl___at___00Erdos85_H3TripleCompletion_pickCore_spec__0
0000000000021fa4 T l_List_foldl___at___00Erdos85_H3TripleCompletion_pickCore_spec__0___boxed
000000000001fb40 T l_List_foldl___at___00Erdos85_H3TripleCompletion_triCounts_spec__0
00000000000209b8 T l_List_foldl___at___00Erdos85_H3TripleCompletion_triCounts_spec__0___boxed
000000000001fa84 T l_List_foldl___at___00Erdos85_H3TripleCompletion_triCounts_spec__0___lam__0
000000000001fab0 T l_List_foldl___at___00Erdos85_H3TripleCompletion_triCounts_spec__0___lam__0___boxed
000000000001b8fc T l_List_mapTR_loop___at___00Erdos85_H3TripleCompletion_allTriples_spec__0
0000000000025cf8 T l___private_Init_Data_Array_Basic_0__Array_foldlMUnsafe_fold___at___00Erdos85_H3TripleCompletion_stKey_spec__0
0000000000025f84 T l___private_Init_Data_Array_Basic_0__Array_foldlMUnsafe_fold___at___00Erdos85_H3TripleCompletion_stKey_spec__0___boxed
000000000001bda0 T l___private_Init_Data_List_Impl_0__List_flatMapTR_go___at___00Erdos85_H3TripleCompletion_allTriples_spec__1
000000000001c064 T l___private_Init_Data_List_Impl_0__List_flatMapTR_go___at___00Erdos85_H3TripleCompletion_allTriples_spec__2
00000000000178ac T l___private_Init_Data_List_Impl_0__List_flatMapTR_go___at___00Erdos85_H3TripleCompletion_coreClauses_spec__0
