000000000002a4dc T __init_cpu_features
000000000002a2c0 T __init_cpu_features_resolver
000000000002a54c T _fini
000000000002a538 T _init
00000000000267d4 T initialize_proofs_Proofs_Erdos85H3TripleCompletionRuntime
000000000004acb0 B lp_proofs_Erdos85_H3TripleCompletion_M49
000000000001845c T lp_proofs_Erdos85_H3TripleCompletion_St_addEdge
00000000000181d8 T lp_proofs_Erdos85_H3TripleCompletion_St_adj
0000000000018394 T lp_proofs_Erdos85_H3TripleCompletion_St_adj___boxed
0000000000019488 T lp_proofs_Erdos85_H3TripleCompletion_St_allowed
0000000000019894 T lp_proofs_Erdos85_H3TripleCompletion_St_allowed___boxed
0000000000019968 T lp_proofs_Erdos85_H3TripleCompletion_St_tryAdd
0000000000022fac T lp_proofs_Erdos85_H3TripleCompletion_addTri
000000000004acb8 B lp_proofs_Erdos85_H3TripleCompletion_allTriples
00000000000177cc T lp_proofs_Erdos85_H3TripleCompletion_capOf
0000000000017814 T lp_proofs_Erdos85_H3TripleCompletion_capOf___boxed
0000000000019b68 T lp_proofs_Erdos85_H3TripleCompletion_clauseOpen
0000000000019e64 T lp_proofs_Erdos85_H3TripleCompletion_clauseOpen___boxed
0000000000017694 T lp_proofs_Erdos85_H3TripleCompletion_col
00000000000176f8 T lp_proofs_Erdos85_H3TripleCompletion_col___boxed
0000000000023bc4 T lp_proofs_Erdos85_H3TripleCompletion_containsM
0000000000024020 T lp_proofs_Erdos85_H3TripleCompletion_containsM___boxed
000000000001c68c T lp_proofs_Erdos85_H3TripleCompletion_containsV
000000000001cc8c T lp_proofs_Erdos85_H3TripleCompletion_containsV___boxed
000000000004ac90 B lp_proofs_Erdos85_H3TripleCompletion_coreClauses
000000000004aca0 B lp_proofs_Erdos85_H3TripleCompletion_coreVerts
000000000001ad74 T lp_proofs_Erdos85_H3TripleCompletion_dfs1
000000000001bc4c T lp_proofs_Erdos85_H3TripleCompletion_dfs1___boxed
00000000000258f4 T lp_proofs_Erdos85_H3TripleCompletion_dfs2
0000000000025884 T lp_proofs_Erdos85_H3TripleCompletion_dfs2___boxed
000000000004aca8 B lp_proofs_Erdos85_H3TripleCompletion_emptyVerts
000000000004ac78 B lp_proofs_Erdos85_H3TripleCompletion_fiber0
000000000004ac80 B lp_proofs_Erdos85_H3TripleCompletion_fiber1
000000000004ac88 B lp_proofs_Erdos85_H3TripleCompletion_fiber2
0000000000017894 T lp_proofs_Erdos85_H3TripleCompletion_fiberList
0000000000017a30 T lp_proofs_Erdos85_H3TripleCompletion_fiberList___boxed
0000000000017a88 T lp_proofs_Erdos85_H3TripleCompletion_fiberMask
0000000000017c14 T lp_proofs_Erdos85_H3TripleCompletion_fiberMask___boxed
000000000001ad04 T lp_proofs_Erdos85_H3TripleCompletion_findClause
000000000001ad14 T lp_proofs_Erdos85_H3TripleCompletion_findClause___boxed
0000000000022f3c T lp_proofs_Erdos85_H3TripleCompletion_findFresh
0000000000022f4c T lp_proofs_Erdos85_H3TripleCompletion_findFresh___boxed
000000000001dedc T lp_proofs_Erdos85_H3TripleCompletion_hasAllCols
000000000001ec20 T lp_proofs_Erdos85_H3TripleCompletion_hasAllColsFast
000000000001ef78 T lp_proofs_Erdos85_H3TripleCompletion_hasAllColsFast___boxed
000000000001e024 T lp_proofs_Erdos85_H3TripleCompletion_hasAllCols___boxed
000000000001db00 T lp_proofs_Erdos85_H3TripleCompletion_hasCol
000000000001de08 T lp_proofs_Erdos85_H3TripleCompletion_hasCol___boxed
000000000004ac98 B lp_proofs_Erdos85_H3TripleCompletion_highVerts
0000000000025b44 T lp_proofs_Erdos85_H3TripleCompletion_initRow
0000000000025b84 T lp_proofs_Erdos85_H3TripleCompletion_initRow___boxed
000000000001d1e4 T lp_proofs_Erdos85_H3TripleCompletion_insertable
000000000001da64 T lp_proofs_Erdos85_H3TripleCompletion_insertable___boxed
000000000001754c T lp_proofs_Erdos85_H3TripleCompletion_maskOf
000000000001763c T lp_proofs_Erdos85_H3TripleCompletion_maskOf___boxed
000000000001cd2c T lp_proofs_Erdos85_H3TripleCompletion_pairOK
000000000001d110 T lp_proofs_Erdos85_H3TripleCompletion_pairOK___boxed
0000000000023824 T lp_proofs_Erdos85_H3TripleCompletion_patLoop
00000000000248ec T lp_proofs_Erdos85_H3TripleCompletion_patLoopSplit
00000000000249bc T lp_proofs_Erdos85_H3TripleCompletion_patLoopSplit___boxed
0000000000023ba4 T lp_proofs_Erdos85_H3TripleCompletion_patLoop___boxed
00000000000223f4 T lp_proofs_Erdos85_H3TripleCompletion_pickCore
00000000000229b8 T lp_proofs_Erdos85_H3TripleCompletion_pickCore___boxed
000000000004acc0 B lp_proofs_Erdos85_H3TripleCompletion_s0
0000000000026024 T lp_proofs_Erdos85_H3TripleCompletion_s0___lam__0
0000000000026050 T lp_proofs_Erdos85_H3TripleCompletion_s0___lam__0___boxed
000000000002662c T lp_proofs_Erdos85_H3TripleCompletion_stKey
0000000000026780 T lp_proofs_Erdos85_H3TripleCompletion_stKey___boxed
000000000001eb04 T lp_proofs_Erdos85_H3TripleCompletion_stateOK
000000000001fd18 T lp_proofs_Erdos85_H3TripleCompletion_stateOKFast
000000000001fd90 T lp_proofs_Erdos85_H3TripleCompletion_stateOKFast___boxed
000000000001eb74 T lp_proofs_Erdos85_H3TripleCompletion_stateOK___boxed
0000000000024c2c T lp_proofs_Erdos85_H3TripleCompletion_step2
00000000000254b8 T lp_proofs_Erdos85_H3TripleCompletion_step2___boxed
0000000000024a20 T lp_proofs_Erdos85_H3TripleCompletion_step2___lam__0
0000000000024c08 T lp_proofs_Erdos85_H3TripleCompletion_step2___lam__0___boxed
0000000000020dd0 T lp_proofs_Erdos85_H3TripleCompletion_triCounts
0000000000020e40 T lp_proofs_Erdos85_H3TripleCompletion_triCounts___boxed
000000000001a784 T lp_proofs_Erdos85_H3TripleCompletion_twinSkip
000000000001a810 T lp_proofs_Erdos85_H3TripleCompletion_twinSkip___boxed
0000000000018fa4 T lp_proofs_List_all___at___00Erdos85_H3TripleCompletion_St_allowed_spec__0
00000000000193b4 T lp_proofs_List_all___at___00Erdos85_H3TripleCompletion_St_allowed_spec__0___boxed
000000000001b5d8 T lp_proofs_List_all___at___00Erdos85_H3TripleCompletion_dfs1_spec__0
000000000001bba4 T lp_proofs_List_all___at___00Erdos85_H3TripleCompletion_dfs1_spec__0___boxed
000000000001f808 T lp_proofs_List_all___at___00Erdos85_H3TripleCompletion_stateOKFast_spec__0
000000000001fc74 T lp_proofs_List_all___at___00Erdos85_H3TripleCompletion_stateOKFast_spec__0___boxed
000000000001f018 T lp_proofs_List_all___at___00Erdos85_H3TripleCompletion_stateOKFast_spec__1
000000000001f770 T lp_proofs_List_all___at___00Erdos85_H3TripleCompletion_stateOKFast_spec__1___boxed
000000000001e724 T lp_proofs_List_all___at___00Erdos85_H3TripleCompletion_stateOK_spec__0
000000000001ea64 T lp_proofs_List_all___at___00Erdos85_H3TripleCompletion_stateOK_spec__0___boxed
000000000001e32c T lp_proofs_List_all___at___00Erdos85_H3TripleCompletion_stateOK_spec__1
000000000001e684 T lp_proofs_List_all___at___00Erdos85_H3TripleCompletion_stateOK_spec__1___boxed
000000000001e0c4 T lp_proofs_List_all___at___00Erdos85_H3TripleCompletion_stateOK_spec__2
000000000001e28c T lp_proofs_List_all___at___00Erdos85_H3TripleCompletion_stateOK_spec__2___boxed
0000000000019f38 T lp_proofs_List_any___at___00Erdos85_H3TripleCompletion_twinSkip_spec__0
000000000001a688 T lp_proofs_List_any___at___00Erdos85_H3TripleCompletion_twinSkip_spec__0___boxed
00000000000254d8 T lp_proofs_List_filterTR_loop___at___00Erdos85_H3TripleCompletion_dfs2_spec__0
0000000000025830 T lp_proofs_List_filterTR_loop___at___00Erdos85_H3TripleCompletion_dfs2_spec__0___boxed
00000000000240f4 T lp_proofs_List_filterTR_loop___at___00Erdos85_H3TripleCompletion_patLoopSplit_spec__0
0000000000024458 T lp_proofs_List_filterTR_loop___at___00Erdos85_H3TripleCompletion_patLoopSplit_spec__0___boxed
00000000000244f0 T lp_proofs_List_filterTR_loop___at___00Erdos85_H3TripleCompletion_patLoopSplit_spec__1
0000000000024854 T lp_proofs_List_filterTR_loop___at___00Erdos85_H3TripleCompletion_patLoopSplit_spec__1___boxed
0000000000025c14 T lp_proofs_List_filterTR_loop___at___00Erdos85_H3TripleCompletion_s0_spec__0
0000000000025fcc T lp_proofs_List_filterTR_loop___at___00Erdos85_H3TripleCompletion_s0_spec__0___boxed
000000000001a958 T lp_proofs_List_find_x3f___at___00Erdos85_H3TripleCompletion_findClause_spec__0
000000000001ac70 T lp_proofs_List_find_x3f___at___00Erdos85_H3TripleCompletion_findClause_spec__0___boxed
0000000000022a4c T lp_proofs_List_find_x3f___at___00Erdos85_H3TripleCompletion_findFresh_spec__0
0000000000022ea8 T lp_proofs_List_find_x3f___at___00Erdos85_H3TripleCompletion_findFresh_spec__0___boxed
0000000000020ee0 T lp_proofs_List_foldl___at___00Erdos85_H3TripleCompletion_pickCore_spec__0
0000000000022364 T lp_proofs_List_foldl___at___00Erdos85_H3TripleCompletion_pickCore_spec__0___boxed
000000000001ff00 T lp_proofs_List_foldl___at___00Erdos85_H3TripleCompletion_triCounts_spec__0
0000000000020d78 T lp_proofs_List_foldl___at___00Erdos85_H3TripleCompletion_triCounts_spec__0___boxed
000000000001fe44 T lp_proofs_List_foldl___at___00Erdos85_H3TripleCompletion_triCounts_spec__0___lam__0
000000000001fe70 T lp_proofs_List_foldl___at___00Erdos85_H3TripleCompletion_triCounts_spec__0___lam__0___boxed
000000000001bcbc T lp_proofs_List_mapTR_loop___at___00Erdos85_H3TripleCompletion_allTriples_spec__0
00000000000260b8 T lp_proofs___private_Init_Data_Array_Basic_0__Array_foldlMUnsafe_fold___at___00Erdos85_H3TripleCompletion_stKey_spec__0
0000000000026344 T lp_proofs___private_Init_Data_Array_Basic_0__Array_foldlMUnsafe_fold___at___00Erdos85_H3TripleCompletion_stKey_spec__0___boxed
000000000001c160 T lp_proofs___private_Init_Data_List_Impl_0__List_flatMapTR_go___at___00Erdos85_H3TripleCompletion_allTriples_spec__1
000000000001c424 T lp_proofs___private_Init_Data_List_Impl_0__List_flatMapTR_go___at___00Erdos85_H3TripleCompletion_allTriples_spec__2
0000000000017c6c T lp_proofs___private_Init_Data_List_Impl_0__List_flatMapTR_go___at___00Erdos85_H3TripleCompletion_coreClauses_spec__0
