[e85] waiting for another job on worktree erdos85__h3-census-20261008 ...
[e85] job 20261008T014827-erdos85__h3-census-20261008-82783  ref=erdos85/h3-census-20261008  worktree=/opt/e85/wt/erdos85__h3-census-20261008  started 2026-10-08T02:06:42Z
[e85] commit 3e67a0afc3b9b99a478f5c37cc7c2ac29a8bcfb7 (Correct manuscript record to v9 and current release gap)
=== Docker Lean Build ===
Memory limit: 32768MB (hard enforced via cgroups)
Timeout: 4h
CPU limit: 16
Target: all
Build volume: lean-build-erdos85__h3-census-20261008
Extra read-only mounts: /Volumes/Stripe/lean-genius/artifacts

Command: lake env python3 ../research/problems/erdos-85-wip-01/h3_strong_final_census_20261008/check.py --base-build /workspace/research/problems/erdos-85-wip-01/h3_strong_census_20261008/_build/cloud-dedicated-first/full --output /workspace/research/problems/erdos-85-wip-01/h3_strong_final_census_20261008/_build/cloud-first
Starting Docker build...

[30s] Building...
{"module": "LiteralData", "status": "PASS"}
{"module": "CoverageAssemblyStructure", "status": "PASS"}
[60s] Building...
[90s] Building...
[120s] Building...
[150s] Building...
[180s] Building...
{"module": "CoverageShard0", "status": "PASS"}
[210s] Building...
[240s] Building...
[270s] Building...
[300s] Building...
[330s] Building...
[360s] Building...
[390s] Building...
[420s] Building...
{"module": "CoverageShard1", "status": "PASS"}
[450s] Building...
[480s] Building...
[510s] Building...
[540s] Building...
{"module": "CoverageShard2", "status": "PASS"}
[570s] Building...
[600s] Building...
{"module": "CoverageShard3", "status": "PASS"}
[630s] Building...
[660s] Building...
[690s] Building...
[720s] Building...
{"module": "CoverageShard4", "status": "PASS"}
[750s] Building...
[780s] Building...
[810s] Building...
{"module": "CoverageShard5", "status": "PASS"}
[840s] Building...
[870s] Building...
[900s] Building...
{"module": "CoverageShard6", "status": "PASS"}
[930s] Building...
[960s] Building...
[990s] Building...
[1020s] Building...
{"module": "CoverageShard7", "status": "PASS"}
[1050s] Building...
[1080s] Building...
{"module": "CoverageShard8", "status": "PASS"}
[1110s] Building...
[1140s] Building...
[1170s] Building...
{"module": "CoverageShard9", "status": "PASS"}
[1200s] Building...
[1230s] Building...
{"module": "CoverageShard10", "status": "PASS"}
[1260s] Building...
[1290s] Building...
{"module": "CoverageShard11", "status": "PASS"}
[1320s] Building...
[1350s] Building...
[1380s] Building...
[1410s] Building...
[1440s] Building...
[1470s] Building...
[1500s] Building...
{"module": "CoverageShard12", "status": "PASS"}
[1530s] Building...
[1560s] Building...
{"module": "CoverageShard13", "status": "PASS"}
[1590s] Building...
[1620s] Building...
[1650s] Building...
[1680s] Building...
[1710s] Building...
[1740s] Building...
{"module": "CoverageShard14", "status": "PASS"}
[1770s] Building...
[1800s] Building...
[1830s] Building...
{"module": "CoverageShard15", "status": "PASS"}
[1860s] Building...
[1890s] Building...
[1920s] Building...
{"module": "LeafPilot", "status": "PASS"}
[1950s] Building...
[1980s] Building...
{"module": "CoverageShard17", "status": "PASS"}
[2010s] Building...
[2040s] Building...
[2070s] Building...
{"module": "CoverageShard18", "status": "PASS"}
[2100s] Building...
[2130s] Building...
[2160s] Building...
[2190s] Building...
{"module": "CoverageShard19", "status": "PASS"}
[2220s] Building...
[2250s] Building...
[2280s] Building...
[2310s] Building...
[2340s] Building...
[2370s] Building...
[2400s] Building...
[2430s] Building...
{"module": "CoverageShard20", "status": "PASS"}
[2460s] Building...
[2490s] Building...
[2520s] Building...
{"module": "CoverageShard21", "status": "PASS"}
[2550s] Building...
[2580s] Building...
[2610s] Building...
[2640s] Building...
[2670s] Building...
[2700s] Building...
[2730s] Building...
[2760s] Building...
{"module": "CoverageShard22", "status": "PASS"}
[2790s] Building...
[2820s] Building...
[2850s] Building...
{"module": "CoverageShard23", "status": "PASS"}
[2880s] Building...
[2910s] Building...
[2940s] Building...
[2970s] Building...
{"module": "CoverageShard24", "status": "PASS"}
[3000s] Building...
[3030s] Building...
[3060s] Building...
[3090s] Building...
{"module": "CoverageShard25", "status": "PASS"}
[3120s] Building...
[3150s] Building...
[3180s] Building...
[3210s] Building...
{"module": "CoverageShard26", "status": "PASS"}
[3240s] Building...
[3270s] Building...
{"module": "CoverageShard27", "status": "PASS"}
[3300s] Building...
[3330s] Building...
{"module": "CoverageShard28", "status": "PASS"}
[3360s] Building...
[3390s] Building...
[3420s] Building...
{"module": "CoverageShard29", "status": "PASS"}
[3450s] Building...
[3480s] Building...
{"module": "CoverageShard30", "status": "PASS"}
[3510s] Building...
{"module": "LiteralDataPilot", "status": "PASS"}
[3540s] Building...
[3570s] Building...
{"module": "CoverageShard32", "status": "PASS"}
[3600s] Building...
[3630s] Building...
{"module": "CoverageShard33", "status": "PASS"}
[3660s] Building...
[3690s] Building...
{"module": "CoverageShard34", "status": "PASS"}
[3720s] Building...
{"module": "CoverageShard35", "status": "PASS"}
[3750s] Building...
{"module": "CoverageAssembly", "status": "PASS"}
{"module": "CoverageCoordinates", "status": "PASS"}
{"module": "DomainReasons", "status": "PASS"}
{"module": "Inputs", "status": "PASS"}
{"module": "Symmetry", "status": "PASS"}
[3780s] Building...
{"module": "Coordinates", "status": "PASS"}
[3810s] Building...
{"module": "Orbit0", "status": "PASS"}
[3840s] Building...
[3870s] Building...
[3900s] Building...
{"module": "Certificate_00", "status": "PASS"}
[3930s] Building...
{"module": "Rejection0", "status": "PASS"}
[3960s] Building...
{"module": "Orbit1", "status": "PASS"}
[3990s] Building...
[4020s] Building...
[4050s] Building...
{"module": "Certificate_01", "status": "PASS"}
[4080s] Building...
{"module": "Rejection1", "status": "PASS"}
[4110s] Building...
{"module": "Orbit2", "status": "PASS"}
[4140s] Building...
[4170s] Building...
[4200s] Building...
{"module": "Certificate_02", "status": "PASS"}
[4230s] Building...
{"module": "Rejection2", "status": "PASS"}
[4260s] Building...
{"module": "Orbit3", "status": "PASS"}
[4290s] Building...
[4320s] Building...
[4350s] Building...
{"module": "Certificate_03", "status": "PASS"}
{"module": "Rejection3", "status": "PASS"}
[4380s] Building...
[4410s] Building...
{"module": "Orbit4", "status": "PASS"}
[4440s] Building...
[4470s] Building...
[4500s] Building...
{"module": "Certificate_04", "status": "PASS"}
{"module": "Rejection4", "status": "PASS"}
[4530s] Building...
[4560s] Building...
{"module": "Orbit5", "status": "PASS"}
[4590s] Building...
[4620s] Building...
[4650s] Building...
{"module": "Certificate_05", "status": "PASS"}
{"module": "Rejection5", "status": "PASS"}
[4680s] Building...
[4710s] Building...
{"module": "Orbit6", "status": "PASS"}
[4740s] Building...
[4770s] Building...
{"module": "Certificate_06", "status": "PASS"}
[4800s] Building...
{"module": "Rejection6", "status": "PASS"}
[4830s] Building...
{"module": "Orbit7", "status": "PASS"}
[4860s] Building...
[4890s] Building...
[4920s] Building...
{"module": "Certificate_07", "status": "PASS"}
{"module": "Rejection7", "status": "PASS"}
[4950s] Building...
[4980s] Building...
{"module": "Orbit8", "status": "PASS"}
[5010s] Building...
[5040s] Building...
[5070s] Building...
{"module": "Certificate_08", "status": "PASS"}
{"module": "Rejection8", "status": "PASS"}
[5100s] Building...
[5130s] Building...
{"module": "Orbit9", "status": "PASS"}
[5160s] Building...
[5190s] Building...
{"module": "Certificate_09", "status": "PASS"}
{"module": "Rejection9", "status": "PASS"}
[5220s] Building...
[5250s] Building...
{"module": "Orbit10", "status": "PASS"}
[5280s] Building...
[5310s] Building...
[5340s] Building...
{"module": "Certificate_10", "status": "PASS"}
{"module": "Rejection10", "status": "PASS"}
[5370s] Building...
[5400s] Building...
{"module": "Orbit11", "status": "PASS"}
[5430s] Building...
[5460s] Building...
{"module": "Certificate_11", "status": "PASS"}
[5490s] Building...
{"module": "Rejection11", "status": "PASS"}
[5520s] Building...
{"module": "Orbit12", "status": "PASS"}
[5550s] Building...
[5580s] Building...
[5610s] Building...
{"module": "Certificate_12", "status": "PASS"}
{"module": "Rejection12", "status": "PASS"}
[5640s] Building...
[5670s] Building...
{"module": "Orbit13", "status": "PASS"}
[5700s] Building...
[5730s] Building...
[5760s] Building...
{"module": "Certificate_13", "status": "PASS"}
{"module": "Rejection13", "status": "PASS"}
[5790s] Building...
[5820s] Building...
{"module": "Orbit14", "status": "PASS"}
[5850s] Building...
[5880s] Building...
{"module": "Certificate_14", "status": "PASS"}
{"module": "Rejection14", "status": "PASS"}
[5910s] Building...
[5940s] Building...
{"module": "Orbit15", "status": "PASS"}
[5970s] Building...
[6000s] Building...
[6030s] Building...
[6060s] Building...
{"module": "Special15", "status": "PASS"}
[6090s] Building...
{"module": "Rejection15", "status": "PASS"}
[6120s] Building...
{"module": "Orbit16", "status": "PASS"}
[6150s] Building...
[6180s] Building...
[6210s] Building...
{"module": "Certificate_16", "status": "PASS"}
{"module": "Rejection16", "status": "PASS"}
[6240s] Building...
[6270s] Building...
{"module": "Orbit17", "status": "PASS"}
[6300s] Building...
[6330s] Building...
[6360s] Building...
{"module": "Certificate_17", "status": "PASS"}
{"module": "Rejection17", "status": "PASS"}
[6390s] Building...
[6420s] Building...
{"module": "Orbit18", "status": "PASS"}
[6450s] Building...
[6480s] Building...
{"module": "Certificate_18", "status": "PASS"}
[6510s] Building...
{"module": "Rejection18", "status": "PASS"}
[6540s] Building...
{"module": "Orbit19", "status": "PASS"}
[6570s] Building...
[6600s] Building...
[6630s] Building...
{"module": "Certificate_19", "status": "PASS"}
{"module": "Rejection19", "status": "PASS"}
[6660s] Building...
[6690s] Building...
{"module": "Orbit20", "status": "PASS"}
[6720s] Building...
[6750s] Building...
[6780s] Building...
{"module": "Certificate_20", "status": "PASS"}
{"module": "Rejection20", "status": "PASS"}
[6810s] Building...
[6840s] Building...
{"module": "Orbit21", "status": "PASS"}
[6870s] Building...
[6900s] Building...
{"module": "Certificate_21", "status": "PASS"}
[6930s] Building...
{"module": "Rejection21", "status": "PASS"}
[6960s] Building...
{"module": "Orbit22", "status": "PASS"}
[6990s] Building...
[7020s] Building...
[7050s] Building...
{"module": "Certificate_22", "status": "PASS"}
{"module": "Rejection22", "status": "PASS"}
[7080s] Building...
[7110s] Building...
{"module": "Orbit23", "status": "PASS"}
[7140s] Building...
[7170s] Building...
[7200s] Building...
{"module": "Certificate_23", "status": "PASS"}
{"module": "Rejection23", "status": "PASS"}
[7230s] Building...
[7260s] Building...
{"module": "Orbit24", "status": "PASS"}
[7290s] Building...
[7320s] Building...
{"module": "Certificate_24", "status": "PASS"}
{"module": "Rejection24", "status": "PASS"}
[7350s] Building...
[7380s] Building...
{"module": "Orbit25", "status": "PASS"}
[7410s] Building...
[7440s] Building...
[7470s] Building...
{"module": "Certificate_25", "status": "PASS"}
{"module": "Rejection25", "status": "PASS"}
[7500s] Building...
[7530s] Building...
{"module": "Orbit26", "status": "PASS"}
[7560s] Building...
[7590s] Building...
[7620s] Building...
{"module": "Certificate_26", "status": "PASS"}
{"module": "Rejection26", "status": "PASS"}
[7650s] Building...
[7680s] Building...
{"module": "Orbit27", "status": "PASS"}
[7710s] Building...
[7740s] Building...
{"module": "Certificate_27", "status": "PASS"}
{"module": "Rejection27", "status": "PASS"}
[7770s] Building...
[7800s] Building...
{"module": "Orbit28", "status": "PASS"}
[7830s] Building...
[7860s] Building...
[7890s] Building...
{"module": "Certificate_28", "status": "PASS"}
{"module": "Rejection28", "status": "PASS"}
[7920s] Building...
[7950s] Building...
{"module": "Orbit29", "status": "PASS"}
[7980s] Building...
[8010s] Building...
{"module": "Certificate_29", "status": "PASS"}
{"module": "Rejection29", "status": "PASS"}
[8040s] Building...
[8070s] Building...
{"module": "Orbit30", "status": "PASS"}
[8100s] Building...
[8130s] Building...
[8160s] Building...
{"module": "Certificate_30", "status": "PASS"}
{"module": "Rejection30", "status": "PASS"}
[8190s] Building...
[8220s] Building...
{"module": "Orbit31", "status": "PASS"}
[8250s] Building...
[8280s] Building...
{"module": "Certificate_31", "status": "PASS"}
[8310s] Building...
{"module": "Rejection31", "status": "PASS"}
[8340s] Building...
{"module": "Orbit32", "status": "PASS"}
[8370s] Building...
[8400s] Building...
[8430s] Building...
{"module": "Certificate_32", "status": "PASS"}
{"module": "Rejection32", "status": "PASS"}
[8460s] Building...
[8490s] Building...
{"module": "Orbit33", "status": "PASS"}
[8520s] Building...
[8550s] Building...
[8580s] Building...
[8610s] Building...
{"module": "Special33", "status": "PASS"}
{"module": "Rejection33", "status": "PASS"}
[8640s] Building...
{"module": "Orbit34", "status": "PASS"}
[8670s] Building...
[8700s] Building...
[8730s] Building...
{"module": "Certificate_34", "status": "PASS"}
{"module": "Rejection34", "status": "PASS"}
[8760s] Building...
[8790s] Building...
{"module": "Orbit35", "status": "PASS"}
[8820s] Building...
[8850s] Building...
[8880s] Building...
{"module": "Certificate_35", "status": "PASS"}
{"module": "Rejection35", "status": "PASS"}
[8910s] Building...
[8940s] Building...
{"module": "Orbit36", "status": "PASS"}
[8970s] Building...
[9000s] Building...
{"module": "Certificate_36", "status": "PASS"}
{"module": "Rejection36", "status": "PASS"}
[9030s] Building...
[9060s] Building...
{"module": "Orbit37", "status": "PASS"}
[9090s] Building...
[9120s] Building...
[9150s] Building...
{"module": "Certificate_37", "status": "PASS"}
{"module": "Rejection37", "status": "PASS"}
[9180s] Building...
[9210s] Building...
{"module": "Orbit38", "status": "PASS"}
[9240s] Building...
[9270s] Building...
{"module": "Certificate_38", "status": "PASS"}
{"module": "Rejection38", "status": "PASS"}
[9300s] Building...
[9330s] Building...
{"module": "Orbit39", "status": "PASS"}
[9360s] Building...
[9390s] Building...
[9420s] Building...
{"module": "Certificate_39", "status": "PASS"}
{"module": "Rejection39", "status": "PASS"}
[9450s] Building...
[9480s] Building...
{"module": "Orbit40", "status": "PASS"}
[9510s] Building...
[9540s] Building...
[9570s] Building...
{"module": "Certificate_40", "status": "PASS"}
{"module": "Rejection40", "status": "PASS"}
[9600s] Building...
{"module": "Orbit41", "status": "PASS"}
[9630s] Building...
[9660s] Building...
[9690s] Building...
{"module": "Certificate_41", "status": "PASS"}
{"module": "Rejection41", "status": "PASS"}
[9720s] Building...
[9750s] Building...
{"module": "Orbit42", "status": "PASS"}
[9780s] Building...
[9810s] Building...
[9840s] Building...
{"module": "Certificate_42", "status": "PASS"}
{"module": "Rejection42", "status": "PASS"}
[9870s] Building...
[9900s] Building...
{"module": "Orbit43", "status": "PASS"}
[9930s] Building...
[9960s] Building...
{"module": "Certificate_43", "status": "PASS"}
{"module": "Rejection43", "status": "PASS"}
[9990s] Building...
[10020s] Building...
{"module": "Orbit44", "status": "PASS"}
[10050s] Building...
[10080s] Building...
[10110s] Building...
{"module": "Certificate_44", "status": "PASS"}
{"module": "Rejection44", "status": "PASS"}
[10140s] Building...
[10170s] Building...
{"module": "Orbit45", "status": "PASS"}
[10200s] Building...
[10230s] Building...
[10260s] Building...
{"module": "Certificate_45", "status": "PASS"}
{"module": "Rejection45", "status": "PASS"}
[10290s] Building...
[10320s] Building...
{"module": "Orbit46", "status": "PASS"}
[10350s] Building...
[10380s] Building...
{"module": "Certificate_46", "status": "PASS"}
{"module": "Rejection46", "status": "PASS"}
[10410s] Building...
[10440s] Building...
{"module": "Orbit47", "status": "PASS"}
[10470s] Building...
[10500s] Building...
[10530s] Building...
{"module": "Certificate_47", "status": "PASS"}
{"module": "Rejection47", "status": "PASS"}
[10560s] Building...
[10590s] Building...
{"module": "Orbit48", "status": "PASS"}
[10620s] Building...
[10650s] Building...
{"module": "Certificate_48", "status": "PASS"}
[10680s] Building...
{"module": "Rejection48", "status": "PASS"}
[10710s] Building...
{"module": "Orbit49", "status": "PASS"}
[10740s] Building...
[10770s] Building...
[10800s] Building...
{"module": "Certificate_49", "status": "PASS"}
{"module": "Rejection49", "status": "PASS"}
[10830s] Building...
[10860s] Building...
{"module": "Orbit50", "status": "PASS"}
[10890s] Building...
[10920s] Building...
[10950s] Building...
{"module": "Certificate_50", "status": "PASS"}
{"module": "Rejection50", "status": "PASS"}
[10980s] Building...
[11010s] Building...
{"module": "Orbit51", "status": "PASS"}
[11040s] Building...
[11070s] Building...
[11100s] Building...
{"module": "Certificate_51", "status": "PASS"}
{"module": "Rejection51", "status": "PASS"}
[11130s] Building...
[11160s] Building...
{"module": "Orbit52", "status": "PASS"}
[11190s] Building...
[11220s] Building...
[11250s] Building...
{"module": "Certificate_52", "status": "PASS"}
{"module": "Rejection52", "status": "PASS"}
[11280s] Building...
{"module": "Orbit53", "status": "PASS"}
[11310s] Building...
[11340s] Building...
[11370s] Building...
[11400s] Building...
{"module": "Certificate_53", "status": "PASS"}
{"module": "Rejection53", "status": "PASS"}
[11430s] Building...
[11460s] Building...
{"module": "Orbit54", "status": "PASS"}
[11490s] Building...
[11520s] Building...
[11550s] Building...
{"module": "Certificate_54", "status": "PASS"}
{"module": "Rejection54", "status": "PASS"}
[11580s] Building...
[11610s] Building...
{"module": "Orbit55", "status": "PASS"}
[11640s] Building...
[11670s] Building...
[11700s] Building...
{"module": "Certificate_55", "status": "PASS"}
{"module": "Rejection55", "status": "PASS"}
[11730s] Building...
[11760s] Building...
{"module": "Orbit56", "status": "PASS"}
[11790s] Building...
[11820s] Building...
{"module": "Certificate_56", "status": "PASS"}
[11850s] Building...
{"module": "Rejection56", "status": "PASS"}
[11880s] Building...
{"module": "Orbit57", "status": "PASS"}
[11910s] Building...
[11940s] Building...
[11970s] Building...
{"module": "Certificate_57", "status": "PASS"}
{"module": "Rejection57", "status": "PASS"}
[12000s] Building...
[12030s] Building...
{"module": "Orbit58", "status": "PASS"}
[12060s] Building...
[12090s] Building...
[12120s] Building...
{"module": "Certificate_58", "status": "PASS"}
{"module": "Rejection58", "status": "PASS"}
[12150s] Building...
[12180s] Building...
{"module": "Orbit59", "status": "PASS"}
[12210s] Building...
[12240s] Building...
[12270s] Building...
{"module": "Certificate_59", "status": "PASS"}
{"module": "Rejection59", "status": "PASS"}
[12300s] Building...
[12330s] Building...
{"module": "Orbit60", "status": "PASS"}
[12360s] Building...
[12390s] Building...
[12420s] Building...
{"module": "Certificate_60", "status": "PASS"}
{"module": "Rejection60", "status": "PASS"}
[12450s] Building...
[12480s] Building...
{"module": "Orbit61", "status": "PASS"}
[12510s] Building...
[12540s] Building...
[12570s] Building...
{"module": "Certificate_61", "status": "PASS"}
{"module": "Rejection61", "status": "PASS"}
[12600s] Building...
[12630s] Building...
{"module": "Orbit62", "status": "PASS"}
[12660s] Building...
[12690s] Building...
[12720s] Building...
{"module": "Certificate_62", "status": "PASS"}
{"module": "Rejection62", "status": "PASS"}
[12750s] Building...
[12780s] Building...
{"module": "Orbit63", "status": "PASS"}
[12810s] Building...
[12840s] Building...
[12870s] Building...
{"module": "Certificate_63", "status": "PASS"}
{"module": "Rejection63", "status": "PASS"}
[12900s] Building...
[12930s] Building...
{"module": "Orbit64", "status": "PASS"}
[12960s] Building...
[12990s] Building...
[13020s] Building...
{"module": "Certificate_64", "status": "PASS"}
{"module": "Rejection64", "status": "PASS"}
[13050s] Building...
[13080s] Building...
{"module": "Orbit65", "status": "PASS"}
[13110s] Building...
[13140s] Building...
[13170s] Building...
{"module": "Certificate_65", "status": "PASS"}
{"module": "Rejection65", "status": "PASS"}
[13200s] Building...
[13230s] Building...
{"module": "Orbit66", "status": "PASS"}
[13260s] Building...
[13290s] Building...
[13320s] Building...
{"module": "Certificate_66", "status": "PASS"}
{"module": "Rejection66", "status": "PASS"}
[13350s] Building...
[13380s] Building...
{"module": "Orbit67", "status": "PASS"}
[13410s] Building...
[13440s] Building...
[13470s] Building...
{"module": "Certificate_67", "status": "PASS"}
{"module": "Rejection67", "status": "PASS"}
[13500s] Building...
[13530s] Building...
{"module": "Orbit68", "status": "PASS"}
[13560s] Building...
[13590s] Building...
[13620s] Building...
{"module": "Certificate_68", "status": "PASS"}
{"module": "Rejection68", "status": "PASS"}
[13650s] Building...
[13680s] Building...
{"module": "Orbit69", "status": "PASS"}
[13710s] Building...
[13740s] Building...
[13770s] Building...
{"module": "Certificate_69", "status": "PASS"}
{"module": "Rejection69", "status": "PASS"}
{"module": "AllRejections", "status": "PASS"}
[13800s] Building...
{"module": "OrderedLeaves", "status": "PASS"}
{"module": "TableRejections", "status": "PASS"}
{"module": "FixedPairExclusion", "status": "PASS"}
{"module": "TerminalReduction", "status": "PASS"}
[13830s] Building...
{"module": "SubsetPair20_3Data", "status": "PASS"}
{"module": "SubsetPair20_3Inputs", "status": "PASS"}
{"module": "SubsetPair20_3Exclusion", "status": "PASS"}
{"module": "SubsetPair20_14Data", "status": "PASS"}
[13860s] Building...
{"module": "SubsetPair20_14Inputs", "status": "PASS"}
{"module": "SubsetPair20_14Exclusion", "status": "PASS"}
{"module": "SubsetPair20_15Data", "status": "PASS"}
{"module": "SubsetPair20_15Inputs", "status": "PASS"}
{"module": "SubsetPair20_15Exclusion", "status": "PASS"}
[13890s] Building...
{"module": "SubsetPair20_16Data", "status": "PASS"}
{"module": "SubsetPair20_16Inputs", "status": "PASS"}
{"module": "SubsetPair20_16Exclusion", "status": "PASS"}
{"module": "SubsetPair26_3Data", "status": "PASS"}
[13920s] Building...
{"module": "SubsetPair26_3Inputs", "status": "PASS"}
{"module": "SubsetPair26_3Exclusion", "status": "PASS"}
{"module": "SubsetPair26_6Data", "status": "PASS"}
{"module": "SubsetPair26_6Inputs", "status": "PASS"}
{"module": "SubsetPair26_6Exclusion", "status": "PASS"}
[13950s] Building...
{"module": "SubsetPair26_8Data", "status": "PASS"}
{"module": "SubsetPair26_8Inputs", "status": "PASS"}
{"module": "SubsetPair26_8Exclusion", "status": "PASS"}
{"module": "SubsetPair26_12Data", "status": "PASS"}
[13980s] Building...
{"module": "SubsetPair26_12Inputs", "status": "PASS"}
{"module": "SubsetPair26_12Exclusion", "status": "PASS"}
{"module": "SubsetPair26_14Data", "status": "PASS"}
{"module": "SubsetPair26_14Inputs", "status": "PASS"}
{"module": "SubsetPair26_14Exclusion", "status": "PASS"}
[14010s] Building...
{"module": "SubsetPair26_15Data", "status": "PASS"}
{"module": "SubsetPair26_15Inputs", "status": "PASS"}
{"module": "SubsetPair26_15Exclusion", "status": "PASS"}
{"module": "SubsetPair26_16Data", "status": "PASS"}
[14040s] Building...
{"module": "SubsetPair26_16Inputs", "status": "PASS"}
{"module": "SubsetPair26_16Exclusion", "status": "PASS"}
{"module": "SubsetPair26_17Data", "status": "PASS"}
{"module": "SubsetPair26_17Inputs", "status": "PASS"}
{"module": "SubsetPair26_17Exclusion", "status": "PASS"}
[14070s] Building...
{"module": "SubsetPair26_18Data", "status": "PASS"}
{"module": "SubsetPair26_18Inputs", "status": "PASS"}
{"module": "SubsetPair26_18Exclusion", "status": "PASS"}
{"module": "SubsetCapacityBatch", "status": "PASS"}
{"module": "Zero32Data", "status": "PASS"}
[14100s] Building...
{"module": "Zero32Structure", "status": "PASS"}
[14130s] Building...
{"module": "Zero32Shard0", "status": "PASS"}
[14160s] Building...
{"module": "Zero32Shard1", "status": "PASS"}
[14190s] Building...
{"module": "Zero32Shard2", "status": "PASS"}
[14220s] Building...
[14250s] Building...
{"module": "Zero32Shard3", "status": "PASS"}
[14280s] Building...
{"module": "Zero32Shard4", "status": "PASS"}
[14310s] Building...
[14340s] Building...
{"module": "Zero32Shard5", "status": "PASS"}
[14370s] Building...
{"module": "Zero32Shard6", "status": "PASS"}
[14400s] Building...
Timeout exceeded, stopping container...
{"module": "Zero32Shard7", "status": "PASS"}
lean-build-95065
