'FullUOrbitTransport.joint_transport' depends on axioms: [propext, Classical.choice, Quot.sound]
'FullUOrbitTransport.actual_full_witness' depends on axioms: [propext, Classical.choice, Quot.sound]
'FullUOrbitTransport.actual_full_excluded' depends on axioms: [propext, Classical.choice, Quot.sound]
'FullUOrbitPruning.triangle_checked' depends on axioms: [propext, Classical.choice, Quot.sound]
'FullUOrbitPruning.far_color_checked' depends on axioms: [propext, Classical.choice, Quot.sound]
'FullUOrbitPruning.far_R_checked' depends on axioms: [propext, Quot.sound]
'FullUOrbitPruning.remainingPairs_card' depends on axioms: [propext, Classical.choice, Quot.sound]
'FullUOrbitPruning.actual_pair_mem' depends on axioms: [propext, Classical.choice, Quot.sound]
'FullUOrbitPruning.actual_full_witness_pruned' depends on axioms: [propext, Classical.choice, Quot.sound]
'FullUOrbitPruning.actual_full_excluded_pruned' depends on axioms: [propext, Classical.choice, Quot.sound]
'FullUBlockOrbits.inverse_checked' depends on axioms: [propext, Quot.sound]
'FullUBlockOrbits.block_inverse_checked' depends on axioms: [propext, Quot.sound]
'FullUBlockOrbits.adjacency_checked' depends on axioms: [propext, Classical.choice, Quot.sound]
'FullUBlockOrbits.rows_checked' depends on axioms: [propext, Classical.choice, Quot.sound]
'FullUBlockOrbits.target_mem' depends on axioms: [propext, Quot.sound]
'FullUBlockOrbits.targets_card' depends on axioms: [propext, Quot.sound]
'FullUBlockOrbits.joint_transport' depends on axioms: [propext, Classical.choice, Quot.sound]
'FullUBlockPruning.remainingPairs_card' depends on axioms: [propext, Classical.choice, Quot.sound]
'FullUBlockPruning.remainingPairs_subset' depends on axioms: [propext, Classical.choice, Quot.sound]
'FullUBlockPruning.joint_witness_reduced' depends on axioms: [propext, Classical.choice, Quot.sound]
'FullUBlockPruning.actual_full_witness_pruned' depends on axioms: [propext, Classical.choice, Quot.sound]
'FullUBlockPruning.actual_full_excluded_pruned' depends on axioms: [propext, Classical.choice, Quot.sound]
