[e85] job 20261008T102318-erdos85__h5-formal-20261008-409207  ref=erdos85/h5-formal-20261008  worktree=/opt/e85/wt/erdos85__h5-formal-20261008  started 2026-10-08T10:23:18Z
[e85] commit 6e85c306db71d4080850edfc4ef5436544cc2997 (erdos85: H5 engine and bridge (first draft), C sizing prototype)
[e85] seeding lean-build-erdos85__h5-formal-20261008 from lean-mathlib-cache (reflink copy)
=== Docker Lean Build ===
Memory limit: 65536MB (hard enforced via cgroups)
Timeout: 30m
CPU limit: 16
Target: Proofs.Erdos85H5Bridge
Build volume: lean-build-erdos85__h5-formal-20261008
Extra read-only mounts: /Volumes/Stripe/lean-genius/artifacts

Starting Docker build...

⚠ [8575/8694] Replayed Proofs.FriendshipTheoremOQ01
warning: Proofs/FriendshipTheoremOQ01.lean:152:19: Variable name `huw` is not explicitly referenced.

The binding can be removed (if unused) or named `_` (if used implicitly).

Note: This linter can be disabled with `set_option linter.unusedVariables false`
warning: Proofs/FriendshipTheoremOQ01.lean:152:33: Variable name `hvw` is not explicitly referenced.

The binding can be removed (if unused) or named `_` (if used implicitly).

Note: This linter can be disabled with `set_option linter.unusedVariables false`
warning: Proofs/FriendshipTheoremOQ01.lean:153:5: Variable name `hadj_uv` is not explicitly referenced.

The binding can be removed (if unused) or named `_` (if used implicitly).

Note: This linter can be disabled with `set_option linter.unusedVariables false`
warning: Proofs/FriendshipTheoremOQ01.lean:315:19: `push_neg` has been deprecated. Prefer using `push Not` instead.
If you'd rather continue using `push_neg` in your project, you can implement it as follows:
```
open Lean.Parser.Tactic in
macro "push_neg" cfg:optConfig loc:(location)? : tactic =>
  `(tactic| push $cfg:optConfig Not $[$loc]?)
```
warning: Proofs/FriendshipTheoremOQ01.lean:317:21: `push_neg` has been deprecated. Prefer using `push Not` instead.
If you'd rather continue using `push_neg` in your project, you can implement it as follows:
```
open Lean.Parser.Tactic in
macro "push_neg" cfg:optConfig loc:(location)? : tactic =>
  `(tactic| push $cfg:optConfig Not $[$loc]?)
```
warning: Proofs/FriendshipTheoremOQ01.lean:313:47: 'push_cast at hc ⊢' tactic does nothing

Note: This linter can be disabled with `set_option linter.unusedTactic false`
warning: Proofs/FriendshipTheoremOQ01.lean:404:37: This simp argument is unused:
  G.loopless.irrefl v

Hint: Omit it from the simp argument list.
  simp [SimpleGraph.adjMatrix_apply,̵ ̵G̵.̵l̵o̵o̵p̵l̵e̵s̵s̵.̵i̵r̵r̵e̵f̵l̵ ̵v̵]

Note: This linter can be disabled with `set_option linter.unusedSimpArgs false`
warning: Proofs/FriendshipTheoremOQ01.lean:414:64: This simp argument is unused:
  SimpleGraph.loopless

Hint: Omit it from the simp argument list.
  simp [Matrix.trace, Matrix.diag, SimpleGraph.adjMatrix_apply,̵ ̵S̵i̵m̵p̵l̵e̵G̵r̵a̵p̵h̵.̵l̵o̵o̵p̵l̵e̵s̵s̵]

Note: This linter can be disabled with `set_option linter.unusedSimpArgs false`
info: Proofs/FriendshipTheoremOQ01.lean:481:0: FriendshipTheoremOQ01.ucn.{u_1} {V : Type u_1} (G : SimpleGraph V) (hF : IsFriendshipGraph G) (u v : V) (huv : u ≠ v) :
  V
info: Proofs/FriendshipTheoremOQ01.lean:482:0: FriendshipTheoremOQ01.ucn_ne_left.{u_1} {V : Type u_1} [Fintype V] [DecidableEq V] (G : SimpleGraph V)
  [DecidableRel G.Adj] (hF : IsFriendshipGraph G) (u v : V) (huv : u ≠ v) : ucn G hF u v huv ≠ u
info: Proofs/FriendshipTheoremOQ01.lean:483:0: FriendshipTheoremOQ01.friendship_separation.{u_1} {V : Type u_1} [Fintype V] [DecidableEq V] (G : SimpleGraph V)
  [DecidableRel G.Adj] (hF : IsFriendshipGraph G) (u v x : V) (hxv : x ≠ v) (hadj_uv : G.Adj u v)
  (hadj_ux : G.Adj u x) : ucn G hF x v hxv = u
info: Proofs/FriendshipTheoremOQ01.lean:484:0: FriendshipTheoremOQ01.ucn_involutive.{u_1} {V : Type u_1} [Fintype V] [DecidableEq V] (G : SimpleGraph V)
  [DecidableRel G.Adj] (hF : IsFriendshipGraph G) (u v : V) (huv : u ≠ v) (hadj : G.Adj u v) :
  ucn G hF u (ucn G hF u v huv) ⋯ = v
info: Proofs/FriendshipTheoremOQ01.lean:485:0: FriendshipTheoremOQ01.ucn_unique_in_neighborhood.{u_1} {V : Type u_1} [Fintype V] [DecidableEq V] (G : SimpleGraph V)
  [DecidableRel G.Adj] (hF : IsFriendshipGraph G) (u v w : V) (huv : u ≠ v) (huw : u ≠ w) (hvw : v ≠ w)
  (hadj_uv : G.Adj u v) (hadj_uw : G.Adj u w) (hadj_vw : G.Adj v w) : w = ucn G hF u v huv
info: Proofs/FriendshipTheoremOQ01.lean:486:0: FriendshipTheoremOQ01.common_neighbor_finset_card.{u_1} {V : Type u_1} [Fintype V] [DecidableEq V] (G : SimpleGraph V)
  [DecidableRel G.Adj] (hF : IsFriendshipGraph G) (u v : V) (huv : u ≠ v) :
  #(G.neighborFinset u ∩ G.neighborFinset v) = 1
info: Proofs/FriendshipTheoremOQ01.lean:487:0: FriendshipTheoremOQ01.counting_identity.{u_1} {V : Type u_1} [Fintype V] [DecidableEq V] (G : SimpleGraph V)
  [DecidableRel G.Adj] (hF : IsFriendshipGraph G) (u : V) :
  #(univ.erase u) = ∑ v ∈ G.neighborFinset u, #((G.neighborFinset v).erase u)
info: Proofs/FriendshipTheoremOQ01.lean:488:0: FriendshipTheoremOQ01.regular_friendship_card.{u_1} {V : Type u_1} [Fintype V] [DecidableEq V] (G : SimpleGraph V)
  [DecidableRel G.Adj] (hF : IsFriendshipGraph G) (u : V) (k : ℕ) (hreg : ∀ (v : V), G.degree v = k) (hk : k ≥ 1) :
  Fintype.card V = k * (k - 1) + 1
info: Proofs/FriendshipTheoremOQ01.lean:489:0: FriendshipTheoremOQ01.dvd_sq_add_one_imp_one (s : ℕ) (hs : s ≥ 1) (h : s ∣ s * s + 1) : s = 1
warning: Proofs/FriendshipTheoremOQ01.lean:552:28: Variable name `hF` is not explicitly referenced.

The binding can be removed (if unused) or named `_` (if used implicitly).

Note: This linter can be disabled with `set_option linter.unusedVariables false`
warning: Proofs/FriendshipTheoremOQ01.lean:593:17: `push_neg` has been deprecated. Prefer using `push Not` instead.
If you'd rather continue using `push_neg` in your project, you can implement it as follows:
```
open Lean.Parser.Tactic in
macro "push_neg" cfg:optConfig loc:(location)? : tactic =>
  `(tactic| push $cfg:optConfig Not $[$loc]?)
```
warning: Proofs/FriendshipTheoremOQ01.lean:604:30: Variable name `hF` is not explicitly referenced.

The binding can be removed (if unused) or named `_` (if used implicitly).

Note: This linter can be disabled with `set_option linter.unusedVariables false`
warning: Proofs/FriendshipTheoremOQ01.lean:624:60: Variable name `hn` is not explicitly referenced.

The binding can be removed (if unused) or named `_` (if used implicitly).

Note: This linter can be disabled with `set_option linter.unusedVariables false`
warning: Proofs/FriendshipTheoremOQ01.lean:655:60: Variable name `hk` is not explicitly referenced.

The binding can be removed (if unused) or named `_` (if used implicitly).

Note: This linter can be disabled with `set_option linter.unusedVariables false`
warning: Proofs/FriendshipTheoremOQ01.lean:688:8: This simp argument is unused:
  smul_eq_mul

Hint: Omit it from the simp argument list.
  simp ̵[̵s̵m̵u̵l̵_̵e̵q̵_̵m̵u̵l̵]̵

Note: This linter can be disabled with `set_option linter.unusedSimpArgs false`
warning: Proofs/FriendshipTheoremOQ01.lean:828:17: `push_neg` has been deprecated. Prefer using `push Not` instead.
If you'd rather continue using `push_neg` in your project, you can implement it as follows:
```
open Lean.Parser.Tactic in
macro "push_neg" cfg:optConfig loc:(location)? : tactic =>
  `(tactic| push $cfg:optConfig Not $[$loc]?)
```
warning: Proofs/FriendshipTheoremOQ01.lean:821:18: This simp argument is unused:
  Matrix.smul_mulVec

Hint: Omit it from the simp argument list.
  simp [Matrix.s̵m̵u̵l̵_̵m̵u̵l̵V̵e̵c̵,̵ ̵M̵a̵t̵r̵i̵x̵.̵one_mulVec]

Note: This linter can be disabled with `set_option linter.unusedSimpArgs false`
warning: Proofs/FriendshipTheoremOQ01.lean:821:38: This simp argument is unused:
  Matrix.one_mulVec

Hint: Omit it from the simp argument list.
  simp [Matrix.smul_mulVec,̵ ̵M̵a̵t̵r̵i̵x̵.̵o̵n̵e̵_̵m̵u̵l̵V̵e̵c̵]

Note: This linter can be disabled with `set_option linter.unusedSimpArgs false`
warning: Proofs/FriendshipTheoremOQ01.lean:848:50: This simp argument is unused:
  smul_eq_mul

Hint: Omit it from the simp argument list.
  simp only [Matrix.sub_mulVec, Matrix.smul_mulVec, Matrix.one_mulVec, Pi.sub_apply,
  ̲  ̲ ̲ ̲ ̲ ̲Pi.smul_apply, P̵i̵.̵z̵e̵r̵o̵_̵a̵p̵p̵l̵y̵,̵ ̵s̵m̵u̵l̵_̵e̵q̵_̵m̵u̵l̵]̵P̲i̲.̲z̲e̲r̲o̲_̲a̲p̲p̲l̲y̲]̲

Note: This linter can be disabled with `set_option linter.unusedSimpArgs false`
warning: Proofs/FriendshipTheoremOQ01.lean:879:43: This simp argument is unused:
  Polynomial.eval_sub

Hint: Omit it from the simp argument list.
  simp_all [Matrix.diagonal, P̵o̵l̵y̵n̵o̵m̵i̵a̵l̵.̵e̵v̵a̵l̵_̵s̵u̵b̵,̵ ̵Polynomial.eval_one, Polynomial.eval_zero]

Note: This linter can be disabled with `set_option linter.unusedSimpArgs false`
warning: Proofs/FriendshipTheoremOQ01.lean:984:17: `push_neg` has been deprecated. Prefer using `push Not` instead.
If you'd rather continue using `push_neg` in your project, you can implement it as follows:
```
open Lean.Parser.Tactic in
macro "push_neg" cfg:optConfig loc:(location)? : tactic =>
  `(tactic| push $cfg:optConfig Not $[$loc]?)
```
warning: Proofs/FriendshipTheoremOQ01.lean:978:16: This simp argument is unused:
  Matrix.smul_mulVec

Hint: Omit it from the simp argument list.
  simp [Matrix.s̵m̵u̵l̵_̵m̵u̵l̵V̵e̵c̵,̵ ̵M̵a̵t̵r̵i̵x̵.̵one_mulVec]

Note: This linter can be disabled with `set_option linter.unusedSimpArgs false`
warning: Proofs/FriendshipTheoremOQ01.lean:978:36: This simp argument is unused:
  Matrix.one_mulVec

Hint: Omit it from the simp argument list.
  simp [Matrix.smul_mulVec,̵ ̵M̵a̵t̵r̵i̵x̵.̵o̵n̵e̵_̵m̵u̵l̵V̵e̵c̵]

Note: This linter can be disabled with `set_option linter.unusedSimpArgs false`
warning: Proofs/FriendshipTheoremOQ01.lean:1004:33: Variable name `hF` is not explicitly referenced.

The binding can be removed (if unused) or named `_` (if used implicitly).

Note: This linter can be disabled with `set_option linter.unusedVariables false`
warning: Proofs/FriendshipTheoremOQ01.lean:1004:68: Variable name `hk` is not explicitly referenced.

The binding can be removed (if unused) or named `_` (if used implicitly).

Note: This linter can be disabled with `set_option linter.unusedVariables false`
warning: Proofs/FriendshipTheoremOQ01.lean:1053:57: This simp argument is unused:
  mul_one

Hint: Omit it from the simp argument list.
  simp only [Matrix.sub_apply, Matrix.one_apply_eq, B, A, Matrix.mul_apply, Matrix.of_apply,
  ̲  ̲ ̲ ̲Finset.sum_const, F̵i̵n̵s̵e̵t̵.̵c̵a̵r̵d̵_̵u̵n̵i̵v̵,̵ ̵m̵u̵l̵_̵o̵n̵e̵]̵F̲i̲n̲s̲e̲t̲.̲c̲a̲r̲d̲_̲u̲n̲i̲v̲]̲

Note: This linter can be disabled with `set_option linter.unusedSimpArgs false`
warning: Proofs/FriendshipTheoremOQ01.lean:1070:22: This simp argument is unused:
  mul_one

Hint: Omit it from the simp argument list.
  simp only [Matrix.det_fin_one, Matrix.sub_apply, Matrix.one_apply_eq, B, A, Matrix.mul_apply,
  ̲  ̲ ̲ ̲Matrix.of_apply, Finset.sum_const, Finset.card_univ, m̵u̵l̵_̵o̵n̵e̵,̵ ̵hA_def, hB_def]

Note: This linter can be disabled with `set_option linter.unusedSimpArgs false`
warning: Proofs/FriendshipTheoremOQ01.lean:1070:31: This simp argument is unused:
  hA_def

Hint: Omit it from the simp argument list.
  simp only [Matrix.det_fin_one, Matrix.sub_apply, Matrix.one_apply_eq, B, A, Matrix.mul_apply,
  ̲  ̲ ̲ ̲Matrix.of_apply, Finset.sum_const, Finset.card_univ, mul_one, h̵A̵_̵d̵e̵f̵,̵ ̵hB_def]

Note: This linter can be disabled with `set_option linter.unusedSimpArgs false`
warning: Proofs/FriendshipTheoremOQ01.lean:1070:39: This simp argument is unused:
  hB_def

Hint: Omit it from the simp argument list.
  simp only [Matrix.det_fin_one, Matrix.sub_apply, Matrix.one_apply_eq,
  ̵  ̵ ̵ ̵B, A, Matrix.mul_apply,
  ̲  ̲ ̲ ̲Matrix.of_apply, Finset.sum_const,
  ̵  ̵ ̵ ̵Finset.card_univ, mul_one, hA_def,̵ ̵h̵B̵_̵d̵e̵f̵]

Note: This linter can be disabled with `set_option linter.unusedSimpArgs false`
warning: Proofs/FriendshipTheoremOQ01.lean:1071:2: 'push_cast' tactic does nothing

Note: This linter can be disabled with `set_option linter.unusedTactic false`
warning: Proofs/FriendshipTheoremOQ01.lean:1078:17: `push_neg` has been deprecated. Prefer using `push Not` instead.
If you'd rather continue using `push_neg` in your project, you can implement it as follows:
```
open Lean.Parser.Tactic in
macro "push_neg" cfg:optConfig loc:(location)? : tactic =>
  `(tactic| push $cfg:optConfig Not $[$loc]?)
```
warning: Proofs/FriendshipTheoremOQ01.lean:1088:17: `push_neg` has been deprecated. Prefer using `push Not` instead.
If you'd rather continue using `push_neg` in your project, you can implement it as follows:
```
open Lean.Parser.Tactic in
macro "push_neg" cfg:optConfig loc:(location)? : tactic =>
  `(tactic| push $cfg:optConfig Not $[$loc]?)
```
warning: Proofs/FriendshipTheoremOQ01.lean:1107:46: This simp argument is unused:
  zero_pow

Hint: Omit it from the simp argument list.
  simp only [zero_smul, zero_sub, z̵e̵r̵o̵_̵p̵o̵w̵,̵ ̵Int.cast_zero]

Note: This linter can be disabled with `set_option linter.unusedSimpArgs false`
warning: Proofs/FriendshipTheoremOQ01.lean:1107:56: This simp argument is unused:
  Int.cast_zero

Hint: Omit it from the simp argument list.
  simp only [zero_smul, zero_sub, zero_pow,̵ ̵I̵n̵t̵.̵c̵a̵s̵t̵_̵z̵e̵r̵o̵]

Note: This linter can be disabled with `set_option linter.unusedSimpArgs false`
warning: Proofs/FriendshipTheoremOQ01.lean:1130:47: This simp argument is unused:
  map_mul

Hint: Omit it from the simp argument list.
  simp only [hM_def, RingHom.mapMatrix_apply, Matrix.map_apply, Matrix.sub_apply,
  ̲  ̲ ̲ ̲ ̲ ̲ ̲ ̲Matrix.smul_apply, Matrix.one_apply, onesMatrix, Matrix.of_apply, smul_eq_mul, map_sub,
  ̲  ̲ ̲ ̲ ̲ ̲ ̲ ̲m̵a̵p̵_̵m̵u̵l̵,̵ ̵Int.coe_castRingHom]

Note: This linter can be disabled with `set_option linter.unusedSimpArgs false`
warning: Proofs/FriendshipTheoremOQ01.lean:1165:6: This simp argument is unused:
  Polynomial.eval_sub

Hint: Omit it from the simp argument list.
  simp only [RingHom.mapMatrix_apply, Matrix.map_apply, Matrix.charmatrix_apply, Matrix.sub_apply,
  ̲  ̲ ̲ ̲ ̲ ̲Matrix.diagonal_apply, P̵o̵l̵y̵n̵o̵m̵i̵a̵l̵.̵e̵v̵a̵l̵_̵s̵u̵b̵,̵ ̵Polynomial.eval_X, Polynomial.eval_C, onesMatrix, Matrix.of_apply,
  ̲  ̲ ̲ ̲ ̲ ̲Matrix.smul_apply, Matrix.one_apply, smul_eq_mul]

Note: This linter can be disabled with `set_option linter.unusedSimpArgs false`
warning: Proofs/FriendshipTheoremOQ01.lean:1165:27: This simp argument is unused:
  Polynomial.eval_X

Hint: Omit it from the simp argument list.
  simp only [RingHom.mapMatrix_apply, Matrix.map_apply, Matrix.charmatrix_apply, Matrix.sub_apply,
  ̲  ̲ ̲ ̲ ̲ ̲Matrix.diagonal_apply, Polynomial.eval_sub, P̵o̵l̵y̵n̵o̵m̵i̵a̵l̵.̵e̵v̵a̵l̵_̵X̵,̵ ̵Polynomial.eval_C, onesMatrix, Matrix.of_apply,
  ̲  ̲ ̲ ̲ ̲ ̲Matrix.smul_apply, Matrix.one_apply, smul_eq_mul]

Note: This linter can be disabled with `set_option linter.unusedSimpArgs false`
warning: Proofs/FriendshipTheoremOQ01.lean:1165:46: This simp argument is unused:
  Polynomial.eval_C

Hint: Omit it from the simp argument list.
  simp only [RingHom.mapMatrix_apply, Matrix.map_apply,
  ̵  ̵ ̵ ̵ ̵ ̵Matrix.charmatrix_apply, Matrix.sub_apply,
  ̲  ̲ ̲ ̲ ̲ ̲Matrix.diagonal_apply,
  ̵  ̵ ̵ ̵ ̵ ̵Polynomial.eval_sub, Polynomial.eval_X, P̵ol̵y̵no̵m̵i̵a̵l̵.̵ev̵a̵l̵_̵C̵,̵
  ̵ ̵ ̵ ̵ ̵ ̵ ̵o̵n̵e̵sMatrix, Matrix.of_apply,
  ̲  ̲ ̲ ̲ ̲ ̲Matrix.smul_apply, Matrix.one_apply, smul_eq_mul]

Note: This linter can be disabled with `set_option linter.unusedSimpArgs false`
warning: Proofs/FriendshipTheoremOQ01.lean:1173:25: This simp argument is unused:
  Polynomial.eval_C

Hint: Omit it from the simp argument list.
  simp [Polynomial.eval_mul, Polynomial.eval_pow, Polynomial.eval_sub, P̵o̵l̵y̵n̵o̵m̵i̵a̵l̵.̵e̵v̵a̵l̵_̵X̵,̵ ̵P̵o̵l̵y̵n̵o̵m̵i̵a̵l̵.̵e̵v̵a̵l̵_̵C̵]̵P̲o̲l̲y̲n̲o̲m̲i̲a̲l̲.̲e̲v̲a̲l̲_̲X̲]̲

Note: This linter can be disabled with `set_option linter.unusedSimpArgs false`
warning: Proofs/FriendshipTheoremOQ01.lean:1191:46: This simp argument is unused:
  zero_pow

Hint: Omit it from the simp argument list.
  simp only [zero_smul, zero_sub, z̵e̵r̵o̵_̵p̵o̵w̵,̵ ̵Int.cast_zero]

Note: This linter can be disabled with `set_option linter.unusedSimpArgs false`
warning: Proofs/FriendshipTheoremOQ01.lean:1191:56: This simp argument is unused:
  Int.cast_zero

Hint: Omit it from the simp argument list.
  simp only [zero_smul, zero_sub, zero_pow,̵ ̵I̵n̵t̵.̵c̵a̵s̵t̵_̵z̵e̵r̵o̵]

Note: This linter can be disabled with `set_option linter.unusedSimpArgs false`
warning: Proofs/FriendshipTheoremOQ01.lean:1220:47: This simp argument is unused:
  map_mul

Hint: Omit it from the simp argument list.
  simp only [hM_def, RingHom.mapMatrix_apply, Matrix.map_apply, Matrix.sub_apply,
  ̲  ̲ ̲ ̲ ̲ ̲ ̲ ̲Matrix.smul_apply, Matrix.one_apply, onesMatrix, Matrix.of_apply, smul_eq_mul, map_sub,
  ̲  ̲ ̲ ̲ ̲ ̲ ̲ ̲m̵a̵p̵_̵m̵u̵l̵,̵ ̵Int.coe_castRingHom]

Note: This linter can be disabled with `set_option linter.unusedSimpArgs false`
warning: Proofs/FriendshipTheoremOQ01.lean:1322:21: This simp argument is unused:
  Matrix.smul_apply

Hint: Omit it from the simp argument list.
  simp [̵M̵a̵t̵r̵i̵x̵.̵s̵m̵u̵l̵_̵a̵p̵p̵l̵y̵,̵ ̵M̵a̵t̵r̵i̵x̵.̵s̵u̵b̵_̵a̵p̵p̵l̵y̵,̵[̲M̲a̲t̲r̲i̲x̲.̲s̲u̲b̲_̲a̲p̲p̲l̲y̲,̲ Matrix.add_apply, Matrix.neg_apply, Matrix.one_apply,
  ̲  ̲ ̲ ̲ ̲ ̲ ̲ ̲smul_eq_mul]

Note: This linter can be disabled with `set_option linter.unusedSimpArgs false`
warning: Proofs/FriendshipTheoremOQ01.lean:1323:26: This simp argument is unused:
  Matrix.one_apply

Hint: Omit it from the simp argument list.
  simp [Matrix.smul_apply, Matrix.sub_apply, Matrix.add_apply, Matrix.neg_apply,
  ̲  ̲ ̲ ̲ ̲ ̲ ̲ ̲M̵a̵t̵r̵i̵x̵.̵o̵n̵e̵_̵a̵p̵p̵l̵y̵,̵ ̵smul_eq_mul]

Note: This linter can be disabled with `set_option linter.unusedSimpArgs false`
warning: Proofs/FriendshipTheoremOQ01.lean:1323:44: This simp argument is unused:
  smul_eq_mul

Hint: Omit it from the simp argument list.
  simp [Matrix.smul_apply, Matrix.sub_apply, Matrix.add_apply, Matrix.neg_apply,
  ̲  ̲ ̲ ̲ ̲ ̲ ̲ ̲M̵a̵t̵r̵i̵x̵.̵o̵n̵e̵_̵a̵p̵p̵l̵y̵,̵ ̵s̵m̵u̵l̵_̵e̵q̵_̵m̵u̵l̵]̵M̲a̲t̲r̲i̲x̲.̲o̲n̲e̲_̲a̲p̲p̲l̲y̲]̲

Note: This linter can be disabled with `set_option linter.unusedSimpArgs false`
warning: Proofs/FriendshipTheoremOQ01.lean:1332:32: This simp argument is unused:
  Matrix.smul_apply

Hint: Omit it from the simp argument list.
  simp [̵M̵a̵t̵r̵i̵x̵.̵s̵m̵u̵l̵_̵a̵p̵p̵l̵y̵,̵ ̵M̵a̵t̵r̵i̵x̵.̵s̵u̵b̵_̵a̵p̵p̵l̵y̵,̵[̲M̲a̲t̲r̲i̲x̲.̲s̲u̲b̲_̲a̲p̲p̲l̲y̲,̲ Matrix.add_apply, Matrix.one_apply, onesMatrix,
  ̲  ̲ ̲ ̲ ̲ ̲ ̲ ̲Matrix.of_apply, smul_eq_mul]

Note: This linter can be disabled with `set_option linter.unusedSimpArgs false`
warning: Proofs/FriendshipTheoremOQ01.lean:1333:55: This simp argument is unused:
  smul_eq_mul

Hint: Omit it from the simp argument list.
  simp [Matrix.smul_apply, Matrix.sub_apply, Matrix.add_apply,
          Matrix.one_apply, onesMatrix, Matrix.of_apply,̵ ̵s̵m̵u̵l̵_̵e̵q̵_̵m̵u̵l̵]

Note: This linter can be disabled with `set_option linter.unusedSimpArgs false`
warning: Proofs/FriendshipTheoremOQ01.lean:1370:38: This simp argument is unused:
  ite_false

Hint: Omit it from the simp argument list.
  simp only [Polynomial.coeff_sub, Polynomial.coeff_X_pow, Polynomial.coeff_C,
        Polynomial.coeff_zero, if_true,̵ ̵i̵t̵e̵_̵f̵a̵l̵s̵e̵] at this

Note: This linter can be disabled with `set_option linter.unusedSimpArgs false`
warning: Proofs/FriendshipTheoremOQ01.lean:1458:48: Variable name `hd` is not explicitly referenced.

The binding can be removed (if unused) or named `_` (if used implicitly).

Note: This linter can be disabled with `set_option linter.unusedVariables false`
warning: Proofs/FriendshipTheoremOQ01.lean:1479:52: This simp argument is unused:
  degree_X_pow

Hint: Omit it from the simp argument list.
  simp ̵[̵d̵e̵g̵r̵e̵e̵_̵X̵_̵p̵o̵w̵]̵

Note: This linter can be disabled with `set_option linter.unusedSimpArgs false`
warning: Proofs/FriendshipTheoremOQ01.lean:1483:12: This simp argument is unused:
  natDegree_C

Hint: Omit it from the simp argument list.
  simp [natDegree_C̵,̵ ̵n̵a̵t̵D̵e̵g̵r̵e̵e̵_̵X_pow]

Note: This linter can be disabled with `set_option linter.unusedSimpArgs false`
warning: Proofs/FriendshipTheoremOQ01.lean:1483:25: This simp argument is unused:
  natDegree_X_pow

Hint: Omit it from the simp argument list.
  simp [natDegree_C,̵ ̵n̵a̵t̵D̵e̵g̵r̵e̵e̵_̵X̵_̵p̵o̵w̵]

Note: This linter can be disabled with `set_option linter.unusedSimpArgs false`
warning: Proofs/FriendshipTheoremOQ01.lean:1530:44: This simp argument is unused:
  Finset.sum_range_one

Hint: Omit it from the simp argument list.
  simp only [Finset.sum_range_succ, F̵i̵n̵s̵e̵t̵.̵s̵u̵m̵_̵r̵a̵n̵g̵e̵_̵o̵n̵e̵,̵
  ̵ ̵ ̵ ̵ ̵ ̵ ̵ ̵ ̵ ̵ ̵ ̵ ̵pow_zero, mul_one, pow_one]

Note: This linter can be disabled with `set_option linter.unusedSimpArgs false`
warning: Proofs/FriendshipTheoremOQ01.lean:1552:2: 'change f = p ^ ((k + k) / 2)' tactic does nothing

Note: This linter can be disabled with `set_option linter.unusedTactic false`
warning: Proofs/FriendshipTheoremOQ01.lean:1634:2: `push_neg` has been deprecated. Prefer using `push Not` instead.
If you'd rather continue using `push_neg` in your project, you can implement it as follows:
```
open Lean.Parser.Tactic in
macro "push_neg" cfg:optConfig loc:(location)? : tactic =>
  `(tactic| push $cfg:optConfig Not $[$loc]?)
```
warning: Proofs/FriendshipTheoremOQ01.lean:1697:52: This simp argument is unused:
  degree_X_pow

Hint: Omit it from the simp argument list.
  simp ̵[̵d̵e̵g̵r̵e̵e̵_̵X̵_̵p̵o̵w̵]̵

Note: This linter can be disabled with `set_option linter.unusedSimpArgs false`
warning: Proofs/FriendshipTheoremOQ01.lean:1702:6: This simp argument is unused:
  Polynomial.C_comp

Hint: Omit it from the simp argument list.
  simp [Polynomial.sub_comp, Polynomial.pow_comp, Polynomial.X_comp, P̵o̵l̵y̵n̵o̵m̵i̵a̵l̵.̵C̵_̵c̵o̵m̵p̵,̵ ̵neg_sq]

Note: This linter can be disabled with `set_option linter.unusedSimpArgs false`
warning: Proofs/FriendshipTheoremOQ01.lean:1702:25: This simp argument is unused:
  neg_sq

Hint: Omit it from the simp argument list.
  simp [Polynomial.sub_comp, Polynomial.pow_comp, Polynomial.X_comp,
  ̵  ̵ ̵ ̵ ̵ ̵Polynomial.C_comp,̵ ̵n̵e̵g̵_̵s̵q̵]

Note: This linter can be disabled with `set_option linter.unusedSimpArgs false`
warning: Proofs/FriendshipTheoremOQ01.lean:1768:17: `push_neg` has been deprecated. Prefer using `push Not` instead.
If you'd rather continue using `push_neg` in your project, you can implement it as follows:
```
open Lean.Parser.Tactic in
macro "push_neg" cfg:optConfig loc:(location)? : tactic =>
  `(tactic| push $cfg:optConfig Not $[$loc]?)
```
warning: Proofs/FriendshipTheoremOQ01.lean:1837:17: `push_neg` has been deprecated. Prefer using `push Not` instead.
If you'd rather continue using `push_neg` in your project, you can implement it as follows:
```
open Lean.Parser.Tactic in
macro "push_neg" cfg:optConfig loc:(location)? : tactic =>
  `(tactic| push $cfg:optConfig Not $[$loc]?)
```
warning: Proofs/FriendshipTheoremOQ01.lean:1947:23: This simp argument is unused:
  smul_eq_mul

Hint: Omit it from the simp argument list.
  simp only [Matrix.mul_apply, onesMatrix, Matrix.of_apply, one_mul,
  ̵  ̵ ̵ ̵Matrix.smul_apply, s̵mul_o̲n̲eq̵_̵m̵u̵l̵,
  ̲ m̵u̵l̵_̵o̵n̵e̵,̵  ̲ ̲SimpleGraph.adjMatrix_apply]

Note: This linter can be disabled with `set_option linter.unusedSimpArgs false`
warning: Proofs/FriendshipTheoremOQ01.lean:1947:36: This simp argument is unused:
  mul_one

Hint: Omit it from the simp argument list.
  simp only [Matrix.mul_apply, onesMatrix, Matrix.of_apply, one_mul,
  ̵  ̵ ̵ ̵Matrix.smul_apply, smul_eq_mul,
  ̲ m̵u̵l̵_̵o̵n̵e̵,̵  ̲ ̲SimpleGraph.adjMatrix_apply]

Note: This linter can be disabled with `set_option linter.unusedSimpArgs false`
warning: Proofs/FriendshipTheoremOQ01.lean:2007:22: This simp argument is unused:
  Finset.filter_congr_decidable

Hint: Omit it from the simp argument list.
  simp [SimpleGraph.adjMatrix_apply, SimpleGraph.degree, SimpleGraph.neighborFinset,
      Finset.sum_boole,̵ ̵F̵i̵n̵s̵e̵t̵.̵f̵i̵l̵t̵e̵r̵_̵c̵o̵n̵g̵r̵_̵d̵e̵c̵i̵d̵a̵b̵l̵e̵]

Note: This linter can be disabled with `set_option linter.unusedSimpArgs false`
warning: Proofs/FriendshipTheoremOQ01.lean:2018:60: Variable name `hij` is not explicitly referenced.

The binding can be removed (if unused) or named `_` (if used implicitly).

Note: This linter can be disabled with `set_option linter.unusedVariables false`
warning: Proofs/FriendshipTheoremOQ01.lean:2054:60: Variable name `hij` is not explicitly referenced.

The binding can be removed (if unused) or named `_` (if used implicitly).

Note: This linter can be disabled with `set_option linter.unusedVariables false`
warning: Proofs/FriendshipTheoremOQ01.lean:2227:4: `push_neg` has been deprecated. Prefer using `push Not` instead.
If you'd rather continue using `push_neg` in your project, you can implement it as follows:
```
open Lean.Parser.Tactic in
macro "push_neg" cfg:optConfig loc:(location)? : tactic =>
  `(tactic| push $cfg:optConfig Not $[$loc]?)
```
warning: Proofs/FriendshipTheoremOQ01.lean:2243:17: `push_neg` has been deprecated. Prefer using `push Not` instead.
If you'd rather continue using `push_neg` in your project, you can implement it as follows:
```
open Lean.Parser.Tactic in
macro "push_neg" cfg:optConfig loc:(location)? : tactic =>
  `(tactic| push $cfg:optConfig Not $[$loc]?)
```
⚠ [8577/8744] Replayed Proofs.Erdos85SequentialCounter
warning: Proofs/Erdos85SequentialCounter.lean:80:2: `push_neg` has been deprecated. Prefer using `push Not` instead.
If you'd rather continue using `push_neg` in your project, you can implement it as follows:
```
open Lean.Parser.Tactic in
macro "push_neg" cfg:optConfig loc:(location)? : tactic =>
  `(tactic| push $cfg:optConfig Not $[$loc]?)
```
⚠ [8580/8744] Replayed Proofs.Erdos85SequentialCounterReification
warning: Proofs/Erdos85SequentialCounterReification.lean:1384:23: try 'simp' instead of 'simpa'

Note: This linter can be disabled with `set_option linter.unnecessarySimpa false`
⚠ [8584/8744] Replayed Proofs.Erdos85Problem
warning: Proofs/Erdos85Problem.lean:1834:12: `Finset.filter_card_add_filter_neg_card_eq_card` has been deprecated: Use `Finset.card_filter_add_card_filter_not` instead
warning: Proofs/Erdos85Problem.lean:1904:12: `Finset.filter_card_add_filter_neg_card_eq_card` has been deprecated: Use `Finset.card_filter_add_card_filter_not` instead
warning: Proofs/Erdos85Problem.lean:2033:75: This simp argument is unused:
  true_and

Hint: Omit it from the simp argument list.
  simp only [Finset.mem_filter, Finset.mem_erase, Finset.mem_univ, t̵r̵u̵e̵_̵and_̲t̲r̲u̲e̲,
              a̵n̵d̵_̵t̵r̵u̵e̵,̵ ̵SimpleGraph.mem_neighborFinset]

Note: This linter can be disabled with `set_option linter.unusedSimpArgs false`
warning: Proofs/Erdos85Problem.lean:2474:8: automatically included section variable(s) unused in theorem `Erdos85.surgery_adj_some_some`:
  [Fintype V]
  [DecidableEq V]
consider restructuring your `variable` declarations so that the variables are not in scope or explicitly omit them:
  omit [Fintype V] [DecidableEq V] in theorem ...

Note: This linter can be disabled with `set_option linter.unusedSectionVars false`
warning: Proofs/Erdos85Problem.lean:2478:8: automatically included section variable(s) unused in theorem `Erdos85.surgery_adj_some_none`:
  [Fintype V]
  [DecidableEq V]
consider restructuring your `variable` declarations so that the variables are not in scope or explicitly omit them:
  omit [Fintype V] [DecidableEq V] in theorem ...

Note: This linter can be disabled with `set_option linter.unusedSectionVars false`
warning: Proofs/Erdos85Problem.lean:2481:8: automatically included section variable(s) unused in theorem `Erdos85.surgery_adj_none_some`:
  [Fintype V]
  [DecidableEq V]
consider restructuring your `variable` declarations so that the variables are not in scope or explicitly omit them:
  omit [Fintype V] [DecidableEq V] in theorem ...

Note: This linter can be disabled with `set_option linter.unusedSectionVars false`
warning: Proofs/Erdos85Problem.lean:2484:8: automatically included section variable(s) unused in theorem `Erdos85.surgery_adj_none_none`:
  [Fintype V]
  [DecidableEq V]
consider restructuring your `variable` declarations so that the variables are not in scope or explicitly omit them:
  omit [Fintype V] [DecidableEq V] in theorem ...

Note: This linter can be disabled with `set_option linter.unusedSectionVars false`
⚠ [8586/8744] Replayed Proofs.Erdos85ConflictRegular
warning: Proofs/Erdos85ConflictRegular.lean:85:4: try 'simp' instead of 'simpa'

Note: This linter can be disabled with `set_option linter.unnecessarySimpa false`
warning: Proofs/Erdos85ConflictRegular.lean:108:12: This simp argument is unused:
  nsmul_eq_mul

Hint: Omit it from the simp argument list.
  simp ̵[̵n̵s̵m̵u̵l̵_̵e̵q̵_̵m̵u̵l̵]̵

Note: This linter can be disabled with `set_option linter.unusedSimpArgs false`
⚠ [8592/8744] Replayed Proofs.Erdos85DeletePair
warning: Proofs/Erdos85DeletePair.lean:28:19: This simp argument is unused:
  if_neg

Hint: Omit it from the simp argument list.
  simp only [hx, i̵f̵_̵n̵e̵g̵,̵ ̵Nat.add_zero]

Note: This linter can be disabled with `set_option linter.unusedSimpArgs false`
warning: Proofs/Erdos85DeletePair.lean:28:27: This simp argument is unused:
  Nat.add_zero

Hint: Omit it from the simp argument list.
  simp only [hx, if_neg,̵ ̵N̵a̵t̵.̵a̵d̵d̵_̵z̵e̵r̵o̵]

Note: This linter can be disabled with `set_option linter.unusedSimpArgs false`
warning: Proofs/Erdos85DeletePair.lean:57:10: This simp argument is unused:
  T

Hint: Omit it from the simp argument list.
  simp [T̵,̵ ̵SimpleGraph.card_neighborFinset_eq_degree]

Note: This linter can be disabled with `set_option linter.unusedSimpArgs false`
warning: Proofs/Erdos85DeletePair.lean:58:19: This simp argument is unused:
  if_neg

Hint: Omit it from the simp argument list.
  simp only [hx, i̵f̵_̵n̵e̵g̵,̵ ̵Nat.sub_zero]

Note: This linter can be disabled with `set_option linter.unusedSimpArgs false`
warning: Proofs/Erdos85DeletePair.lean:58:27: This simp argument is unused:
  Nat.sub_zero

Hint: Omit it from the simp argument list.
  simp only [hx, if_neg,̵ ̵N̵a̵t̵.̵s̵u̵b̵_̵z̵e̵r̵o̵]

Note: This linter can be disabled with `set_option linter.unusedSimpArgs false`
warning: Proofs/Erdos85DeletePair.lean:61:10: This simp argument is unused:
  T

Hint: Omit it from the simp argument list.
  simp [T̵,̵ ̵SimpleGraph.card_neighborFinset_eq_degree]

Note: This linter can be disabled with `set_option linter.unusedSimpArgs false`
⚠ [8593/8744] Replayed Proofs.Erdos85RepairSet
warning: Proofs/Erdos85RepairSet.lean:259:23: Used `tac1 <;> tac2` where `(tac1; tac2)` would suffice

Note: This linter can be disabled with `set_option linter.unnecessarySeqFocus false`
⚠ [8595/8744] Replayed Proofs.Erdos85MooreFriendship
warning: Proofs/Erdos85MooreFriendship.lean:145:43: This simp argument is unused:
  SimpleGraph.mem_neighborFinset

Hint: Omit it from the simp argument list.
  simp [SimpleGraph.mem_commonNeighbors,̵ ̵S̵i̵m̵p̵l̵e̵G̵r̵a̵p̵h̵.̵m̵e̵m̵_̵n̵e̵i̵g̵h̵b̵o̵r̵F̵i̵n̵s̵e̵t̵]

Note: This linter can be disabled with `set_option linter.unusedSimpArgs false`
⚠ [8596/8744] Replayed Proofs.Erdos85OddFirstOrderSpectral
warning: Proofs/Erdos85OddFirstOrderSpectral.lean:75:20: This simp argument is unused:
  add_smul

Hint: Omit it from the simp argument list.
  simp [sub_smul, a̵d̵d̵_̵s̵m̵u̵l̵,̵ ̵smul_smul]

Note: This linter can be disabled with `set_option linter.unusedSimpArgs false`
warning: Proofs/Erdos85OddFirstOrderSpectral.lean:75:30: This simp argument is unused:
  smul_smul

Hint: Omit it from the simp argument list.
  simp [sub_smul, add_smul,̵ ̵s̵m̵u̵l̵_̵s̵m̵u̵l̵]

Note: This linter can be disabled with `set_option linter.unusedSimpArgs false`
warning: Proofs/Erdos85OddFirstOrderSpectral.lean:429:40: This simp argument is unused:
  hx

Hint: Omit it from the simp argument list.
  simp ̵[̵h̵x̵]̵

Note: This linter can be disabled with `set_option linter.unusedSimpArgs false`
⚠ [8597/8744] Replayed Proofs.Erdos85Problem14
warning: Proofs/Erdos85Problem14.lean:49:6: `push_neg` has been deprecated. Prefer using `push Not` instead.
If you'd rather continue using `push_neg` in your project, you can implement it as follows:
```
open Lean.Parser.Tactic in
macro "push_neg" cfg:optConfig loc:(location)? : tactic =>
  `(tactic| push $cfg:optConfig Not $[$loc]?)
```
warning: Proofs/Erdos85Problem14.lean:41:6: 'norm_num at hv6 ⊢' tactic does nothing

Note: This linter can be disabled with `set_option linter.unusedTactic false`
warning: Proofs/Erdos85Problem14.lean:71:6: 'norm_num at hu5 ⊢' tactic does nothing

Note: This linter can be disabled with `set_option linter.unusedTactic false`
warning: Proofs/Erdos85Problem14.lean:289:52: This simp argument is unused:
  Ne

Hint: Omit it from the simp argument list.
  simp only [*, adj_comm, true_and, N̵e̵,̵ ̵not_true] at *

Note: This linter can be disabled with `set_option linter.unusedSimpArgs false`
⚠ [8609/8744] Replayed Proofs.Erdos85Ramsey
warning: Proofs/Erdos85Ramsey.lean:36:28: Variable name `hs` is not explicitly referenced.

The binding can be removed (if unused) or named `_` (if used implicitly).

Note: This linter can be disabled with `set_option linter.unusedVariables false`
⚠ [8611/8744] Replayed Proofs.Erdos85DifferenceSidonCayley
warning: Proofs/Erdos85DifferenceSidonCayley.lean:37:28: Try `simp at huv` instead of `simpa using huv`

Note: This linter can be disabled with `set_option linter.unnecessarySimpa false`
warning: Proofs/Erdos85DifferenceSidonCayley.lean:37:28: Try `simp at huv` instead of `simpa using huv`

Note: This linter can be disabled with `set_option linter.unnecessarySimpa false`
⚠ [8612/8744] Replayed Proofs.Erdos85SidonNoWrap
warning: Proofs/Erdos85SidonNoWrap.lean:88:21: try 'simp' instead of 'simpa'

Note: This linter can be disabled with `set_option linter.unnecessarySimpa false`
warning: Proofs/Erdos85SidonNoWrap.lean:89:21: try 'simp' instead of 'simpa'

Note: This linter can be disabled with `set_option linter.unnecessarySimpa false`
warning: Proofs/Erdos85SidonNoWrap.lean:89:41: try 'simp' instead of 'simpa'

Note: This linter can be disabled with `set_option linter.unnecessarySimpa false`
⚠ [8613/8744] Replayed Proofs.Erdos85ParabolaSidonRuler
warning: Proofs/Erdos85ParabolaSidonRuler.lean:56:45: Variable name `hq` is not explicitly referenced.

The binding can be removed (if unused) or named `_` (if used implicitly).

Note: This linter can be disabled with `set_option linter.unusedVariables false`
warning: Proofs/Erdos85ParabolaSidonRuler.lean:91:4: 'push_cast' tactic does nothing

Note: This linter can be disabled with `set_option linter.unusedTactic false`
warning: Proofs/Erdos85ParabolaSidonRuler.lean:104:13: Variable name `hq` is not explicitly referenced.

The binding can be removed (if unused) or named `_` (if used implicitly).

Note: This linter can be disabled with `set_option linter.unusedVariables false`
warning: Proofs/Erdos85ParabolaSidonRuler.lean:116:4: 'push_cast at hmark ⊢' tactic does nothing

Note: This linter can be disabled with `set_option linter.unusedTactic false`
⚠ [8616/8744] Replayed Proofs.Erdos85PolarityDegree
warning: Proofs/Erdos85PolarityDegree.lean:27:0: automatically included section variable(s) unused in theorem `Erdos85.Polarity.neighborFinset_eq_erase_incidentFinset`:
  [DecidableEq K]
consider restructuring your `variable` declarations so that the variables are not in scope or explicitly omit them:
  omit [DecidableEq K] in theorem ...

Note: This linter can be disabled with `set_option linter.unusedSectionVars false`
⚠ [8617/8744] Replayed Proofs.Erdos85PolarityFamily
warning: Proofs/Erdos85PolarityFamily.lean:19:0: automatically included section variable(s) unused in theorem `Erdos85.Polarity.card_points_eq`:
  [DecidableEq K]
consider restructuring your `variable` declarations so that the variables are not in scope or explicitly omit them:
  omit [DecidableEq K] in theorem ...

Note: This linter can be disabled with `set_option linter.unusedSectionVars false`
⚠ [8618/8744] Replayed Proofs.Erdos85PolarityDeletion
warning: Proofs/Erdos85PolarityDeletion.lean:27:0: automatically included section variable(s) unused in theorem `Erdos85.Polarity.not_selfOrthogonal_of_adj_selfOrthogonal`:
  [Finite K]
  [DecidableEq K]
consider restructuring your `variable` declarations so that the variables are not in scope or explicitly omit them:
  omit [Finite K] [DecidableEq K] in theorem ...

Note: This linter can be disabled with `set_option linter.unusedSectionVars false`
warning: Proofs/Erdos85PolarityDeletion.lean:72:0: automatically included section variable(s) unused in theorem `Erdos85.Polarity.deletePointGraph_degree`:
  [DecidableEq K]
consider restructuring your `variable` declarations so that the variables are not in scope or explicitly omit them:
  omit [DecidableEq K] in theorem ...

Note: This linter can be disabled with `set_option linter.unusedSectionVars false`
warning: Proofs/Erdos85PolarityDeletion.lean:110:0: automatically included section variable(s) unused in theorem `Erdos85.Polarity.deletePointGraph_not_containsC4`:
  [DecidableEq K]
consider restructuring your `variable` declarations so that the variables are not in scope or explicitly omit them:
  omit [DecidableEq K] in theorem ...

Note: This linter can be disabled with `set_option linter.unusedSectionVars false`
warning: Proofs/Erdos85PolarityDeletion.lean:124:4: 'change Fintype.card { y : P K // y ≠ x } = (q K + 1) * q K' tactic does nothing

Note: This linter can be disabled with `set_option linter.unusedTactic false`
⚠ [8619/8744] Replayed Proofs.Erdos85PolarityAbsolute
warning: Proofs/Erdos85PolarityAbsolute.lean:27:8: automatically included section variable(s) unused in theorem `_private.Proofs.Erdos85PolarityAbsolute.0.Erdos85.Polarity.isotropicPolynomial_totalDegree_lt`:
  [Finite K]
  [DecidableEq K]
consider restructuring your `variable` declarations so that the variables are not in scope or explicitly omit them:
  omit [Finite K] [DecidableEq K] in theorem ...

Note: This linter can be disabled with `set_option linter.unusedSectionVars false`
warning: Proofs/Erdos85PolarityAbsolute.lean:35:8: automatically included section variable(s) unused in theorem `_private.Proofs.Erdos85PolarityAbsolute.0.Erdos85.Polarity.eval_isotropicPolynomial`:
  [Finite K]
  [DecidableEq K]
consider restructuring your `variable` declarations so that the variables are not in scope or explicitly omit them:
  omit [Finite K] [DecidableEq K] in theorem ...

Note: This linter can be disabled with `set_option linter.unusedSectionVars false`
⚠ [8627/8744] Replayed Proofs.Erdos85EvenFirstOrderAntipodal
warning: Proofs/Erdos85EvenFirstOrderAntipodal.lean:243:5: Variable name `hfree` is not explicitly referenced.

The binding can be removed (if unused) or named `_` (if used implicitly).

Note: This linter can be disabled with `set_option linter.unusedVariables false`
warning: Proofs/Erdos85EvenFirstOrderAntipodal.lean:243:40: Variable name `hd` is not explicitly referenced.

The binding can be removed (if unused) or named `_` (if used implicitly).

Note: This linter can be disabled with `set_option linter.unusedVariables false`
warning: Proofs/Erdos85EvenFirstOrderAntipodal.lean:243:53: Variable name `hdeven` is not explicitly referenced.

The binding can be removed (if unused) or named `_` (if used implicitly).

Note: This linter can be disabled with `set_option linter.unusedVariables false`
warning: Proofs/Erdos85EvenFirstOrderAntipodal.lean:244:5: Variable name `hmin` is not explicitly referenced.

The binding can be removed (if unused) or named `_` (if used implicitly).

Note: This linter can be disabled with `set_option linter.unusedVariables false`
warning: Proofs/Erdos85EvenFirstOrderAntipodal.lean:245:5: Variable name `hcard` is not explicitly referenced.

The binding can be removed (if unused) or named `_` (if used implicitly).

Note: This linter can be disabled with `set_option linter.unusedVariables false`
⚠ [8628/8744] Replayed Proofs.Erdos85EvenAntipodalQuotient
warning: Proofs/Erdos85EvenAntipodalQuotient.lean:688:17: This simp argument is unused:
  map_mul

Hint: Omit it from the simp argument list.
  simp only [M, RingHom.mapMatrix_apply, Matrix.map_apply, Matrix.sub_apply, Matrix.smul_apply,
  ̲  ̲ ̲ ̲ ̲ ̲ ̲ ̲Matrix.one_apply, FriendshipTheoremOQ01.onesMatrix, Matrix.of_apply, smul_eq_mul, map_sub,
  ̲  ̲ ̲ ̲ ̲ ̲ ̲ ̲m̵a̵p̵_̵m̵u̵l̵,̵ ̵Int.coe_castRingHom]

Note: This linter can be disabled with `set_option linter.unusedSimpArgs false`
warning: Proofs/Erdos85EvenAntipodalQuotient.lean:700:55: This simp argument is unused:
  if_neg

Hint: Omit it from the simp argument list.
  simp only [hij, if_pos,̵ ̵i̵f̵_̵n̵e̵g̵]

Note: This linter can be disabled with `set_option linter.unusedSimpArgs false`
warning: Proofs/Erdos85EvenAntipodalQuotient.lean:770:12: This simp argument is unused:
  Matrix.smul_apply

Hint: Omit it from the simp argument list.
  simp [̵M̵a̵t̵r̵i̵x̵.̵s̵m̵u̵l̵_̵a̵p̵p̵l̵y̵,̵ ̵M̵a̵t̵r̵i̵x̵.̵s̵u̵b̵_̵a̵p̵p̵l̵y̵,̵[̲M̲a̲t̲r̲i̲x̲.̲s̲u̲b̲_̲a̲p̲p̲l̲y̲,̲ Matrix.add_apply, Matrix.neg_apply, Matrix.one_apply, smul_eq_mul]

Note: This linter can be disabled with `set_option linter.unusedSimpArgs false`
warning: Proofs/Erdos85EvenAntipodalQuotient.lean:771:26: This simp argument is unused:
  Matrix.one_apply

Hint: Omit it from the simp argument list.
  simp [Matrix.smul_apply, Matrix.sub_apply, Matrix.add_apply, Matrix.neg_apply, M̵a̵t̵r̵i̵x̵.̵o̵n̵e̵_̵a̵p̵p̵l̵y̵,̵ ̵smul_eq_mul]

Note: This linter can be disabled with `set_option linter.unusedSimpArgs false`
warning: Proofs/Erdos85EvenAntipodalQuotient.lean:771:44: This simp argument is unused:
  smul_eq_mul

Hint: Omit it from the simp argument list.
  simp [Matrix.smul_apply, Matrix.sub_apply, Matrix.add_apply, Matrix.neg_apply,
  ̲  ̲ ̲ ̲ ̲ ̲ ̲ ̲M̵a̵t̵r̵i̵x̵.̵o̵n̵e̵_̵a̵p̵p̵l̵y̵,̵ ̵s̵m̵u̵l̵_̵e̵q̵_̵m̵u̵l̵]̵M̲a̲t̲r̲i̲x̲.̲o̲n̲e̲_̲a̲p̲p̲l̲y̲]̲

Note: This linter can be disabled with `set_option linter.unusedSimpArgs false`
warning: Proofs/Erdos85EvenAntipodalQuotient.lean:784:12: This simp argument is unused:
  Matrix.smul_apply

Hint: Omit it from the simp argument list.
  simp [̵M̵a̵t̵r̵i̵x̵.̵s̵m̵u̵l̵_̵a̵p̵p̵l̵y̵,̵ ̵M̵a̵t̵r̵i̵x̵.̵s̵u̵b̵_̵a̵p̵p̵l̵y̵,̵[̲M̲a̲t̲r̲i̲x̲.̲s̲u̲b̲_̲a̲p̲p̲l̲y̲,̲ Matrix.add_apply, Matrix.one_apply, FriendshipTheoremOQ01.onesMatrix,
          Matrix.of_apply, smul_eq_mul]

Note: This linter can be disabled with `set_option linter.unusedSimpArgs false`
warning: Proofs/Erdos85EvenAntipodalQuotient.lean:785:8: This simp argument is unused:
  Matrix.one_apply

Hint: Omit it from the simp argument list.
  simp [Matrix.smul_apply, Matrix.sub_apply, Matrix.add_apply,
  ̵  ̵ ̵ ̵ ̵ ̵ ̵ ̵M̵a̵t̵r̵i̵x̵.̵o̵n̵e̵_̵a̵p̵p̵l̵y̵,̵ ̵FriendshipTheoremOQ01.onesMatrix,
          Matrix.of_apply, smul_eq_mul]

Note: This linter can be disabled with `set_option linter.unusedSimpArgs false`
warning: Proofs/Erdos85EvenAntipodalQuotient.lean:786:25: This simp argument is unused:
  smul_eq_mul

Hint: Omit it from the simp argument list.
  simp [Matrix.smul_apply, Matrix.sub_apply, Matrix.add_apply, Matrix.one_apply,
  ̲  ̲ ̲ ̲ ̲ ̲ ̲ ̲FriendshipTheoremOQ01.onesMatrix, M̵a̵t̵r̵i̵x̵.̵o̵f̵_̵a̵p̵p̵l̵y̵,̵ ̵s̵m̵u̵l̵_̵e̵q̵_̵m̵u̵l̵]̵M̲a̲t̲r̲i̲x̲.̲o̲f̲_̲a̲p̲p̲l̲y̲]̲

Note: This linter can be disabled with `set_option linter.unusedSimpArgs false`
warning: Proofs/Erdos85EvenAntipodalQuotient.lean:828:58: This simp argument is unused:
  ite_false

Hint: Omit it from the simp argument list.
  simp only [Polynomial.coeff_sub, Polynomial.coeff_X_pow,
  ̵  ̵ ̵ ̵ ̵ ̵Polynomial.coeff_C,
  ̲  ̲ ̲ ̲ ̲ ̲Polynomial.coeff_zero, if_true,̵ ̵i̵t̵e̵_̵f̵a̵l̵s̵e̵] at hc

Note: This linter can be disabled with `set_option linter.unusedSimpArgs false`
⚠ [8630/8744] Replayed Proofs.Erdos85SecondOrderEvenDefect
warning: Proofs/Erdos85SecondOrderEvenDefect.lean:288:40: Variable name `hd` is not explicitly referenced.

The binding can be removed (if unused) or named `_` (if used implicitly).

Note: This linter can be disabled with `set_option linter.unusedVariables false`
warning: Proofs/Erdos85SecondOrderEvenDefect.lean:288:53: Variable name `heven` is not explicitly referenced.

The binding can be removed (if unused) or named `_` (if used implicitly).

Note: This linter can be disabled with `set_option linter.unusedVariables false`
warning: Proofs/Erdos85SecondOrderEvenDefect.lean:289:5: Variable name `hmin` is not explicitly referenced.

The binding can be removed (if unused) or named `_` (if used implicitly).

Note: This linter can be disabled with `set_option linter.unusedVariables false`
warning: Proofs/Erdos85SecondOrderEvenDefect.lean:290:5: Variable name `hcard` is not explicitly referenced.

The binding can be removed (if unused) or named `_` (if used implicitly).

Note: This linter can be disabled with `set_option linter.unusedVariables false`
warning: Proofs/Erdos85SecondOrderEvenDefect.lean:458:8: try 'simp' instead of 'simpa'

Note: This linter can be disabled with `set_option linter.unnecessarySimpa false`
warning: Proofs/Erdos85SecondOrderEvenDefect.lean:553:17: This simp argument is unused:
  Pi.smul_apply

Hint: Omit it from the simp argument list.
  simp only [Matrix.add_apply, Matrix.one_apply, Matrix.of_apply, if_pos, u, P̵i̵.̵s̵m̵u̵l̵_̵a̵p̵p̵l̵y̵,̵ ̵smul_eq_mul, one_mul]

Note: This linter can be disabled with `set_option linter.unusedSimpArgs false`
warning: Proofs/Erdos85SecondOrderEvenDefect.lean:553:32: This simp argument is unused:
  smul_eq_mul

Hint: Omit it from the simp argument list.
  simp only [Matrix.add_apply, Matrix.one_apply, Matrix.of_apply, if_pos, u, Pi.smul_apply,
  ̲  ̲ ̲ ̲ ̲ ̲s̵m̵u̵l̵_̵e̵q̵_̵m̵u̵l̵,̵ ̵one_mul]

Note: This linter can be disabled with `set_option linter.unusedSimpArgs false`
warning: Proofs/Erdos85SecondOrderEvenDefect.lean:553:45: This simp argument is unused:
  one_mul

Hint: Omit it from the simp argument list.
  simp only [Matrix.add_apply, Matrix.one_apply, Matrix.of_apply,
  ̵  ̵ ̵ ̵ ̵ ̵if_pos, u, Pi.smul_apply,
  ̲  ̲ ̲ ̲ ̲ ̲smul_eq_mul,̵ ̵o̵n̵e̵_̵m̵u̵l̵]

Note: This linter can be disabled with `set_option linter.unusedSimpArgs false`
⚠ [8634/8744] Replayed Proofs.Erdos85CycleResolvent
warning: Proofs/Erdos85CycleResolvent.lean:80:2: 'norm_num at ha ⊢' tactic does nothing

Note: This linter can be disabled with `set_option linter.unusedTactic false`
warning: Proofs/Erdos85CycleResolvent.lean:162:29: This simp argument is unused:
  he

Hint: Omit it from the simp argument list.
  simp [oddCycleCount, he̵,̵ ̵h̵o, ih, Nat.odd_add]

Note: This linter can be disabled with `set_option linter.unusedSimpArgs false`
warning: Proofs/Erdos85CycleResolvent.lean:164:29: This simp argument is unused:
  he

Hint: Omit it from the simp argument list.
  simp [oddCycleCount, he̵,̵ ̵h̵o, ih, Nat.odd_add]

Note: This linter can be disabled with `set_option linter.unusedSimpArgs false`
⚠ [8635/8744] Replayed Proofs.Erdos85CycleGraphIso
warning: Proofs/Erdos85CycleGraphIso.lean:28:5: Variable name `hp` is not explicitly referenced.

The binding can be removed (if unused) or named `_` (if used implicitly).

Note: This linter can be disabled with `set_option linter.unusedVariables false`
warning: Proofs/Erdos85CycleGraphIso.lean:96:10: 'change (j - i).val = 1' tactic does nothing

Note: This linter can be disabled with `set_option linter.unusedTactic false`
warning: Proofs/Erdos85CycleGraphIso.lean:106:10: 'change (j - i).val = 1' tactic does nothing

Note: This linter can be disabled with `set_option linter.unusedTactic false`
warning: Proofs/Erdos85CycleGraphIso.lean:121:10: 'change (i - j).val = 1' tactic does nothing

Note: This linter can be disabled with `set_option linter.unusedTactic false`
warning: Proofs/Erdos85CycleGraphIso.lean:131:10: 'change (i - j).val = 1' tactic does nothing

Note: This linter can be disabled with `set_option linter.unusedTactic false`
⚠ [8636/8744] Replayed Proofs.Erdos85ComponentFactorization
warning: Proofs/Erdos85ComponentFactorization.lean:44:6: This simp argument is unused:
  hcc

Hint: Omit it from the simp argument list.
  simp [Matrix.reindex_apply, vertexConnectedComponentEquiv,
        Matrix.blockDiagonal'_apply_ne _ _ _ hcc, SimpleGraph.adjMatrix_apply,
  ̵  ̵ ̵ ̵ ̵ ̵hc̵c̵,̵ ̵h̵nadj]

Note: This linter can be disabled with `set_option linter.unusedSimpArgs false`
warning: Proofs/Erdos85ComponentFactorization.lean:74:71: This simp argument is unused:
  hcc

Hint: Omit it from the simp argument list.
  simp [Matrix.reindex_apply, e, vertexConnectedComponentEquiv,
          Matrix.blockDiagonal'_apply_ne _ _ _ hcc, Matrix.scalar_apply, hc̵c̵,̵ ̵h̵val]

Note: This linter can be disabled with `set_option linter.unusedSimpArgs false`
⚠ [8637/8744] Replayed Proofs.Erdos85PathCharpoly
warning: Proofs/Erdos85PathCharpoly.lean:21:48: This simp argument is unused:
  Matrix.diagonal_apply

Hint: Omit it from the simp argument list.
  simp [Matrix.charmatrix, Matrix.scalar_apply, M̵a̵t̵r̵i̵x̵.̵d̵i̵a̵g̵o̵n̵a̵l̵_̵a̵p̵p̵l̵y̵,̵SimpleGraph.adjMatrix_apply, pathGraph_adj,
  ̲  ̲ ̲ ̲Matrix.submatrix_apply]

Note: This linter can be disabled with `set_option linter.unusedSimpArgs false`
warning: Proofs/Erdos85PathCharpoly.lean:25:8: This simp argument is unused:
  Matrix.charmatrix

Hint: Omit it from the simp argument list.
  s̵i̵m̵p̵ ̵[̵M̵a̵t̵r̵i̵x̵.̵c̵h̵a̵r̵m̵a̵t̵r̵i̵x̵,̵ ̵M̵a̵t̵r̵i̵x̵.̵s̵c̵a̵l̵a̵r̵_̵a̵p̵p̵l̵y̵,̵ ̵M̵a̵t̵r̵i̵x̵.̵d̵i̵a̵g̵o̵n̵a̵l̵_̵a̵p̵p̵l̵y̵,̵
  ̵ ̵ ̵ ̵ ̵S̵i̵m̵p̵l̵e̵G̵r̵a̵p̵h̵.̵a̵d̵j̵M̵a̵t̵r̵i̵x̵_̵a̵p̵p̵l̵y̵,̵ ̵p̵a̵t̵h̵G̵r̵a̵p̵h̵_̵a̵d̵j̵,̵ ̵M̵a̵t̵r̵i̵x̵.̵s̵u̵b̵m̵a̵t̵r̵i̵x̵_̵a̵p̵p̵l̵y̵]̵s̲i̲m̲p̲ ̲[̲M̲a̲t̲r̲i̲x̲.̲s̲c̲a̲l̲a̲r̲_̲a̲p̲p̲l̲y̲,̲ ̲M̲a̲t̲r̲i̲x̲.̲d̲i̲a̲g̲o̲n̲a̲l̲_̲a̲p̲p̲l̲y̲,̲ ̲S̲i̲m̲p̲l̲e̲G̲r̲a̲p̲h̲.̲a̲d̲j̲M̲a̲t̲r̲i̲x̲_̲a̲p̲p̲l̲y̲,̲ ̲p̲a̲t̲h̲G̲r̲a̲p̲h̲_̲a̲d̲j̲,̲
  ̲ ̲ ̲ ̲ ̲M̲a̲t̲r̲i̲x̲.̲s̲u̲b̲m̲a̲t̲r̲i̲x̲_̲a̲p̲p̲l̲y̲]̲

Note: This linter can be disabled with `set_option linter.unusedSimpArgs false`
warning: Proofs/Erdos85PathCharpoly.lean:25:27: This simp argument is unused:
  Matrix.scalar_apply

Hint: Omit it from the simp argument list.
  simp [Matrix.charmatrix, M̵a̵t̵r̵i̵x̵.̵s̵c̵a̵l̵a̵r̵_̵a̵p̵p̵l̵y̵,̵ ̵Matrix.diagonal_apply, SimpleGraph.adjMatrix_apply, pathGraph_adj,
  ̲  ̲ ̲ ̲Matrix.submatrix_apply]

Note: This linter can be disabled with `set_option linter.unusedSimpArgs false`
warning: Proofs/Erdos85PathCharpoly.lean:43:48: This simp argument is unused:
  Matrix.diagonal_apply

Hint: Omit it from the simp argument list.
  simp [Matrix.charmatrix, Matrix.scalar_apply, M̵a̵t̵r̵i̵x̵.̵d̵i̵a̵g̵o̵n̵a̵l̵_̵a̵p̵p̵l̵y̵,̵SimpleGraph.adjMatrix_apply, pathGraph_adj,
  ̲  ̲ ̲ ̲Matrix.submatrix_apply, Matrix.charpoly, hz]

Note: This linter can be disabled with `set_option linter.unusedSimpArgs false`
warning: Proofs/Erdos85PathCharpoly.lean:44:48: This simp argument is unused:
  Matrix.submatrix_apply

Hint: Omit it from the simp argument list.
  simp [Matrix.charmatrix, Matrix.scalar_apply, Matrix.diagonal_apply, SimpleGraph.adjMatrix_apply,
  ̲  ̲ ̲ ̲pathGraph_adj, M̵a̵t̵r̵i̵x̵.̵s̵u̵b̵m̵a̵t̵r̵i̵x̵_̵a̵p̵p̵l̵y̵,̵Matrix.charpoly, hz]

Note: This linter can be disabled with `set_option linter.unusedSimpArgs false`
warning: Proofs/Erdos85PathCharpoly.lean:58:6: try 'simp' instead of 'simpa'

Note: This linter can be disabled with `set_option linter.unnecessarySimpa false`
warning: Proofs/Erdos85PathCharpoly.lean:53:29: This simp argument is unused:
  Matrix.det_fin_one

Hint: Omit it from the simp argument list.
  simp [Matrix.charpoly, M̵a̵t̵r̵i̵x̵.̵d̵e̵t̵_̵f̵i̵n̵_̵o̵n̵e̵,̵ ̵Matrix.charmatrix, Matrix.scalar_apply, Matrix.diagonal_apply,
  ̲  ̲ ̲ ̲ ̲ ̲ ̲ ̲SimpleGraph.adjMatrix_apply, pathGraph_adj, S_one]

Note: This linter can be disabled with `set_option linter.unusedSimpArgs false`
warning: Proofs/Erdos85PathCharpoly.lean:54:29: This simp argument is unused:
  Matrix.diagonal_apply

Hint: Omit it from the simp argument list.
  simp [Matrix.charpoly, Matrix.det_fin_one, Matrix.charmatrix, Matrix.scalar_apply,
  ̲  ̲ ̲ ̲ ̲ ̲ ̲ ̲M̵a̵t̵r̵i̵x̵.̵d̵i̵a̵g̵o̵n̵a̵l̵_̵a̵p̵p̵l̵y̵,̵ ̵SimpleGraph.adjMatrix_apply, pathGraph_adj, S_one]

Note: This linter can be disabled with `set_option linter.unusedSimpArgs false`
warning: Proofs/Erdos85PathCharpoly.lean:55:8: This simp argument is unused:
  pathGraph_adj

Hint: Omit it from the simp argument list.
  simp [Matrix.charpoly, Matrix.det_fin_one, Matrix.charmatrix, Matrix.scalar_apply,
  ̲  ̲ ̲ ̲ ̲ ̲ ̲ ̲Matrix.diagonal_apply, SimpleGraph.adjMatrix_apply, p̵a̵t̵h̵G̵r̵a̵p̵h̵_̵a̵d̵j̵,̵ ̵S_one]

Note: This linter can be disabled with `set_option linter.unusedSimpArgs false`
⚠ [8638/8744] Replayed Proofs.Erdos85CycleCharpoly
warning: Proofs/Erdos85CycleCharpoly.lean:75:51: This simp argument is unused:
  Matrix.diagonal_apply

Hint: Omit it from the simp argument list.
  simp [Q, Matrix.charmatrix, Matrix.scalar_apply, M̵a̵t̵r̵i̵x̵.̵d̵i̵a̵g̵o̵n̵a̵l̵_̵a̵p̵p̵l̵y̵,̵SimpleGraph.adjMatrix_apply, cycleGraph_adj',
  ̲  ̲ ̲ ̲Matrix.submatrix_apply, Fin.ext_iff, cycle_succ_sub_val_eq_one]

Note: This linter can be disabled with `set_option linter.unusedSimpArgs false`
warning: Proofs/Erdos85CycleCharpoly.lean:85:41: This simp argument is unused:
  Fin.zero_succAbove

Hint: Omit it from the simp argument list.
  simp only [Matrix.submatrix_submatrix,̵ ̵F̵i̵n̵.̵z̵e̵r̵o̵_̵s̵u̵c̵c̵A̵b̵o̵v̵e̵]

Note: This linter can be disabled with `set_option linter.unusedSimpArgs false`
warning: Proofs/Erdos85CycleCharpoly.lean:88:48: This simp argument is unused:
  Matrix.diagonal_apply

Hint: Omit it from the simp argument list.
  simp [Matrix.charmatrix, Matrix.scalar_apply, M̵a̵t̵r̵i̵x̵.̵d̵i̵a̵g̵o̵n̵a̵l̵_̵a̵p̵p̵l̵y̵,̵
  ̵ ̵ ̵ ̵ ̵SimpleGraph.adjMatrix_apply, cycleGraph_adj',
  ̲  ̲ ̲ ̲Matrix.submatrix_apply,
  ̵  ̵ ̵ ̵Matrix.charpoly, Fin.ext_iff, cycle_middle_not_adj_zero]

Note: This linter can be disabled with `set_option linter.unusedSimpArgs false`
warning: Proofs/Erdos85CycleCharpoly.lean:113:51: This simp argument is unused:
  Matrix.diagonal_apply

Hint: Omit it from the simp argument list.
  simp [Q, Matrix.charmatrix, Matrix.scalar_apply, M̵a̵t̵r̵i̵x̵.̵d̵i̵a̵g̵o̵n̵a̵l̵_̵a̵p̵p̵l̵y̵,̵SimpleGraph.adjMatrix_apply, cycleGraph_adj',
  ̲  ̲ ̲ ̲Matrix.submatrix_apply, Fin.ext_iff, cycle_succ_sub_val_eq_one]

Note: This linter can be disabled with `set_option linter.unusedSimpArgs false`
warning: Proofs/Erdos85CycleCharpoly.lean:136:48: This simp argument is unused:
  Matrix.diagonal_apply

Hint: Omit it from the simp argument list.
  simp [Matrix.charmatrix, Matrix.scalar_apply, M̵a̵t̵r̵i̵x̵.̵d̵i̵a̵g̵o̵n̵a̵l̵_̵a̵p̵p̵l̵y̵,̵
  ̵ ̵ ̵ ̵ ̵SimpleGraph.adjMatrix_apply, cycleGraph_adj',
  ̲  ̲ ̲ ̲Matrix.submatrix_apply,
  ̵  ̵ ̵ ̵Matrix.charpoly, Fin.ext_iff, cycle_middle_not_adj_zero]

Note: This linter can be disabled with `set_option linter.unusedSimpArgs false`
warning: Proofs/Erdos85CycleCharpoly.lean:170:48: This simp argument is unused:
  Matrix.diagonal_apply

Hint: Omit it from the simp argument list.
  simp [Matrix.charmatrix, Matrix.scalar_apply, M̵a̵t̵r̵i̵x̵.̵d̵i̵a̵g̵o̵n̵a̵l̵_̵a̵p̵p̵l̵y̵,̵
  ̵ ̵ ̵ ̵ ̵SimpleGraph.adjMatrix_apply, cycleGraph_adj',
  ̲  ̲ ̲ ̲Matrix.submatrix_apply,
  ̵  ̵ ̵ ̵Matrix.charpoly, Fin.ext_iff, cycle_middle_not_adj_zero]

Note: This linter can be disabled with `set_option linter.unusedSimpArgs false`
warning: Proofs/Erdos85CycleCharpoly.lean:171:50: This simp argument is unused:
  Matrix.submatrix_apply

Hint: Omit it from the simp argument list.
  simp [Matrix.charmatrix, Matrix.scalar_apply, Matrix.diagonal_apply, SimpleGraph.adjMatrix_apply,
  ̲  ̲ ̲ ̲cycleGraph_adj', M̵a̵t̵r̵i̵x̵.̵s̵u̵b̵m̵a̵t̵r̵i̵x̵_̵a̵p̵p̵l̵y̵,̵Matrix.charpoly, Fin.ext_iff, cycle_middle_not_adj_zero]

Note: This linter can be disabled with `set_option linter.unusedSimpArgs false`
info: Proofs/Erdos85CycleCharpoly.lean:192:64: Try this:
  [apply] ring_nf
  
  The `ring` tactic failed to close the goal. Use `ring_nf` to obtain a normal form.
    
  Note that `ring` works primarily in *commutative* rings. If you have a noncommutative ring, abelian group or module, consider using `noncomm_ring`, `abel` or `module` instead.
info: Proofs/Erdos85CycleCharpoly.lean:192:64: Try this:
  [apply] ring_nf
  
  The `ring` tactic failed to close the goal. Use `ring_nf` to obtain a normal form.
    
  Note that `ring` works primarily in *commutative* rings. If you have a noncommutative ring, abelian group or module, consider using `noncomm_ring`, `abel` or `module` instead.
⚠ [8640/8744] Replayed Proofs.Erdos85GlobalCycleFactorization
warning: Proofs/Erdos85GlobalCycleFactorization.lean:72:6: try 'simp' instead of 'simpa'

Note: This linter can be disabled with `set_option linter.unnecessarySimpa false`
warning: Proofs/Erdos85GlobalCycleFactorization.lean:141:33: This simp argument is unused:
  Matrix.diagonal_apply

Hint: Omit it from the simp argument list.
  simp [Matrix.scalar_apply,̵ ̵M̵a̵t̵r̵i̵x̵.̵d̵i̵a̵g̵o̵n̵a̵l̵_̵a̵p̵p̵l̵y̵]

Note: This linter can be disabled with `set_option linter.unusedSimpArgs false`
warning: Proofs/Erdos85GlobalCycleFactorization.lean:142:33: This simp argument is unused:
  Matrix.diagonal_apply

Hint: Omit it from the simp argument list.
  simp [Matrix.scalar_apply, M̵a̵t̵r̵i̵x̵.̵d̵i̵a̵g̵o̵n̵a̵l̵_̵a̵p̵p̵l̵y̵,̵ ̵Matrix.one_apply, hxy]

Note: This linter can be disabled with `set_option linter.unusedSimpArgs false`
warning: Proofs/Erdos85GlobalCycleFactorization.lean:142:56: This simp argument is unused:
  Matrix.one_apply

Hint: Omit it from the simp argument list.
  simp [Matrix.scalar_apply, Matrix.diagonal_apply, M̵a̵t̵r̵i̵x̵.̵o̵n̵e̵_̵a̵p̵p̵l̵y̵,̵ ̵hxy]

Note: This linter can be disabled with `set_option linter.unusedSimpArgs false`
warning: Proofs/Erdos85GlobalCycleFactorization.lean:148:4: 'change
  (Int.castRingHom ℚ) (((Matrix.scalar V ((d : ℤ) - 1) - D.adjMatrix ℤ) x y)) =
    (Matrix.scalar V ((d : ℚ) - 1) - D.adjMatrix ℚ) x y' tactic does nothing

Note: This linter can be disabled with `set_option linter.unusedTactic false`
⚠ [8641/8744] Replayed Proofs.Erdos85SecondOrderColorTrace
warning: Proofs/Erdos85SecondOrderColorTrace.lean:42:50: This simp argument is unused:
  Ne

Hint: Omit it from the simp argument list.
  simp only [*, adj_comm, true_and, N̵e̵,̵ ̵not_true] at *

Note: This linter can be disabled with `set_option linter.unusedSimpArgs false`
warning: Proofs/Erdos85SecondOrderColorTrace.lean:134:53: This simp argument is unused:
  Nat.mul_mod

Hint: Omit it from the simp argument list.
  simp [Nat.add_mod,̵ ̵N̵a̵t̵.̵m̵u̵l̵_̵m̵o̵d̵]

Note: This linter can be disabled with `set_option linter.unusedSimpArgs false`
⚠ [8642/8744] Replayed Proofs.Erdos85PositiveExcessOne
warning: Proofs/Erdos85PositiveExcessOne.lean:32:2: `push_neg` has been deprecated. Prefer using `push Not` instead.
If you'd rather continue using `push_neg` in your project, you can implement it as follows:
```
open Lean.Parser.Tactic in
macro "push_neg" cfg:optConfig loc:(location)? : tactic =>
  `(tactic| push $cfg:optConfig Not $[$loc]?)
```
warning: Proofs/Erdos85PositiveExcessOne.lean:236:2: `push_neg` has been deprecated. Prefer using `push Not` instead.
If you'd rather continue using `push_neg` in your project, you can implement it as follows:
```
open Lean.Parser.Tactic in
macro "push_neg" cfg:optConfig loc:(location)? : tactic =>
  `(tactic| push $cfg:optConfig Not $[$loc]?)
```
warning: Proofs/Erdos85PositiveExcessOne.lean:449:8: try 'simp' instead of 'simpa'

Note: This linter can be disabled with `set_option linter.unnecessarySimpa false`
warning: Proofs/Erdos85PositiveExcessOne.lean:502:6: `push_neg` has been deprecated. Prefer using `push Not` instead.
If you'd rather continue using `push_neg` in your project, you can implement it as follows:
```
open Lean.Parser.Tactic in
macro "push_neg" cfg:optConfig loc:(location)? : tactic =>
  `(tactic| push $cfg:optConfig Not $[$loc]?)
```
warning: Proofs/Erdos85PositiveExcessOne.lean:535:2: `push_neg` has been deprecated. Prefer using `push Not` instead.
If you'd rather continue using `push_neg` in your project, you can implement it as follows:
```
open Lean.Parser.Tactic in
macro "push_neg" cfg:optConfig loc:(location)? : tactic =>
  `(tactic| push $cfg:optConfig Not $[$loc]?)
```
⚠ [8644/8744] Replayed Proofs.Erdos85OrderFortyNineStratification
warning: Proofs/Erdos85OrderFortyNineStratification.lean:108:2: `push_neg` has been deprecated. Prefer using `push Not` instead.
If you'd rather continue using `push_neg` in your project, you can implement it as follows:
```
open Lean.Parser.Tactic in
macro "push_neg" cfg:optConfig loc:(location)? : tactic =>
  `(tactic| push $cfg:optConfig Not $[$loc]?)
```
⚠ [8646/8744] Replayed Proofs.Erdos85NonregularDefectOperator
warning: Proofs/Erdos85NonregularDefectOperator.lean:63:41: This simp argument is unused:
  hxy

Hint: Omit it from the simp argument list.
  simp [SimpleGraph.adjMatrix_apply, hx̵y̵,̵ ̵h̵adj, hcommon]

Note: This linter can be disabled with `set_option linter.unusedSimpArgs false`
warning: Proofs/Erdos85NonregularDefectOperator.lean:69:41: This simp argument is unused:
  hxy

Hint: Omit it from the simp argument list.
  simp [SimpleGraph.adjMatrix_apply, hx̵y̵,̵ ̵h̵adj, hcommon]

Note: This linter can be disabled with `set_option linter.unusedSimpArgs false`
info: Proofs/Erdos85NonregularDefectOperator.lean:367:0: 'Erdos85.degreePredDiagonal_mulVec_of_support_degree' depends on axioms: [propext, Classical.choice, Quot.sound]
info: Proofs/Erdos85NonregularDefectOperator.lean:368:0: 'Erdos85.c4Free_secondOrderDefect_mulVec_of_adj_degreeEigenvector' depends on axioms: [propext,
 Classical.choice,
 Quot.sound]
info: Proofs/Erdos85NonregularDefectOperator.lean:369:0: 'Erdos85.c4Free_secondOrderDefect_mulVec_of_adj_eigenvector_supported_on_degree' depends on axioms: [propext,
 Classical.choice,
 Quot.sound]
⚠ [8647/8744] Replayed Proofs.Erdos85ExcessThreeSectorCount
warning: Proofs/Erdos85ExcessThreeSectorCount.lean:160:2: `push_neg` has been deprecated. Prefer using `push Not` instead.
If you'd rather continue using `push_neg` in your project, you can implement it as follows:
```
open Lean.Parser.Tactic in
macro "push_neg" cfg:optConfig loc:(location)? : tactic =>
  `(tactic| push $cfg:optConfig Not $[$loc]?)
```
⚠ [8651/8744] Replayed Proofs.Erdos85OrderFortyNineDefectEigenvectors
warning: Proofs/Erdos85OrderFortyNineDefectEigenvectors.lean:67:4: `push_neg` has been deprecated. Prefer using `push Not` instead.
If you'd rather continue using `push_neg` in your project, you can implement it as follows:
```
open Lean.Parser.Tactic in
macro "push_neg" cfg:optConfig loc:(location)? : tactic =>
  `(tactic| push $cfg:optConfig Not $[$loc]?)
```
⚠ [8654/8744] Replayed Proofs.Erdos85RamseyPlateau
warning: Proofs/Erdos85RamseyPlateau.lean:310:23: Used `tac1 <;> tac2` where `(tac1; tac2)` would suffice

Note: This linter can be disabled with `set_option linter.unnecessarySeqFocus false`
⚠ [8660/8744] Replayed Proofs.Erdos85OrderFortyNineDefectPerfectCodes
warning: Proofs/Erdos85OrderFortyNineDefectPerfectCodes.lean:37:10: This simp argument is unused:
  Finset.insert_inter

Hint: Omit it from the simp argument list.
  simp [F̵i̵n̵s̵e̵t̵.̵i̵n̵s̵e̵r̵t̵_̵i̵n̵t̵e̵r̵,̵ ̵SimpleGraph.mem_neighborFinset, hvx, hempty]

Note: This linter can be disabled with `set_option linter.unusedSimpArgs false`
⚠ [8662/8744] Replayed Proofs.Erdos85OrderFortyNineLowTriangles
warning: Proofs/Erdos85OrderFortyNineLowTriangles.lean:149:4: `push_neg` has been deprecated. Prefer using `push Not` instead.
If you'd rather continue using `push_neg` in your project, you can implement it as follows:
```
open Lean.Parser.Tactic in
macro "push_neg" cfg:optConfig loc:(location)? : tactic =>
  `(tactic| push $cfg:optConfig Not $[$loc]?)
```
⚠ [8663/8744] Replayed Proofs.Erdos85OrderFortyNineLowTriangleIncidence
warning: Proofs/Erdos85OrderFortyNineLowTriangleIncidence.lean:23:17: Variable name `hx` is not explicitly referenced.

The binding can be removed (if unused) or named `_` (if used implicitly).

Note: This linter can be disabled with `set_option linter.unusedVariables false`
warning: Proofs/Erdos85OrderFortyNineLowTriangleIncidence.lean:23:39: Variable name `hy` is not explicitly referenced.

The binding can be removed (if unused) or named `_` (if used implicitly).

Note: This linter can be disabled with `set_option linter.unusedVariables false`
⚠ [8665/8744] Replayed Proofs.Erdos85HighRootZeroSlack
warning: Proofs/Erdos85HighRootZeroSlack.lean:23:13: Variable name `hd` is not explicitly referenced.

The binding can be removed (if unused) or named `_` (if used implicitly).

Note: This linter can be disabled with `set_option linter.unusedVariables false`
⚠ [8667/8744] Replayed Proofs.Erdos85BranchDeficitSymmetry
warning: Proofs/Erdos85BranchDeficitSymmetry.lean:62:48: Used `tac1 <;> tac2` where `(tac1; tac2)` would suffice

Note: This linter can be disabled with `set_option linter.unnecessarySeqFocus false`
warning: Proofs/Erdos85BranchDeficitSymmetry.lean:517:16: This simp argument is unused:
  hone

Hint: Omit it from the simp argument list.
  simp [ho̵n̵e̵,̵ ̵h̵zero]

Note: This linter can be disabled with `set_option linter.unusedSimpArgs false`
⚠ [8668/8744] Replayed Proofs.Erdos85LocalTriangleParity
warning: Proofs/Erdos85LocalTriangleParity.lean:52:57: Used `tac1 <;> tac2` where `(tac1; tac2)` would suffice

Note: This linter can be disabled with `set_option linter.unnecessarySeqFocus false`
warning: Proofs/Erdos85LocalTriangleParity.lean:187:8: try 'simp' instead of 'simpa'

Note: This linter can be disabled with `set_option linter.unnecessarySimpa false`
warning: Proofs/Erdos85LocalTriangleParity.lean:168:4: 'change (G.induce (G.neighborSet x)).degree y ≤ 1' tactic does nothing

Note: This linter can be disabled with `set_option linter.unusedTactic false`
⚠ [8669/8744] Replayed Proofs.Erdos85OrderFortyNineLocalEdgePartition
warning: Proofs/Erdos85OrderFortyNineLocalEdgePartition.lean:29:43: Variable name `hx` is not explicitly referenced.

The binding can be removed (if unused) or named `_` (if used implicitly).

Note: This linter can be disabled with `set_option linter.unusedVariables false`
warning: Proofs/Erdos85OrderFortyNineLocalEdgePartition.lean:125:43: Variable name `hx` is not explicitly referenced.

The binding can be removed (if unused) or named `_` (if used implicitly).

Note: This linter can be disabled with `set_option linter.unusedVariables false`
⚠ [8670/8744] Replayed Proofs.Erdos85OrderFortyNineHighIncidenceCensus
warning: Proofs/Erdos85OrderFortyNineHighIncidenceCensus.lean:46:39: This simp argument is unused:
  hfx

Hint: Omit it from the simp argument list.
  simp ̵[̵h̵f̵x̵]̵

Note: This linter can be disabled with `set_option linter.unusedSimpArgs false`
warning: Proofs/Erdos85OrderFortyNineHighIncidenceCensus.lean:304:14: This simp argument is unused:
  hxw

Hint: Omit it from the simp argument list.
  simp ̵[̵h̵x̵w̵]̵

Note: This linter can be disabled with `set_option linter.unusedSimpArgs false`
warning: Proofs/Erdos85OrderFortyNineHighIncidenceCensus.lean:629:4: 'change (∑ x ∈ (Finset.univ : Finset V), D.degree x) = _' tactic does nothing

Note: This linter can be disabled with `set_option linter.unusedTactic false`
⚠ [8678/8744] Replayed Proofs.Erdos85PairedBlockRigidity
warning: Proofs/Erdos85PairedBlockRigidity.lean:1597:2: `push_neg` has been deprecated. Prefer using `push Not` instead.
If you'd rather continue using `push_neg` in your project, you can implement it as follows:
```
open Lean.Parser.Tactic in
macro "push_neg" cfg:optConfig loc:(location)? : tactic =>
  `(tactic| push $cfg:optConfig Not $[$loc]?)
```
warning: Proofs/Erdos85PairedBlockRigidity.lean:1699:5: Variable name `hmateInv` is not explicitly referenced.

The binding can be removed (if unused) or named `_` (if used implicitly).

Note: This linter can be disabled with `set_option linter.unusedVariables false`
⚠ [8680/8744] Replayed Proofs.Erdos85OrderFortyNineDistTwoPinning
warning: Proofs/Erdos85OrderFortyNineDistTwoPinning.lean:131:37: try 'simp' instead of 'simpa'

Note: This linter can be disabled with `set_option linter.unnecessarySimpa false`
warning: Proofs/Erdos85OrderFortyNineDistTwoPinning.lean:438:36: This simp argument is unused:
  or_assoc

Hint: Omit it from the simp argument list.
  simp [K, or_comm, or_left_comm,̵ ̵o̵r̵_̵a̵s̵s̵o̵c̵]

Note: This linter can be disabled with `set_option linter.unusedSimpArgs false`
⚠ [8681/8744] Replayed Proofs.Erdos85OrderFortyNineDistOnePinning
warning: Proofs/Erdos85OrderFortyNineDistOnePinning.lean:180:8: Variable name `v2` is not explicitly referenced.

The binding can be removed (if unused) or named `_` (if used implicitly).

Note: This linter can be disabled with `set_option linter.unusedVariables false`
warning: Proofs/Erdos85OrderFortyNineDistOnePinning.lean:180:11: Variable name `v3` is not explicitly referenced.

The binding can be removed (if unused) or named `_` (if used implicitly).

Note: This linter can be disabled with `set_option linter.unusedVariables false`
warning: Proofs/Erdos85OrderFortyNineDistOnePinning.lean:296:29: Variable name `hu23_3` is not explicitly referenced.

The binding can be removed (if unused) or named `_` (if used implicitly).

Note: This linter can be disabled with `set_option linter.unusedVariables false`
warning: Proofs/Erdos85OrderFortyNineDistOnePinning.lean:424:37: Variable name `hs` is not explicitly referenced.

The binding can be removed (if unused) or named `_` (if used implicitly).

Note: This linter can be disabled with `set_option linter.unusedVariables false`
⚠ [8684/8744] Replayed Proofs.Erdos85CycleIntertwinerPeriodicity
warning: Proofs/Erdos85CycleIntertwinerPeriodicity.lean:284:53: This simp argument is unused:
  G.adj_comm

Hint: Omit it from the simp argument list.
  simp [SimpleGraph.mem_neighborFinset, hxy, hx'y,̵ ̵G̵.̵a̵d̵j̵_̵c̵o̵m̵m̵]

Note: This linter can be disabled with `set_option linter.unusedSimpArgs false`
⚠ [8685/8744] Replayed Proofs.Erdos85DefectCycleBlock
warning: Proofs/Erdos85DefectCycleBlock.lean:102:6: 'change (iz - (iz - io)).val = 1' tactic does nothing

Note: This linter can be disabled with `set_option linter.unusedTactic false`
warning: Proofs/Erdos85DefectCycleBlock.lean:119:6: 'change (iz + io - iz).val = 1' tactic does nothing

Note: This linter can be disabled with `set_option linter.unusedTactic false`
⚠ [8687/8744] Replayed Proofs.Erdos85BoundaryQuotientDivisibility
warning: Proofs/Erdos85BoundaryQuotientDivisibility.lean:113:2: `push_neg` has been deprecated. Prefer using `push Not` instead.
If you'd rather continue using `push_neg` in your project, you can implement it as follows:
```
open Lean.Parser.Tactic in
macro "push_neg" cfg:optConfig loc:(location)? : tactic =>
  `(tactic| push $cfg:optConfig Not $[$loc]?)
```
⚠ [8688/8744] Replayed Proofs.Erdos85MinimumSectorAssemblyInterface
warning: Proofs/Erdos85MinimumSectorAssemblyInterface.lean:97:6: try 'simp' instead of 'simpa'

Note: This linter can be disabled with `set_option linter.unnecessarySimpa false`
⚠ [8690/8744] Replayed Proofs.Erdos85OrderFortyNineSquareRoot
warning: Proofs/Erdos85OrderFortyNineSquareRoot.lean:125:4: try 'simp' instead of 'simpa'

Note: This linter can be disabled with `set_option linter.unnecessarySimpa false`
⚠ [8691/8744] Replayed Proofs.Erdos85OrderFortyNineOneHighOverlap
warning: Proofs/Erdos85OrderFortyNineOneHighOverlap.lean:1218:5: Variable name `hfree` is not explicitly referenced.

The binding can be removed (if unused) or named `_` (if used implicitly).

Note: This linter can be disabled with `set_option linter.unusedVariables false`
warning: Proofs/Erdos85OrderFortyNineOneHighOverlap.lean:1219:5: Variable name `hmin` is not explicitly referenced.

The binding can be removed (if unused) or named `_` (if used implicitly).

Note: This linter can be disabled with `set_option linter.unusedVariables false`
warning: Proofs/Erdos85OrderFortyNineOneHighOverlap.lean:1220:5: Variable name `hcard` is not explicitly referenced.

The binding can be removed (if unused) or named `_` (if used implicitly).

Note: This linter can be disabled with `set_option linter.unusedVariables false`
warning: Proofs/Erdos85OrderFortyNineOneHighOverlap.lean:1221:13: Variable name `hv` is not explicitly referenced.

The binding can be removed (if unused) or named `_` (if used implicitly).

Note: This linter can be disabled with `set_option linter.unusedVariables false`
warning: Proofs/Erdos85OrderFortyNineOneHighOverlap.lean:1377:2: Try this: intro x hx y hy hxy hadj
warning: Proofs/Erdos85OrderFortyNineOneHighOverlap.lean:1669:14: This simp argument is unused:
  SimpleGraph.mem_neighborFinset

Hint: Omit it from the simp argument list.
  simp [̵S̵i̵m̵p̵l̵e̵G̵r̵a̵p̵h̵.̵m̵e̵m̵_̵n̵e̵i̵g̵h̵b̵o̵r̵F̵i̵n̵s̵e̵t̵,̵ ̵h̵q̵v̵,̵[̲h̲q̲v̲,̲ hqNotNv]

Note: This linter can be disabled with `set_option linter.unusedSimpArgs false`
warning: Proofs/Erdos85OrderFortyNineOneHighOverlap.lean:3017:10: This simp argument is unused:
  S

Hint: Omit it from the simp argument list.
  simp [S̵,̵ ̵hx]

Note: This linter can be disabled with `set_option linter.unusedSimpArgs false`
warning: Proofs/Erdos85OrderFortyNineOneHighOverlap.lean:3017:13: This simp argument is unused:
  hx

Hint: Omit it from the simp argument list.
  simp [S,̵ ̵h̵x̵]

Note: This linter can be disabled with `set_option linter.unusedSimpArgs false`
⚠ [8692/8744] Replayed Proofs.Erdos85OneHighCanonicalMate
warning: Proofs/Erdos85OneHighCanonicalMate.lean:80:57: try 'simp' instead of 'simpa'

Note: This linter can be disabled with `set_option linter.unnecessarySimpa false`
warning: Proofs/Erdos85OneHighCanonicalMate.lean:106:23: This simp argument is unused:
  hpr

Hint: Omit it from the simp argument list.
  simp [rep, hp̵r̵,̵ ̵h̵npr, hinv]

Note: This linter can be disabled with `set_option linter.unusedSimpArgs false`
warning: Proofs/Erdos85OneHighCanonicalMate.lean:108:18: This simp argument is unused:
  hpr

Hint: Omit it from the simp argument list.
  simp [hp̵r̵,̵ ̵h̵npr, hinv]

Note: This linter can be disabled with `set_option linter.unusedSimpArgs false`
warning: Proofs/Erdos85OneHighCanonicalMate.lean:130:21: This simp argument is unused:
  hpi

Hint: Omit it from the simp argument list.
  simp [rep, hi, hp̵i̵,̵ ̵h̵npi, hinv]

Note: This linter can be disabled with `set_option linter.unusedSimpArgs false`
warning: Proofs/Erdos85OneHighCanonicalMate.lean:137:21: This simp argument is unused:
  hpp

Hint: Omit it from the simp argument list.
  simp [rep, hi, hp̵p̵,̵ ̵h̵nle, hinv]

Note: This linter can be disabled with `set_option linter.unusedSimpArgs false`
warning: Proofs/Erdos85OneHighCanonicalMate.lean:1944:17: try 'simp' instead of 'simpa'

Note: This linter can be disabled with `set_option linter.unnecessarySimpa false`
⚠ [8704/8744] Replayed Proofs.Erdos85DimacsSatBridge
warning: Proofs/Erdos85DimacsSatBridge.lean:109:37: Used `tac1 <;> tac2` where `(tac1; tac2)` would suffice

Note: This linter can be disabled with `set_option linter.unnecessarySeqFocus false`
warning: Proofs/Erdos85DimacsSatBridge.lean:143:35: Used `tac1 <;> tac2` where `(tac1; tac2)` would suffice

Note: This linter can be disabled with `set_option linter.unnecessarySeqFocus false`
⚠ [8726/8744] Replayed Proofs.Erdos85OrderFortyNinePrefixNormalization
warning: Proofs/Erdos85OrderFortyNinePrefixNormalization.lean:148:43: try 'simp' instead of 'simpa'

Note: This linter can be disabled with `set_option linter.unnecessarySimpa false`
warning: Proofs/Erdos85OrderFortyNinePrefixNormalization.lean:176:53: try 'simp' instead of 'simpa'

Note: This linter can be disabled with `set_option linter.unnecessarySimpa false`
warning: Proofs/Erdos85OrderFortyNinePrefixNormalization.lean:177:53: try 'simp' instead of 'simpa'

Note: This linter can be disabled with `set_option linter.unnecessarySimpa false`
warning: Proofs/Erdos85OrderFortyNinePrefixNormalization.lean:444:58: Used `tac1 <;> tac2` where `(tac1; tac2)` would suffice

Note: This linter can be disabled with `set_option linter.unnecessarySeqFocus false`
⚠ [8727/8744] Replayed Proofs.Erdos85OrderFortyNineGraphPrefixNormalization
warning: Proofs/Erdos85OrderFortyNineGraphPrefixNormalization.lean:782:8: Try `simp at this` instead of `simpa using this`

Note: This linter can be disabled with `set_option linter.unnecessarySimpa false`
warning: Proofs/Erdos85OrderFortyNineGraphPrefixNormalization.lean:786:8: Try `simp at this` instead of `simpa using this`

Note: This linter can be disabled with `set_option linter.unnecessarySimpa false`
warning: Proofs/Erdos85OrderFortyNineGraphPrefixNormalization.lean:795:10: Try `simp at this` instead of `simpa using this`

Note: This linter can be disabled with `set_option linter.unnecessarySimpa false`
warning: Proofs/Erdos85OrderFortyNineGraphPrefixNormalization.lean:799:10: Try `simp at this` instead of `simpa using this`

Note: This linter can be disabled with `set_option linter.unnecessarySimpa false`
warning: Proofs/Erdos85OrderFortyNineGraphPrefixNormalization.lean:803:8: Try `simp at this` instead of `simpa using this`

Note: This linter can be disabled with `set_option linter.unnecessarySimpa false`
⚠ [8728/8744] Replayed Proofs.Erdos85OrderFortyNineRowSemantics
warning: Proofs/Erdos85OrderFortyNineRowSemantics.lean:86:8: try 'simp' instead of 'simpa'

Note: This linter can be disabled with `set_option linter.unnecessarySimpa false`
warning: Proofs/Erdos85OrderFortyNineRowSemantics.lean:91:46: try 'simp' instead of 'simpa'

Note: This linter can be disabled with `set_option linter.unnecessarySimpa false`
warning: Proofs/Erdos85OrderFortyNineRowSemantics.lean:92:46: try 'simp' instead of 'simpa'

Note: This linter can be disabled with `set_option linter.unnecessarySimpa false`
⚠ [8732/8744] Replayed Proofs.Erdos85OrderFortyNineFullCanonicalLabeling
warning: Proofs/Erdos85OrderFortyNineFullCanonicalLabeling.lean:234:56: This simp argument is unused:
  h0

Hint: Omit it from the simp argument list.
  simp [orderFortyNineCanonicalSupportMultiplicity, h0̵,̵ ̵h̵1, h2, h3,
  ̵  ̵ ̵ ̵ ̵ ̵ ̵ ̵hmem]

Note: This linter can be disabled with `set_option linter.unusedSimpArgs false`
warning: Proofs/Erdos85OrderFortyNineFullCanonicalLabeling.lean:234:60: This simp argument is unused:
  h1

Hint: Omit it from the simp argument list.
  simp [orderFortyNineCanonicalSupportMultiplicity, h0, h1̵,̵ ̵h̵2, h3,
  ̵  ̵ ̵ ̵ ̵ ̵ ̵ ̵hmem]

Note: This linter can be disabled with `set_option linter.unusedSimpArgs false`
warning: Proofs/Erdos85OrderFortyNineFullCanonicalLabeling.lean:234:64: This simp argument is unused:
  h2

Hint: Omit it from the simp argument list.
  simp [orderFortyNineCanonicalSupportMultiplicity, h0, h1, h2̵,̵ ̵h̵3,
  ̵  ̵ ̵ ̵ ̵ ̵ ̵ ̵hmem]

Note: This linter can be disabled with `set_option linter.unusedSimpArgs false`
warning: Proofs/Erdos85OrderFortyNineFullCanonicalLabeling.lean:243:56: This simp argument is unused:
  h0

Hint: Omit it from the simp argument list.
  simp [orderFortyNineCanonicalSupportMultiplicity, h0̵,̵ ̵h̵1, h2, h3,
  ̵  ̵ ̵ ̵ ̵ ̵ ̵ ̵hnotmem]

Note: This linter can be disabled with `set_option linter.unusedSimpArgs false`
warning: Proofs/Erdos85OrderFortyNineFullCanonicalLabeling.lean:243:60: This simp argument is unused:
  h1

Hint: Omit it from the simp argument list.
  simp [orderFortyNineCanonicalSupportMultiplicity, h0, h1̵,̵ ̵h̵2, h3,
  ̵  ̵ ̵ ̵ ̵ ̵ ̵ ̵hnotmem]

Note: This linter can be disabled with `set_option linter.unusedSimpArgs false`
warning: Proofs/Erdos85OrderFortyNineFullCanonicalLabeling.lean:243:64: This simp argument is unused:
  h2

Hint: Omit it from the simp argument list.
  simp [orderFortyNineCanonicalSupportMultiplicity, h0, h1, h2̵,̵ ̵h̵3,
  ̵  ̵ ̵ ̵ ̵ ̵ ̵ ̵hnotmem]

Note: This linter can be disabled with `set_option linter.unusedSimpArgs false`
warning: Proofs/Erdos85OrderFortyNineFullCanonicalLabeling.lean:451:14: try 'simp' instead of 'simpa'

Note: This linter can be disabled with `set_option linter.unnecessarySimpa false`
⚠ [8735/8744] Replayed Proofs.Erdos85OrderFortyNineAlignedBooleanBridge
warning: Proofs/Erdos85OrderFortyNineAlignedBooleanBridge.lean:229:6: try 'simp' instead of 'simpa'

Note: This linter can be disabled with `set_option linter.unnecessarySimpa false`
⚠ [8739/8744] Built Proofs.Erdos85OrderFortyNineBitRelabel (4.2s)
warning: Proofs/Erdos85OrderFortyNineBitRelabel.lean:51:6: Try `simp at h` instead of `simpa using h`

Note: This linter can be disabled with `set_option linter.unnecessarySimpa false`
✔ [8740/8744] Built Proofs.Erdos85OrderFortyNineSmallHighProfileMasks (5.2s)
✔ [8741/8744] Built Proofs.Erdos85OrderFortyNineSmallHighCanonicalCapstone (3.9s)
ℹ [8742/8744] Built Proofs.Erdos85H3PairEngine (9.8s)
info: Proofs/Erdos85H3PairEngine.lean:1304:0: 'Erdos85.H3Pair.search_sound' depends on axioms: [propext, Classical.choice, Quot.sound]
ℹ [8743/8744] Built Proofs.Erdos85H5Engine (11s)
info: Proofs/Erdos85H5Engine.lean:1197:0: 'Erdos85.H5.search_sound' depends on axioms: [propext, Classical.choice, Quot.sound]
info: Proofs/Erdos85H5Engine.lean:1198:0: 'Erdos85.H5.parts_sound' depends on axioms: [propext, Classical.choice, Quot.sound]
[30s] Building...
ℹ [8744/8744] Built Proofs.Erdos85H5Bridge (8.6s)
info: Proofs/Erdos85H5Bridge.lean:153:0: 'Erdos85.H5.model_of_constraints' depends on axioms: [propext, Classical.choice, Quot.sound]
info: Proofs/Erdos85H5Bridge.lean:154:0: 'Erdos85.H5.fiveHighCanonicalRepresentativeExcluded_of_parts' depends on axioms: [propext, Classical.choice, Quot.sound]
Build completed successfully (8744 jobs).

=== Build succeeded ===
