[e85] job 20261008T111445-erdos85__h3-triple-formal-20261007-445375  ref=erdos85/h3-triple-formal-20261007  worktree=/opt/e85/wt/erdos85__h3-triple-formal-20261007  started 2026-10-08T11:14:45Z
[e85] commit d02fb5b5430ff42a1113172df00ef16cefc3adaf (Measure integrated H3 traversal and bounded bucket-zero size)
=== Docker Lean Build ===
Memory limit: 16384MB (hard enforced via cgroups)
Timeout: 2m
CPU limit: 2
Target: all
Build volume: lean-build-erdos85__h3-triple-formal-20261007
Extra read-only mounts: /Volumes/Stripe/lean-genius/artifacts

Command: lake env python3 -B ../research/problems/erdos-85-wip-01/h3_triple_completion_20261008/run_phase_two_paired.py
Starting Docker build...

STATES count=4
PROFILE fast=false leaf=1 key=975744 nodes=17 leaves=0 exhausted=0 invalid=0 no_fresh=0 rejected=0 available=1062 capped=false elapsed_ms=9
PROFILE fast=false leaf=2 key=986112 nodes=10000 leaves=427 exhausted=0 invalid=0 no_fresh=0 rejected=0 available=142563 capped=true elapsed_ms=2175
PROFILE fast=false leaf=3 key=41088 nodes=10000 leaves=478 exhausted=0 invalid=0 no_fresh=0 rejected=0 available=119580 capped=true elapsed_ms=2061
PROFILE fast=false leaf=4 key=776448 nodes=10000 leaves=451 exhausted=0 invalid=0 no_fresh=0 rejected=0 available=134497 capped=true elapsed_ms=2137
PROFILE fast=true leaf=1 key=975744 nodes=17 leaves=0 exhausted=0 invalid=0 no_fresh=0 rejected=0 available=1062 capped=false elapsed_ms=8
PROFILE fast=true leaf=2 key=986112 nodes=10000 leaves=427 exhausted=0 invalid=0 no_fresh=0 rejected=0 available=142563 capped=true elapsed_ms=1469
PROFILE fast=true leaf=3 key=41088 nodes=10000 leaves=478 exhausted=0 invalid=0 no_fresh=0 rejected=0 available=119580 capped=true elapsed_ms=1334
PROFILE fast=true leaf=4 key=776448 nodes=10000 leaves=451 exhausted=0 invalid=0 no_fresh=0 rejected=0 available=134497 capped=true elapsed_ms=1420

{
  "command": [
    "lean",
    "-j1",
    "H3TripleCompletionPhaseTwoPaired.lean",
    "-o",
    "/workspace/research/problems/erdos-85-wip-01/h3_triple_completion_20261008/phase-two-paired/PhaseTwoPaired.olean"
  ],
  "source_sha256": "fff74a07cbd8f4522a06450ae9506795d04b604a1e9c935d1e4d15a5b82505e3",
  "timeout_seconds": 60,
  "started_utc": "2026-10-08T11:14:47.054759+00:00",
  "prerequisites": [
    {
      "module": "Erdos85H3TripleCompletionEngine",
      "source_sha256": "c6ba723e09968d420aabf98d2117d2648929bf92690e5e2a6f9ceb68cf2222cb",
      "olean_sha256": "24524f945a9ff93f888e90a369f1e6da4cdfa3d479ff0bfd72ea4070698ccc28",
      "olean_bytes": 2159656,
      "olean_mtime": 1791457852.2320316,
      "fresh_build_elapsed": "11s",
      "axiom_exports": [
        {
          "theorem": "Erdos85.H3TripleCompletion.search_sound",
          "axioms": [
            "propext",
            "Classical.choice",
            "Quot.sound"
          ]
        }
      ]
    },
    {
      "module": "Erdos85H3TripleCompletionBridge",
      "source_sha256": "499f480a8d1eb73f33ca4119b0175f319982484a9d3fcdf0a2fbbda73d2db36b",
      "olean_sha256": "02220d1339caaf079b5889edf2e0c4e52b49b37d6c2b89ba4886c06d5a77e18e",
      "olean_bytes": 198624,
      "olean_mtime": 1791457859.7616894,
      "fresh_build_elapsed": "4.8s",
      "axiom_exports": [
        {
          "theorem": "Erdos85.H3TripleCompletion.threeHighCanonicalRepresentativeExcluded_one_of_tripleSearch",
          "axioms": [
            "propext",
            "Classical.choice",
            "Quot.sound"
          ]
        },
        {
          "theorem": "Erdos85.H3TripleCompletion.orderFortyNineTripleCellExcluded_three_one_of_tripleSearch",
          "axioms": [
            "propext",
            "Classical.choice",
            "Quot.sound"
          ]
        }
      ]
    },
    {
      "module": "Erdos85H3TripleCompletionSplit",
      "source_sha256": "b85d4d99bb82cefdbe5f8d0543928262422f2f5e6a8dfa799d7100dc7ca826a3",
      "olean_sha256": "acfdbed1a9ccec6f972f9c8c8afc5575937d82b3cbc3541f0239a8e3b019d0d3",
      "olean_bytes": 187736,
      "olean_mtime": 1791457863.4325974,
      "fresh_build_elapsed": "3.6s",
      "axiom_exports": [
        {
          "theorem": "Erdos85.H3TripleCompletion.orderFortyNineTripleCellExcluded_three_one_of_parts",
          "axioms": [
            "propext",
            "Classical.choice",
            "Quot.sound"
          ]
        }
      ]
    }
  ],
  "status": "COMPILED",
  "returncode": 0,
  "timed_out": false,
  "elapsed_seconds": 15.782753990002675,
  "child_user_seconds": 14.503557,
  "child_system_seconds": 1.2303009999999999,
  "child_maxrss_kib": 6504400,
  "log_sha256": "de406cca770ad83047ec7b44fedae10801ffe7da94204c5ea78728179c480a7e",
  "olean_sha256": "88956092951d374f02dfa3c3c789bc5290378c8b86cf6212c452ab71c672172e",
  "olean_bytes": 385232
}

=== Build succeeded ===
