{"synthetic": false,
 "schemaVersion": "2025-09-10",
 "outputs":
 {"o": ["cb819232dbd0e8d9.olean"],
  "m": false,
  "i": "94d7ed0f0db888ff.ilean",
  "c": "cc11d595c2a37fd2.c"},
 "log":
 [{"message":
   ".> LEAN_PATH=/workspace/proofs/.lake/packages/Cli/.lake/build/lib/lean:/workspace/proofs/.lake/packages/batteries/.lake/build/lib/lean:/workspace/proofs/.lake/packages/Qq/.lake/build/lib/lean:/workspace/proofs/.lake/packages/aesop/.lake/build/lib/lean:/workspace/proofs/.lake/packages/proofwidgets/.lake/build/lib/lean:/workspace/proofs/.lake/packages/importGraph/.lake/build/lib/lean:/workspace/proofs/.lake/packages/LeanSearchClient/.lake/build/lib/lean:/workspace/proofs/.lake/packages/plausible/.lake/build/lib/lean:/workspace/proofs/.lake/packages/mathlib/.lake/build/lib/lean:/workspace/proofs/.lake/build/lib/lean /root/.elan/toolchains/leanprover--lean4---v4.31.0/bin/lean /workspace/proofs/Proofs/Erdos85OrderFortyNineThreeHighOneFiber.lean -o /workspace/proofs/.lake/build/lib/lean/Proofs/Erdos85OrderFortyNineThreeHighOneFiber.olean -i /workspace/proofs/.lake/build/lib/lean/Proofs/Erdos85OrderFortyNineThreeHighOneFiber.ilean -c /workspace/proofs/.lake/build/ir/Proofs/Erdos85OrderFortyNineThreeHighOneFiber.c --setup /workspace/proofs/.lake/build/ir/Proofs/Erdos85OrderFortyNineThreeHighOneFiber.setup.json --json",
   "level": "trace"},
  {"message":
   "Proofs/Erdos85OrderFortyNineThreeHighOneFiber.lean:135:4: try 'simp' instead of 'simpa'\n\nNote: This linter can be disabled with `set_option linter.unnecessarySimpa false`",
   "level": "warning"}],
 "inputs":
 [["Proofs.Erdos85OrderFortyNineThreeHighOneFiber:deps",
   [["deps",
     [["proofs/Proofs:extraDep", [["@proofs:extraDep", "00000000000006bb"]]],
      ["imports",
       [["Proofs.Erdos85OrderFortyNineThreeHighZeroFiber transitive imports (legacy)",
         "a6f161ab3c8ec1cc"],
        ["Proofs.Erdos85OrderFortyNineThreeHighZeroFiber:importAllArts",
         "f2b10edfa2adfc68"]]]]],
    ["libs",
     [["import dynlibs", "00000000000006bb"],
      ["package external libraries", "00000000000006bb"],
      ["module dynlibs", "00000000000006bb"],
      ["module plugins", "00000000000006bb"]]]]],
  ["Lean 4.31.0, commit 68218e876d2a38b1985b8590fff244a83c321783",
   "fc45ac412f28501c"],
  ["/workspace/proofs/Proofs/Erdos85OrderFortyNineThreeHighOneFiber.lean",
   "d69294a593df4abc"],
  ["options", "00000000000006bb"],
  ["isModule: false", "feefd2a0d3a1847e"],
  ["Module.name: Proofs.Erdos85OrderFortyNineThreeHighOneFiber",
   "0c1ef4cd3ea1bf16"],
  ["Package.id?: (some proofs)", "ec5751160449cdf3"],
  ["Module.leanArgs: #[]", "00000000000006bb"]],
 "depHash": "2475620179ad1c8b"}