2026-10-09T00:56:41Z node start iid=i-0da45fb9523dc10e3 type=r7g.16xlarge slots=64 heap=6000MB cap=7200s rows=10 store=sat49/h7hsb-20261008-canary head=729127aa817263475e7aa0c65c3db34a65da3389
2026-10-09T00:56:42Z slot=0 nothing claimable, 3 claimed rows without a ledger (e.g. cube_F6_t16-b0000); waiting
2026-10-09T00:56:45Z slot=1 nothing claimable, 3 claimed rows without a ledger (e.g. cube_F6_t16-b0000); waiting
2026-10-09T00:56:48Z slot=2 nothing claimable, 3 claimed rows without a ledger (e.g. cube_F6_t16-b0000); waiting
2026-10-09T00:56:51Z slot=3 nothing claimable, 3 claimed rows without a ledger (e.g. cube_F6_t16-b0000); waiting
2026-10-09T00:56:54Z slot=4 nothing claimable, 3 claimed rows without a ledger (e.g. cube_F6_t16-b0000); waiting
2026-10-09T00:56:57Z slot=5 nothing claimable, 3 claimed rows without a ledger (e.g. cube_F6_t16-b0000); waiting
2026-10-09T00:57:00Z slot=6 nothing claimable, 3 claimed rows without a ledger (e.g. cube_F6_t16-b0000); waiting
2026-10-09T00:57:03Z slot=7 nothing claimable, 3 claimed rows without a ledger (e.g. cube_F6_t16-b0000); waiting
2026-10-09T00:57:06Z slot=8 nothing claimable, 3 claimed rows without a ledger (e.g. cube_F6_t16-b0000); waiting
2026-10-09T00:57:09Z slot=9 nothing claimable, 3 claimed rows without a ledger (e.g. cube_F6_t16-b0000); waiting
2026-10-09T00:57:12Z slot=10 nothing claimable, 3 claimed rows without a ledger (e.g. cube_F6_t16-b0000); waiting
2026-10-09T00:57:15Z slot=11 nothing claimable, 3 claimed rows without a ledger (e.g. cube_F6_t16-b0000); waiting
2026-10-09T00:57:18Z slot=12 nothing claimable, 3 claimed rows without a ledger (e.g. cube_F6_t16-b0000); waiting
2026-10-09T00:57:21Z slot=13 nothing claimable, 3 claimed rows without a ledger (e.g. cube_F6_t16-b0000); waiting
2026-10-09T00:57:24Z slot=14 nothing claimable, 3 claimed rows without a ledger (e.g. cube_F6_t16-b0000); waiting
2026-10-09T00:57:27Z slot=15 nothing claimable, 3 claimed rows without a ledger (e.g. cube_F6_t16-b0000); waiting
2026-10-09T00:57:30Z slot=16 nothing claimable, 3 claimed rows without a ledger (e.g. cube_F6_t16-b0000); waiting
2026-10-09T00:57:33Z slot=17 nothing claimable, 3 claimed rows without a ledger (e.g. cube_F6_t16-b0000); waiting
2026-10-09T00:57:36Z slot=18 nothing claimable, 3 claimed rows without a ledger (e.g. cube_F6_t16-b0000); waiting
2026-10-09T00:57:39Z slot=19 nothing claimable, 3 claimed rows without a ledger (e.g. cube_F6_t16-b0000); waiting
2026-10-09T00:57:42Z slot=20 nothing claimable, 3 claimed rows without a ledger (e.g. cube_F6_t16-b0000); waiting
2026-10-09T00:57:45Z slot=21 nothing claimable, 3 claimed rows without a ledger (e.g. cube_F6_t16-b0000); waiting
2026-10-09T00:57:48Z slot=22 nothing claimable, 3 claimed rows without a ledger (e.g. cube_F6_t16-b0000); waiting
2026-10-09T00:57:51Z slot=23 nothing claimable, 3 claimed rows without a ledger (e.g. cube_F6_t16-b0000); waiting
2026-10-09T00:57:54Z slot=24 nothing claimable, 3 claimed rows without a ledger (e.g. cube_F6_t16-b0000); waiting
2026-10-09T00:57:57Z slot=25 nothing claimable, 3 claimed rows without a ledger (e.g. cube_F6_t16-b0000); waiting
2026-10-09T00:58:00Z slot=26 nothing claimable, 3 claimed rows without a ledger (e.g. cube_F6_t16-b0000); waiting
2026-10-09T00:58:03Z slot=27 nothing claimable, 3 claimed rows without a ledger (e.g. cube_F6_t16-b0000); waiting
2026-10-09T00:58:06Z slot=28 nothing claimable, 3 claimed rows without a ledger (e.g. cube_F6_t16-b0000); waiting
2026-10-09T00:58:09Z slot=29 nothing claimable, 3 claimed rows without a ledger (e.g. cube_F6_t16-b0000); waiting
2026-10-09T00:58:12Z slot=30 nothing claimable, 3 claimed rows without a ledger (e.g. cube_F6_t16-b0000); waiting
2026-10-09T00:58:15Z slot=31 nothing claimable, 3 claimed rows without a ledger (e.g. cube_F6_t16-b0000); waiting
2026-10-09T00:58:18Z slot=32 nothing claimable, 3 claimed rows without a ledger (e.g. cube_F6_t16-b0000); waiting
2026-10-09T00:58:21Z slot=33 nothing claimable, 3 claimed rows without a ledger (e.g. cube_F6_t16-b0000); waiting
2026-10-09T00:58:24Z slot=34 nothing claimable, 3 claimed rows without a ledger (e.g. cube_F6_t16-b0000); waiting
2026-10-09T00:58:27Z slot=35 nothing claimable, 3 claimed rows without a ledger (e.g. cube_F6_t16-b0000); waiting
2026-10-09T00:58:30Z slot=36 nothing claimable, 3 claimed rows without a ledger (e.g. cube_F6_t16-b0000); waiting
2026-10-09T00:58:33Z slot=37 nothing claimable, 3 claimed rows without a ledger (e.g. cube_F6_t16-b0000); waiting
2026-10-09T00:58:36Z slot=38 nothing claimable, 3 claimed rows without a ledger (e.g. cube_F6_t16-b0000); waiting
2026-10-09T00:58:39Z slot=39 nothing claimable, 3 claimed rows without a ledger (e.g. cube_F6_t16-b0000); waiting
2026-10-09T00:58:42Z slot=40 nothing claimable, 3 claimed rows without a ledger (e.g. cube_F6_t16-b0000); waiting
2026-10-09T00:58:45Z slot=41 nothing claimable, 3 claimed rows without a ledger (e.g. cube_F6_t16-b0000); waiting
2026-10-09T00:58:47Z slot=5 claimed cube_F6_t16-b0000
2026-10-09T00:58:48Z slot=42 claimed cube_F8_t0-b0000
2026-10-09T00:58:51Z slot=43 claimed cube_F9_t0-b0000
2026-10-09T00:58:54Z slot=44 nothing claimable, 3 claimed rows without a ledger (e.g. cube_F6_t16-b0000); waiting
2026-10-09T00:58:57Z slot=45 nothing claimable, 3 claimed rows without a ledger (e.g. cube_F6_t16-b0000); waiting
2026-10-09T00:59:00Z slot=46 nothing claimable, 3 claimed rows without a ledger (e.g. cube_F6_t16-b0000); waiting
2026-10-09T00:59:03Z slot=47 nothing claimable, 3 claimed rows without a ledger (e.g. cube_F6_t16-b0000); waiting
2026-10-09T00:59:06Z slot=48 nothing claimable, 3 claimed rows without a ledger (e.g. cube_F6_t16-b0000); waiting
2026-10-09T00:59:09Z slot=49 nothing claimable, 3 claimed rows without a ledger (e.g. cube_F6_t16-b0000); waiting
2026-10-09T00:59:12Z slot=50 nothing claimable, 3 claimed rows without a ledger (e.g. cube_F6_t16-b0000); waiting
2026-10-09T00:59:15Z slot=51 nothing claimable, 3 claimed rows without a ledger (e.g. cube_F6_t16-b0000); waiting
2026-10-09T00:59:18Z slot=52 nothing claimable, 3 claimed rows without a ledger (e.g. cube_F6_t16-b0000); waiting
2026-10-09T00:59:21Z slot=53 nothing claimable, 3 claimed rows without a ledger (e.g. cube_F6_t16-b0000); waiting
2026-10-09T00:59:24Z slot=54 nothing claimable, 3 claimed rows without a ledger (e.g. cube_F6_t16-b0000); waiting
2026-10-09T00:59:27Z slot=55 nothing claimable, 3 claimed rows without a ledger (e.g. cube_F6_t16-b0000); waiting
2026-10-09T00:59:30Z slot=56 nothing claimable, 3 claimed rows without a ledger (e.g. cube_F6_t16-b0000); waiting
2026-10-09T00:59:33Z slot=57 nothing claimable, 3 claimed rows without a ledger (e.g. cube_F6_t16-b0000); waiting
2026-10-09T00:59:36Z slot=58 nothing claimable, 3 claimed rows without a ledger (e.g. cube_F6_t16-b0000); waiting
2026-10-09T00:59:39Z slot=59 nothing claimable, 3 claimed rows without a ledger (e.g. cube_F6_t16-b0000); waiting
2026-10-09T00:59:42Z slot=60 nothing claimable, 3 claimed rows without a ledger (e.g. cube_F6_t16-b0000); waiting
2026-10-09T00:59:45Z slot=61 nothing claimable, 3 claimed rows without a ledger (e.g. cube_F6_t16-b0000); waiting
2026-10-09T00:59:48Z slot=62 nothing claimable, 3 claimed rows without a ledger (e.g. cube_F6_t16-b0000); waiting
2026-10-09T00:59:51Z slot=63 nothing claimable, 3 claimed rows without a ledger (e.g. cube_F6_t16-b0000); waiting
2026-10-09T01:11:08Z slot=12 nothing claimable, 3 claimed rows without a ledger (e.g. cube_F6_t16-b0000); waiting
2026-10-09T01:11:16Z slot=3 nothing claimable, 3 claimed rows without a ledger (e.g. cube_F6_t16-b0000); waiting
2026-10-09T01:11:30Z slot=13 nothing claimable, 3 claimed rows without a ledger (e.g. cube_F6_t16-b0000); waiting
2026-10-09T01:11:39Z slot=2 nothing claimable, 3 claimed rows without a ledger (e.g. cube_F6_t16-b0000); waiting
2026-10-09T01:11:49Z slot=0 nothing claimable, 3 claimed rows without a ledger (e.g. cube_F6_t16-b0000); waiting
2026-10-09T01:11:53Z slot=15 nothing claimable, 3 claimed rows without a ledger (e.g. cube_F6_t16-b0000); waiting
2026-10-09T01:11:58Z slot=7 nothing claimable, 3 claimed rows without a ledger (e.g. cube_F6_t16-b0000); waiting
2026-10-09T01:11:59Z slot=20 nothing claimable, 3 claimed rows without a ledger (e.g. cube_F6_t16-b0000); waiting
2026-10-09T01:12:10Z slot=47 nothing claimable, 3 claimed rows without a ledger (e.g. cube_F6_t16-b0000); waiting
2026-10-09T01:12:11Z slot=10 nothing claimable, 3 claimed rows without a ledger (e.g. cube_F6_t16-b0000); waiting
2026-10-09T01:12:21Z slot=19 nothing claimable, 3 claimed rows without a ledger (e.g. cube_F6_t16-b0000); waiting
2026-10-09T01:12:22Z slot=39 nothing claimable, 3 claimed rows without a ledger (e.g. cube_F6_t16-b0000); waiting
2026-10-09T01:12:23Z slot=11 nothing claimable, 3 claimed rows without a ledger (e.g. cube_F6_t16-b0000); waiting
2026-10-09T01:12:24Z slot=33 nothing claimable, 3 claimed rows without a ledger (e.g. cube_F6_t16-b0000); waiting
2026-10-09T01:12:31Z slot=21 nothing claimable, 3 claimed rows without a ledger (e.g. cube_F6_t16-b0000); waiting
2026-10-09T01:12:33Z slot=6 nothing claimable, 3 claimed rows without a ledger (e.g. cube_F6_t16-b0000); waiting
2026-10-09T01:12:35Z slot=9 nothing claimable, 3 claimed rows without a ledger (e.g. cube_F6_t16-b0000); waiting
2026-10-09T01:12:49Z slot=50 nothing claimable, 3 claimed rows without a ledger (e.g. cube_F6_t16-b0000); waiting
2026-10-09T01:12:50Z slot=44 nothing claimable, 3 claimed rows without a ledger (e.g. cube_F6_t16-b0000); waiting
2026-10-09T01:12:52Z slot=46 nothing claimable, 3 claimed rows without a ledger (e.g. cube_F6_t16-b0000); waiting
2026-10-09T01:12:57Z slot=31 nothing claimable, 3 claimed rows without a ledger (e.g. cube_F6_t16-b0000); waiting
2026-10-09T01:12:58Z slot=49 nothing claimable, 3 claimed rows without a ledger (e.g. cube_F6_t16-b0000); waiting
2026-10-09T01:13:01Z slot=16 nothing claimable, 3 claimed rows without a ledger (e.g. cube_F6_t16-b0000); waiting
2026-10-09T01:13:03Z slot=24 nothing claimable, 3 claimed rows without a ledger (e.g. cube_F6_t16-b0000); waiting
2026-10-09T01:13:09Z slot=8 nothing claimable, 3 claimed rows without a ledger (e.g. cube_F6_t16-b0000); waiting
2026-10-09T01:13:09Z slot=4 nothing claimable, 3 claimed rows without a ledger (e.g. cube_F6_t16-b0000); waiting
2026-10-09T01:13:12Z slot=29 nothing claimable, 3 claimed rows without a ledger (e.g. cube_F6_t16-b0000); waiting
2026-10-09T01:13:12Z slot=1 nothing claimable, 3 claimed rows without a ledger (e.g. cube_F6_t16-b0000); waiting
2026-10-09T01:13:13Z slot=22 nothing claimable, 3 claimed rows without a ledger (e.g. cube_F6_t16-b0000); waiting
2026-10-09T01:13:15Z slot=18 nothing claimable, 3 claimed rows without a ledger (e.g. cube_F6_t16-b0000); waiting
2026-10-09T01:13:16Z slot=52 nothing claimable, 3 claimed rows without a ledger (e.g. cube_F6_t16-b0000); waiting
2026-10-09T01:13:18Z slot=14 nothing claimable, 3 claimed rows without a ledger (e.g. cube_F6_t16-b0000); waiting
2026-10-09T01:13:25Z slot=32 nothing claimable, 3 claimed rows without a ledger (e.g. cube_F6_t16-b0000); waiting
2026-10-09T01:13:35Z slot=25 nothing claimable, 3 claimed rows without a ledger (e.g. cube_F6_t16-b0000); waiting
2026-10-09T01:13:45Z slot=17 nothing claimable, 3 claimed rows without a ledger (e.g. cube_F6_t16-b0000); waiting
2026-10-09T01:13:57Z slot=37 nothing claimable, 3 claimed rows without a ledger (e.g. cube_F6_t16-b0000); waiting
2026-10-09T01:13:57Z slot=30 nothing claimable, 3 claimed rows without a ledger (e.g. cube_F6_t16-b0000); waiting
2026-10-09T01:13:58Z slot=34 nothing claimable, 3 claimed rows without a ledger (e.g. cube_F6_t16-b0000); waiting
2026-10-09T01:14:04Z slot=57 nothing claimable, 3 claimed rows without a ledger (e.g. cube_F6_t16-b0000); waiting
2026-10-09T01:14:06Z slot=48 nothing claimable, 3 claimed rows without a ledger (e.g. cube_F6_t16-b0000); waiting
2026-10-09T01:14:19Z slot=58 nothing claimable, 3 claimed rows without a ledger (e.g. cube_F6_t16-b0000); waiting
2026-10-09T01:14:22Z slot=27 nothing claimable, 3 claimed rows without a ledger (e.g. cube_F6_t16-b0000); waiting
2026-10-09T01:14:31Z slot=40 nothing claimable, 3 claimed rows without a ledger (e.g. cube_F6_t16-b0000); waiting
2026-10-09T01:14:33Z slot=36 nothing claimable, 3 claimed rows without a ledger (e.g. cube_F6_t16-b0000); waiting
2026-10-09T01:14:35Z slot=63 nothing claimable, 3 claimed rows without a ledger (e.g. cube_F6_t16-b0000); waiting
2026-10-09T01:14:38Z slot=60 nothing claimable, 3 claimed rows without a ledger (e.g. cube_F6_t16-b0000); waiting
2026-10-09T01:14:41Z slot=55 nothing claimable, 3 claimed rows without a ledger (e.g. cube_F6_t16-b0000); waiting
2026-10-09T01:14:42Z slot=41 nothing claimable, 3 claimed rows without a ledger (e.g. cube_F6_t16-b0000); waiting
2026-10-09T01:14:43Z slot=56 nothing claimable, 3 claimed rows without a ledger (e.g. cube_F6_t16-b0000); waiting
2026-10-09T01:14:51Z slot=62 nothing claimable, 3 claimed rows without a ledger (e.g. cube_F6_t16-b0000); waiting
2026-10-09T01:15:00Z slot=26 nothing claimable, 3 claimed rows without a ledger (e.g. cube_F6_t16-b0000); waiting
2026-10-09T01:15:02Z slot=23 nothing claimable, 3 claimed rows without a ledger (e.g. cube_F6_t16-b0000); waiting
2026-10-09T01:15:03Z slot=35 nothing claimable, 3 claimed rows without a ledger (e.g. cube_F6_t16-b0000); waiting
2026-10-09T01:15:07Z slot=38 nothing claimable, 3 claimed rows without a ledger (e.g. cube_F6_t16-b0000); waiting
2026-10-09T01:15:10Z slot=54 nothing claimable, 3 claimed rows without a ledger (e.g. cube_F6_t16-b0000); waiting
2026-10-09T01:15:15Z slot=28 nothing claimable, 3 claimed rows without a ledger (e.g. cube_F6_t16-b0000); waiting
2026-10-09T01:15:21Z slot=59 nothing claimable, 3 claimed rows without a ledger (e.g. cube_F6_t16-b0000); waiting
2026-10-09T01:15:40Z slot=45 nothing claimable, 3 claimed rows without a ledger (e.g. cube_F6_t16-b0000); waiting
2026-10-09T01:15:42Z slot=53 nothing claimable, 3 claimed rows without a ledger (e.g. cube_F6_t16-b0000); waiting
2026-10-09T01:15:43Z slot=51 nothing claimable, 3 claimed rows without a ledger (e.g. cube_F6_t16-b0000); waiting
2026-10-09T01:16:04Z slot=61 nothing claimable, 3 claimed rows without a ledger (e.g. cube_F6_t16-b0000); waiting
2026-10-09T01:24:31Z slot=3 nothing claimable, 3 claimed rows without a ledger (e.g. cube_F6_t16-b0000); waiting
2026-10-09T01:26:18Z slot=49 nothing claimable, 3 claimed rows without a ledger (e.g. cube_F6_t16-b0000); waiting
2026-10-09T01:26:36Z slot=39 nothing claimable, 3 claimed rows without a ledger (e.g. cube_F6_t16-b0000); waiting
2026-10-09T01:26:42Z slot=7 nothing claimable, 3 claimed rows without a ledger (e.g. cube_F6_t16-b0000); waiting
2026-10-09T01:26:48Z slot=0 nothing claimable, 3 claimed rows without a ledger (e.g. cube_F6_t16-b0000); waiting
2026-10-09T01:27:01Z slot=20 nothing claimable, 3 claimed rows without a ledger (e.g. cube_F6_t16-b0000); waiting
2026-10-09T01:27:06Z slot=9 nothing claimable, 3 claimed rows without a ledger (e.g. cube_F6_t16-b0000); waiting
2026-10-09T01:27:07Z slot=1 nothing claimable, 3 claimed rows without a ledger (e.g. cube_F6_t16-b0000); waiting
2026-10-09T01:27:09Z slot=15 nothing claimable, 3 claimed rows without a ledger (e.g. cube_F6_t16-b0000); waiting
2026-10-09T01:27:13Z slot=16 nothing claimable, 3 claimed rows without a ledger (e.g. cube_F6_t16-b0000); waiting
2026-10-09T01:27:15Z slot=47 nothing claimable, 3 claimed rows without a ledger (e.g. cube_F6_t16-b0000); waiting
2026-10-09T01:27:40Z slot=40 nothing claimable, 3 claimed rows without a ledger (e.g. cube_F6_t16-b0000); waiting
2026-10-09T01:27:47Z slot=50 nothing claimable, 3 claimed rows without a ledger (e.g. cube_F6_t16-b0000); waiting
2026-10-09T01:27:49Z slot=29 nothing claimable, 3 claimed rows without a ledger (e.g. cube_F6_t16-b0000); waiting
2026-10-09T01:27:52Z slot=30 nothing claimable, 3 claimed rows without a ledger (e.g. cube_F6_t16-b0000); waiting
2026-10-09T01:27:52Z slot=13 nothing claimable, 3 claimed rows without a ledger (e.g. cube_F6_t16-b0000); waiting
2026-10-09T01:27:54Z slot=46 nothing claimable, 3 claimed rows without a ledger (e.g. cube_F6_t16-b0000); waiting
2026-10-09T01:27:56Z slot=4 nothing claimable, 3 claimed rows without a ledger (e.g. cube_F6_t16-b0000); waiting
2026-10-09T01:27:57Z slot=2 nothing claimable, 3 claimed rows without a ledger (e.g. cube_F6_t16-b0000); waiting
2026-10-09T01:27:57Z slot=12 nothing claimable, 3 claimed rows without a ledger (e.g. cube_F6_t16-b0000); waiting
2026-10-09T01:28:00Z slot=14 nothing claimable, 3 claimed rows without a ledger (e.g. cube_F6_t16-b0000); waiting
2026-10-09T01:28:01Z slot=36 nothing claimable, 3 claimed rows without a ledger (e.g. cube_F6_t16-b0000); waiting
2026-10-09T01:28:08Z slot=6 nothing claimable, 3 claimed rows without a ledger (e.g. cube_F6_t16-b0000); waiting
2026-10-09T01:28:15Z slot=24 nothing claimable, 3 claimed rows without a ledger (e.g. cube_F6_t16-b0000); waiting
2026-10-09T01:28:20Z slot=21 nothing claimable, 3 claimed rows without a ledger (e.g. cube_F6_t16-b0000); waiting
2026-10-09T01:28:22Z slot=33 nothing claimable, 3 claimed rows without a ledger (e.g. cube_F6_t16-b0000); waiting
2026-10-09T01:28:24Z slot=8 nothing claimable, 3 claimed rows without a ledger (e.g. cube_F6_t16-b0000); waiting
2026-10-09T01:28:29Z slot=10 nothing claimable, 3 claimed rows without a ledger (e.g. cube_F6_t16-b0000); waiting
2026-10-09T01:28:35Z slot=37 nothing claimable, 3 claimed rows without a ledger (e.g. cube_F6_t16-b0000); waiting
2026-10-09T01:28:48Z slot=11 nothing claimable, 3 claimed rows without a ledger (e.g. cube_F6_t16-b0000); waiting
2026-10-09T01:28:48Z slot=25 nothing claimable, 3 claimed rows without a ledger (e.g. cube_F6_t16-b0000); waiting
2026-10-09T01:28:52Z slot=31 nothing claimable, 3 claimed rows without a ledger (e.g. cube_F6_t16-b0000); waiting
2026-10-09T01:28:55Z slot=19 nothing claimable, 3 claimed rows without a ledger (e.g. cube_F6_t16-b0000); waiting
2026-10-09T01:28:58Z slot=56 nothing claimable, 3 claimed rows without a ledger (e.g. cube_F6_t16-b0000); waiting
2026-10-09T01:29:03Z slot=57 nothing claimable, 3 claimed rows without a ledger (e.g. cube_F6_t16-b0000); waiting
2026-10-09T01:29:08Z slot=23 nothing claimable, 3 claimed rows without a ledger (e.g. cube_F6_t16-b0000); waiting
2026-10-09T01:29:14Z slot=35 nothing claimable, 3 claimed rows without a ledger (e.g. cube_F6_t16-b0000); waiting
2026-10-09T01:29:14Z slot=34 nothing claimable, 3 claimed rows without a ledger (e.g. cube_F6_t16-b0000); waiting
2026-10-09T01:29:26Z slot=55 nothing claimable, 3 claimed rows without a ledger (e.g. cube_F6_t16-b0000); waiting
2026-10-09T01:29:31Z slot=22 nothing claimable, 3 claimed rows without a ledger (e.g. cube_F6_t16-b0000); waiting
2026-10-09T01:29:33Z slot=38 nothing claimable, 3 claimed rows without a ledger (e.g. cube_F6_t16-b0000); waiting
2026-10-09T01:29:34Z slot=17 nothing claimable, 3 claimed rows without a ledger (e.g. cube_F6_t16-b0000); waiting
2026-10-09T01:29:35Z slot=18 nothing claimable, 3 claimed rows without a ledger (e.g. cube_F6_t16-b0000); waiting
2026-10-09T01:29:39Z slot=44 nothing claimable, 3 claimed rows without a ledger (e.g. cube_F6_t16-b0000); waiting
2026-10-09T01:29:42Z slot=48 nothing claimable, 3 claimed rows without a ledger (e.g. cube_F6_t16-b0000); waiting
2026-10-09T01:29:53Z slot=62 nothing claimable, 3 claimed rows without a ledger (e.g. cube_F6_t16-b0000); waiting
2026-10-09T01:29:54Z slot=63 nothing claimable, 3 claimed rows without a ledger (e.g. cube_F6_t16-b0000); waiting
2026-10-09T01:29:57Z slot=45 nothing claimable, 3 claimed rows without a ledger (e.g. cube_F6_t16-b0000); waiting
2026-10-09T01:30:08Z slot=52 nothing claimable, 3 claimed rows without a ledger (e.g. cube_F6_t16-b0000); waiting
2026-10-09T01:30:12Z slot=41 nothing claimable, 3 claimed rows without a ledger (e.g. cube_F6_t16-b0000); waiting
2026-10-09T01:30:15Z slot=32 nothing claimable, 3 claimed rows without a ledger (e.g. cube_F6_t16-b0000); waiting
2026-10-09T01:30:33Z slot=26 nothing claimable, 3 claimed rows without a ledger (e.g. cube_F6_t16-b0000); waiting
2026-10-09T01:30:44Z slot=51 nothing claimable, 3 claimed rows without a ledger (e.g. cube_F6_t16-b0000); waiting
2026-10-09T01:30:50Z slot=61 nothing claimable, 3 claimed rows without a ledger (e.g. cube_F6_t16-b0000); waiting
2026-10-09T01:30:58Z slot=59 nothing claimable, 3 claimed rows without a ledger (e.g. cube_F6_t16-b0000); waiting
2026-10-09T01:31:10Z slot=54 nothing claimable, 3 claimed rows without a ledger (e.g. cube_F6_t16-b0000); waiting
2026-10-09T01:31:11Z slot=53 nothing claimable, 3 claimed rows without a ledger (e.g. cube_F6_t16-b0000); waiting
2026-10-09T01:31:13Z slot=60 nothing claimable, 3 claimed rows without a ledger (e.g. cube_F6_t16-b0000); waiting
2026-10-09T01:31:17Z slot=28 nothing claimable, 3 claimed rows without a ledger (e.g. cube_F6_t16-b0000); waiting
2026-10-09T01:31:24Z slot=58 nothing claimable, 3 claimed rows without a ledger (e.g. cube_F6_t16-b0000); waiting
2026-10-09T01:31:58Z slot=27 nothing claimable, 3 claimed rows without a ledger (e.g. cube_F6_t16-b0000); waiting
2026-10-09T01:40:15Z slot=49 nothing claimable, 3 claimed rows without a ledger (e.g. cube_F6_t16-b0000); waiting
2026-10-09T01:40:25Z slot=3 nothing claimable, 3 claimed rows without a ledger (e.g. cube_F6_t16-b0000); waiting
2026-10-09T01:41:15Z slot=15 nothing claimable, 3 claimed rows without a ledger (e.g. cube_F6_t16-b0000); waiting
2026-10-09T01:41:24Z slot=20 nothing claimable, 3 claimed rows without a ledger (e.g. cube_F6_t16-b0000); waiting
2026-10-09T01:41:33Z slot=14 nothing claimable, 3 claimed rows without a ledger (e.g. cube_F6_t16-b0000); waiting
2026-10-09T01:41:36Z slot=30 nothing claimable, 3 claimed rows without a ledger (e.g. cube_F6_t16-b0000); waiting
2026-10-09T01:41:42Z slot=16 nothing claimable, 3 claimed rows without a ledger (e.g. cube_F6_t16-b0000); waiting
2026-10-09T01:41:57Z slot=24 nothing claimable, 3 claimed rows without a ledger (e.g. cube_F6_t16-b0000); waiting
2026-10-09T01:42:04Z slot=0 nothing claimable, 3 claimed rows without a ledger (e.g. cube_F6_t16-b0000); waiting
2026-10-09T01:42:26Z slot=34 nothing claimable, 3 claimed rows without a ledger (e.g. cube_F6_t16-b0000); waiting
2026-10-09T01:42:45Z slot=39 nothing claimable, 3 claimed rows without a ledger (e.g. cube_F6_t16-b0000); waiting
2026-10-09T01:42:48Z slot=7 nothing claimable, 3 claimed rows without a ledger (e.g. cube_F6_t16-b0000); waiting
2026-10-09T01:43:01Z slot=17 nothing claimable, 3 claimed rows without a ledger (e.g. cube_F6_t16-b0000); waiting
2026-10-09T01:43:05Z slot=1 nothing claimable, 3 claimed rows without a ledger (e.g. cube_F6_t16-b0000); waiting
2026-10-09T01:43:11Z slot=4 nothing claimable, 3 claimed rows without a ledger (e.g. cube_F6_t16-b0000); waiting
2026-10-09T01:43:24Z slot=21 nothing claimable, 3 claimed rows without a ledger (e.g. cube_F6_t16-b0000); waiting
2026-10-09T01:43:25Z slot=10 nothing claimable, 3 claimed rows without a ledger (e.g. cube_F6_t16-b0000); waiting
2026-10-09T01:43:34Z slot=6 nothing claimable, 3 claimed rows without a ledger (e.g. cube_F6_t16-b0000); waiting
2026-10-09T01:43:48Z slot=11 nothing claimable, 3 claimed rows without a ledger (e.g. cube_F6_t16-b0000); waiting
2026-10-09T01:43:56Z slot=50 nothing claimable, 3 claimed rows without a ledger (e.g. cube_F6_t16-b0000); waiting
2026-10-09T01:43:56Z slot=44 nothing claimable, 3 claimed rows without a ledger (e.g. cube_F6_t16-b0000); waiting
2026-10-09T01:43:57Z slot=36 nothing claimable, 3 claimed rows without a ledger (e.g. cube_F6_t16-b0000); waiting
2026-10-09T01:43:58Z slot=2 nothing claimable, 3 claimed rows without a ledger (e.g. cube_F6_t16-b0000); waiting
2026-10-09T01:43:58Z slot=57 nothing claimable, 3 claimed rows without a ledger (e.g. cube_F6_t16-b0000); waiting
2026-10-09T01:44:00Z slot=13 nothing claimable, 3 claimed rows without a ledger (e.g. cube_F6_t16-b0000); waiting
2026-10-09T01:44:01Z slot=40 nothing claimable, 3 claimed rows without a ledger (e.g. cube_F6_t16-b0000); waiting
2026-10-09T01:44:01Z slot=12 nothing claimable, 3 claimed rows without a ledger (e.g. cube_F6_t16-b0000); waiting
2026-10-09T01:44:03Z slot=9 nothing claimable, 3 claimed rows without a ledger (e.g. cube_F6_t16-b0000); waiting
2026-10-09T01:44:04Z slot=29 nothing claimable, 3 claimed rows without a ledger (e.g. cube_F6_t16-b0000); waiting
2026-10-09T01:44:05Z slot=35 nothing claimable, 3 claimed rows without a ledger (e.g. cube_F6_t16-b0000); waiting
2026-10-09T01:44:07Z slot=46 nothing claimable, 3 claimed rows without a ledger (e.g. cube_F6_t16-b0000); waiting
2026-10-09T01:44:07Z slot=62 nothing claimable, 3 claimed rows without a ledger (e.g. cube_F6_t16-b0000); waiting
2026-10-09T01:44:10Z slot=47 nothing claimable, 3 claimed rows without a ledger (e.g. cube_F6_t16-b0000); waiting
2026-10-09T01:44:21Z slot=25 nothing claimable, 3 claimed rows without a ledger (e.g. cube_F6_t16-b0000); waiting
2026-10-09T01:44:22Z slot=45 nothing claimable, 3 claimed rows without a ledger (e.g. cube_F6_t16-b0000); waiting
2026-10-09T01:44:22Z slot=38 nothing claimable, 3 claimed rows without a ledger (e.g. cube_F6_t16-b0000); waiting
2026-10-09T01:44:23Z slot=33 nothing claimable, 3 claimed rows without a ledger (e.g. cube_F6_t16-b0000); waiting
2026-10-09T01:44:31Z slot=19 nothing claimable, 3 claimed rows without a ledger (e.g. cube_F6_t16-b0000); waiting
2026-10-09T01:44:41Z slot=37 nothing claimable, 3 claimed rows without a ledger (e.g. cube_F6_t16-b0000); waiting
2026-10-09T01:44:53Z slot=56 nothing claimable, 3 claimed rows without a ledger (e.g. cube_F6_t16-b0000); waiting
2026-10-09T01:44:54Z slot=48 nothing claimable, 3 claimed rows without a ledger (e.g. cube_F6_t16-b0000); waiting
2026-10-09T01:45:01Z slot=27 nothing claimable, 3 claimed rows without a ledger (e.g. cube_F6_t16-b0000); waiting
2026-10-09T01:45:19Z slot=53 nothing claimable, 3 claimed rows without a ledger (e.g. cube_F6_t16-b0000); waiting
2026-10-09T01:45:22Z slot=8 nothing claimable, 3 claimed rows without a ledger (e.g. cube_F6_t16-b0000); waiting
2026-10-09T01:45:22Z slot=55 nothing claimable, 3 claimed rows without a ledger (e.g. cube_F6_t16-b0000); waiting
2026-10-09T01:45:29Z slot=26 nothing claimable, 3 claimed rows without a ledger (e.g. cube_F6_t16-b0000); waiting
2026-10-09T01:45:34Z slot=63 nothing claimable, 3 claimed rows without a ledger (e.g. cube_F6_t16-b0000); waiting
2026-10-09T01:45:52Z slot=18 nothing claimable, 3 claimed rows without a ledger (e.g. cube_F6_t16-b0000); waiting
2026-10-09T01:45:57Z slot=52 nothing claimable, 3 claimed rows without a ledger (e.g. cube_F6_t16-b0000); waiting
2026-10-09T01:46:09Z slot=22 nothing claimable, 3 claimed rows without a ledger (e.g. cube_F6_t16-b0000); waiting
2026-10-09T01:46:12Z slot=51 nothing claimable, 3 claimed rows without a ledger (e.g. cube_F6_t16-b0000); waiting
2026-10-09T01:46:13Z slot=31 nothing claimable, 3 claimed rows without a ledger (e.g. cube_F6_t16-b0000); waiting
2026-10-09T01:46:27Z slot=23 nothing claimable, 3 claimed rows without a ledger (e.g. cube_F6_t16-b0000); waiting
2026-10-09T01:46:34Z slot=32 nothing claimable, 3 claimed rows without a ledger (e.g. cube_F6_t16-b0000); waiting
2026-10-09T01:46:46Z slot=41 nothing claimable, 3 claimed rows without a ledger (e.g. cube_F6_t16-b0000); waiting
2026-10-09T01:46:46Z slot=60 nothing claimable, 3 claimed rows without a ledger (e.g. cube_F6_t16-b0000); waiting
2026-10-09T01:46:51Z slot=59 nothing claimable, 3 claimed rows without a ledger (e.g. cube_F6_t16-b0000); waiting
2026-10-09T01:46:54Z slot=61 nothing claimable, 3 claimed rows without a ledger (e.g. cube_F6_t16-b0000); waiting
2026-10-09T01:47:03Z slot=54 nothing claimable, 3 claimed rows without a ledger (e.g. cube_F6_t16-b0000); waiting
2026-10-09T01:47:07Z slot=28 nothing claimable, 3 claimed rows without a ledger (e.g. cube_F6_t16-b0000); waiting
2026-10-09T01:47:07Z slot=58 nothing claimable, 3 claimed rows without a ledger (e.g. cube_F6_t16-b0000); waiting
2026-10-09T01:54:40Z slot=3 nothing claimable, 3 claimed rows without a ledger (e.g. cube_F6_t16-b0000); waiting
2026-10-09T01:54:43Z slot=49 nothing claimable, 3 claimed rows without a ledger (e.g. cube_F6_t16-b0000); waiting
2026-10-09T01:55:38Z slot=15 nothing claimable, 3 claimed rows without a ledger (e.g. cube_F6_t16-b0000); waiting
2026-10-09T01:55:51Z slot=16 nothing claimable, 3 claimed rows without a ledger (e.g. cube_F6_t16-b0000); waiting
2026-10-09T01:56:27Z slot=0 nothing claimable, 3 claimed rows without a ledger (e.g. cube_F6_t16-b0000); waiting
2026-10-09T01:56:47Z slot=24 nothing claimable, 3 claimed rows without a ledger (e.g. cube_F6_t16-b0000); waiting
2026-10-09T01:56:49Z slot=30 nothing claimable, 3 claimed rows without a ledger (e.g. cube_F6_t16-b0000); waiting
2026-10-09T01:57:02Z slot=14 nothing claimable, 3 claimed rows without a ledger (e.g. cube_F6_t16-b0000); waiting
2026-10-09T01:57:12Z slot=20 nothing claimable, 3 claimed rows without a ledger (e.g. cube_F6_t16-b0000); waiting
2026-10-09T01:57:15Z slot=17 nothing claimable, 3 claimed rows without a ledger (e.g. cube_F6_t16-b0000); waiting
2026-10-09T01:57:17Z slot=1 nothing claimable, 3 claimed rows without a ledger (e.g. cube_F6_t16-b0000); waiting
2026-10-09T01:57:35Z slot=7 nothing claimable, 3 claimed rows without a ledger (e.g. cube_F6_t16-b0000); waiting
2026-10-09T01:57:38Z slot=11 nothing claimable, 3 claimed rows without a ledger (e.g. cube_F6_t16-b0000); waiting
2026-10-09T01:57:53Z slot=4 nothing claimable, 3 claimed rows without a ledger (e.g. cube_F6_t16-b0000); waiting
2026-10-09T01:58:16Z slot=34 nothing claimable, 3 claimed rows without a ledger (e.g. cube_F6_t16-b0000); waiting
2026-10-09T01:58:19Z slot=44 nothing claimable, 3 claimed rows without a ledger (e.g. cube_F6_t16-b0000); waiting
2026-10-09T01:58:29Z slot=39 nothing claimable, 3 claimed rows without a ledger (e.g. cube_F6_t16-b0000); waiting
2026-10-09T01:58:35Z slot=10 nothing claimable, 3 claimed rows without a ledger (e.g. cube_F6_t16-b0000); waiting
2026-10-09T01:58:38Z slot=19 nothing claimable, 3 claimed rows without a ledger (e.g. cube_F6_t16-b0000); waiting
2026-10-09T01:58:40Z slot=36 nothing claimable, 3 claimed rows without a ledger (e.g. cube_F6_t16-b0000); waiting
2026-10-09T01:58:41Z slot=6 nothing claimable, 3 claimed rows without a ledger (e.g. cube_F6_t16-b0000); waiting
2026-10-09T01:58:42Z slot=9 nothing claimable, 3 claimed rows without a ledger (e.g. cube_F6_t16-b0000); waiting
2026-10-09T01:58:52Z slot=35 nothing claimable, 3 claimed rows without a ledger (e.g. cube_F6_t16-b0000); waiting
2026-10-09T01:58:55Z slot=47 nothing claimable, 3 claimed rows without a ledger (e.g. cube_F6_t16-b0000); waiting
2026-10-09T01:58:58Z slot=38 nothing claimable, 3 claimed rows without a ledger (e.g. cube_F6_t16-b0000); waiting
2026-10-09T01:59:04Z slot=25 nothing claimable, 3 claimed rows without a ledger (e.g. cube_F6_t16-b0000); waiting
2026-10-09T01:59:10Z slot=2 nothing claimable, 3 claimed rows without a ledger (e.g. cube_F6_t16-b0000); waiting
2026-10-09T01:59:15Z slot=40 nothing claimable, 3 claimed rows without a ledger (e.g. cube_F6_t16-b0000); waiting
2026-10-09T01:59:16Z slot=62 nothing claimable, 3 claimed rows without a ledger (e.g. cube_F6_t16-b0000); waiting
2026-10-09T01:59:19Z slot=48 nothing claimable, 3 claimed rows without a ledger (e.g. cube_F6_t16-b0000); waiting
2026-10-09T01:59:20Z slot=12 nothing claimable, 3 claimed rows without a ledger (e.g. cube_F6_t16-b0000); waiting
2026-10-09T01:59:34Z slot=13 nothing claimable, 3 claimed rows without a ledger (e.g. cube_F6_t16-b0000); waiting
2026-10-09T01:59:35Z slot=29 nothing claimable, 3 claimed rows without a ledger (e.g. cube_F6_t16-b0000); waiting
2026-10-09T01:59:40Z slot=45 nothing claimable, 3 claimed rows without a ledger (e.g. cube_F6_t16-b0000); waiting
2026-10-09T01:59:40Z slot=21 nothing claimable, 3 claimed rows without a ledger (e.g. cube_F6_t16-b0000); waiting
2026-10-09T01:59:49Z slot=56 nothing claimable, 3 claimed rows without a ledger (e.g. cube_F6_t16-b0000); waiting
2026-10-09T01:59:54Z slot=33 nothing claimable, 3 claimed rows without a ledger (e.g. cube_F6_t16-b0000); waiting
2026-10-09T02:00:12Z slot=63 nothing claimable, 3 claimed rows without a ledger (e.g. cube_F6_t16-b0000); waiting
2026-10-09T02:00:13Z slot=61 nothing claimable, 3 claimed rows without a ledger (e.g. cube_F6_t16-b0000); waiting
2026-10-09T02:00:14Z slot=8 nothing claimable, 3 claimed rows without a ledger (e.g. cube_F6_t16-b0000); waiting
2026-10-09T02:00:21Z slot=46 nothing claimable, 3 claimed rows without a ledger (e.g. cube_F6_t16-b0000); waiting
2026-10-09T02:00:27Z slot=37 nothing claimable, 3 claimed rows without a ledger (e.g. cube_F6_t16-b0000); waiting
2026-10-09T02:00:30Z slot=57 nothing claimable, 3 claimed rows without a ledger (e.g. cube_F6_t16-b0000); waiting
2026-10-09T02:00:37Z slot=27 nothing claimable, 3 claimed rows without a ledger (e.g. cube_F6_t16-b0000); waiting
2026-10-09T02:00:45Z slot=22 nothing claimable, 3 claimed rows without a ledger (e.g. cube_F6_t16-b0000); waiting
2026-10-09T02:00:49Z slot=53 nothing claimable, 3 claimed rows without a ledger (e.g. cube_F6_t16-b0000); waiting
2026-10-09T02:01:03Z slot=50 nothing claimable, 3 claimed rows without a ledger (e.g. cube_F6_t16-b0000); waiting
2026-10-09T02:01:17Z slot=52 nothing claimable, 3 claimed rows without a ledger (e.g. cube_F6_t16-b0000); waiting
2026-10-09T02:01:21Z slot=26 nothing claimable, 3 claimed rows without a ledger (e.g. cube_F6_t16-b0000); waiting
2026-10-09T02:01:21Z slot=18 nothing claimable, 3 claimed rows without a ledger (e.g. cube_F6_t16-b0000); waiting
2026-10-09T02:01:30Z slot=51 nothing claimable, 3 claimed rows without a ledger (e.g. cube_F6_t16-b0000); waiting
2026-10-09T02:01:39Z slot=32 nothing claimable, 3 claimed rows without a ledger (e.g. cube_F6_t16-b0000); waiting
2026-10-09T02:01:39Z slot=31 nothing claimable, 3 claimed rows without a ledger (e.g. cube_F6_t16-b0000); waiting
2026-10-09T02:01:42Z slot=23 nothing claimable, 3 claimed rows without a ledger (e.g. cube_F6_t16-b0000); waiting
2026-10-09T02:01:52Z slot=58 nothing claimable, 3 claimed rows without a ledger (e.g. cube_F6_t16-b0000); waiting
2026-10-09T02:02:05Z slot=28 nothing claimable, 3 claimed rows without a ledger (e.g. cube_F6_t16-b0000); waiting
2026-10-09T02:02:18Z slot=55 nothing claimable, 3 claimed rows without a ledger (e.g. cube_F6_t16-b0000); waiting
2026-10-09T02:02:24Z slot=60 nothing claimable, 3 claimed rows without a ledger (e.g. cube_F6_t16-b0000); waiting
2026-10-09T02:02:42Z slot=59 nothing claimable, 3 claimed rows without a ledger (e.g. cube_F6_t16-b0000); waiting
2026-10-09T02:02:58Z slot=41 nothing claimable, 3 claimed rows without a ledger (e.g. cube_F6_t16-b0000); waiting
2026-10-09T02:03:24Z slot=54 nothing claimable, 3 claimed rows without a ledger (e.g. cube_F6_t16-b0000); waiting
2026-10-09T02:04:41Z slot=5 cube_F6_t16-b0000 CERTIFIED certified=64/64 proof=9806950124 solver_cpu=5698s
2026-10-09T02:04:43Z slot=5 nothing claimable, 2 claimed rows without a ledger (e.g. cube_F8_t0-b0000); waiting
2026-10-09T02:09:56Z slot=3 nothing claimable, 2 claimed rows without a ledger (e.g. cube_F8_t0-b0000); waiting
2026-10-09T02:11:09Z slot=24 nothing claimable, 2 claimed rows without a ledger (e.g. cube_F8_t0-b0000); waiting
2026-10-09T02:11:20Z slot=0 nothing claimable, 2 claimed rows without a ledger (e.g. cube_F8_t0-b0000); waiting
2026-10-09T02:11:33Z slot=49 nothing claimable, 2 claimed rows without a ledger (e.g. cube_F8_t0-b0000); waiting
2026-10-09T02:11:45Z slot=14 nothing claimable, 2 claimed rows without a ledger (e.g. cube_F8_t0-b0000); waiting
2026-10-09T02:11:59Z slot=17 nothing claimable, 2 claimed rows without a ledger (e.g. cube_F8_t0-b0000); waiting
2026-10-09T02:12:05Z slot=20 nothing claimable, 2 claimed rows without a ledger (e.g. cube_F8_t0-b0000); waiting
2026-10-09T02:12:06Z slot=1 nothing claimable, 2 claimed rows without a ledger (e.g. cube_F8_t0-b0000); waiting
2026-10-09T02:12:07Z slot=9 nothing claimable, 2 claimed rows without a ledger (e.g. cube_F8_t0-b0000); waiting
2026-10-09T02:12:19Z slot=16 nothing claimable, 2 claimed rows without a ledger (e.g. cube_F8_t0-b0000); waiting
2026-10-09T02:12:22Z slot=7 nothing claimable, 2 claimed rows without a ledger (e.g. cube_F8_t0-b0000); waiting
2026-10-09T02:12:33Z slot=11 nothing claimable, 2 claimed rows without a ledger (e.g. cube_F8_t0-b0000); waiting
2026-10-09T02:12:44Z slot=6 nothing claimable, 2 claimed rows without a ledger (e.g. cube_F8_t0-b0000); waiting
2026-10-09T02:12:45Z slot=4 nothing claimable, 2 claimed rows without a ledger (e.g. cube_F8_t0-b0000); waiting
2026-10-09T02:13:01Z slot=15 nothing claimable, 2 claimed rows without a ledger (e.g. cube_F8_t0-b0000); waiting
2026-10-09T02:13:05Z slot=19 nothing claimable, 2 claimed rows without a ledger (e.g. cube_F8_t0-b0000); waiting
2026-10-09T02:13:19Z slot=35 nothing claimable, 2 claimed rows without a ledger (e.g. cube_F8_t0-b0000); waiting
2026-10-09T02:13:21Z slot=34 nothing claimable, 2 claimed rows without a ledger (e.g. cube_F8_t0-b0000); waiting
2026-10-09T02:13:35Z slot=30 nothing claimable, 2 claimed rows without a ledger (e.g. cube_F8_t0-b0000); waiting
2026-10-09T02:13:52Z slot=40 nothing claimable, 2 claimed rows without a ledger (e.g. cube_F8_t0-b0000); waiting
2026-10-09T02:13:55Z slot=47 nothing claimable, 2 claimed rows without a ledger (e.g. cube_F8_t0-b0000); waiting
2026-10-09T02:14:00Z slot=39 nothing claimable, 2 claimed rows without a ledger (e.g. cube_F8_t0-b0000); waiting
2026-10-09T02:14:06Z slot=33 nothing claimable, 2 claimed rows without a ledger (e.g. cube_F8_t0-b0000); waiting
2026-10-09T02:14:15Z slot=62 nothing claimable, 2 claimed rows without a ledger (e.g. cube_F8_t0-b0000); waiting
2026-10-09T02:14:15Z slot=25 nothing claimable, 2 claimed rows without a ledger (e.g. cube_F8_t0-b0000); waiting
2026-10-09T02:14:23Z slot=2 nothing claimable, 2 claimed rows without a ledger (e.g. cube_F8_t0-b0000); waiting
2026-10-09T02:14:38Z slot=29 nothing claimable, 2 claimed rows without a ledger (e.g. cube_F8_t0-b0000); waiting
2026-10-09T02:14:41Z slot=38 nothing claimable, 2 claimed rows without a ledger (e.g. cube_F8_t0-b0000); waiting
2026-10-09T02:14:43Z slot=12 nothing claimable, 2 claimed rows without a ledger (e.g. cube_F8_t0-b0000); waiting
2026-10-09T02:14:44Z slot=45 nothing claimable, 2 claimed rows without a ledger (e.g. cube_F8_t0-b0000); waiting
2026-10-09T02:14:54Z slot=46 nothing claimable, 2 claimed rows without a ledger (e.g. cube_F8_t0-b0000); waiting
2026-10-09T02:14:54Z slot=10 nothing claimable, 2 claimed rows without a ledger (e.g. cube_F8_t0-b0000); waiting
2026-10-09T02:14:59Z slot=44 nothing claimable, 2 claimed rows without a ledger (e.g. cube_F8_t0-b0000); waiting
2026-10-09T02:15:16Z slot=61 nothing claimable, 2 claimed rows without a ledger (e.g. cube_F8_t0-b0000); waiting
2026-10-09T02:15:22Z slot=57 nothing claimable, 2 claimed rows without a ledger (e.g. cube_F8_t0-b0000); waiting
2026-10-09T02:15:24Z slot=56 nothing claimable, 2 claimed rows without a ledger (e.g. cube_F8_t0-b0000); waiting
2026-10-09T02:15:25Z slot=36 nothing claimable, 2 claimed rows without a ledger (e.g. cube_F8_t0-b0000); waiting
2026-10-09T02:15:28Z slot=21 nothing claimable, 2 claimed rows without a ledger (e.g. cube_F8_t0-b0000); waiting
2026-10-09T02:15:35Z slot=50 nothing claimable, 2 claimed rows without a ledger (e.g. cube_F8_t0-b0000); waiting
2026-10-09T02:15:40Z slot=48 nothing claimable, 2 claimed rows without a ledger (e.g. cube_F8_t0-b0000); waiting
2026-10-09T02:15:43Z slot=13 nothing claimable, 2 claimed rows without a ledger (e.g. cube_F8_t0-b0000); waiting
2026-10-09T02:15:45Z slot=8 nothing claimable, 2 claimed rows without a ledger (e.g. cube_F8_t0-b0000); waiting
2026-10-09T02:15:57Z slot=22 nothing claimable, 2 claimed rows without a ledger (e.g. cube_F8_t0-b0000); waiting
2026-10-09T02:16:00Z slot=53 nothing claimable, 2 claimed rows without a ledger (e.g. cube_F8_t0-b0000); waiting
2026-10-09T02:16:37Z slot=63 nothing claimable, 2 claimed rows without a ledger (e.g. cube_F8_t0-b0000); waiting
2026-10-09T02:16:50Z slot=59 nothing claimable, 2 claimed rows without a ledger (e.g. cube_F8_t0-b0000); waiting
2026-10-09T02:16:51Z slot=52 nothing claimable, 2 claimed rows without a ledger (e.g. cube_F8_t0-b0000); waiting
2026-10-09T02:16:52Z slot=27 nothing claimable, 2 claimed rows without a ledger (e.g. cube_F8_t0-b0000); waiting
2026-10-09T02:16:56Z slot=32 nothing claimable, 2 claimed rows without a ledger (e.g. cube_F8_t0-b0000); waiting
2026-10-09T02:16:58Z slot=51 nothing claimable, 2 claimed rows without a ledger (e.g. cube_F8_t0-b0000); waiting
2026-10-09T02:17:05Z slot=37 nothing claimable, 2 claimed rows without a ledger (e.g. cube_F8_t0-b0000); waiting
2026-10-09T02:17:06Z slot=58 nothing claimable, 2 claimed rows without a ledger (e.g. cube_F8_t0-b0000); waiting
2026-10-09T02:17:07Z slot=23 nothing claimable, 2 claimed rows without a ledger (e.g. cube_F8_t0-b0000); waiting
2026-10-09T02:17:09Z slot=26 nothing claimable, 2 claimed rows without a ledger (e.g. cube_F8_t0-b0000); waiting
2026-10-09T02:17:09Z slot=41 nothing claimable, 2 claimed rows without a ledger (e.g. cube_F8_t0-b0000); waiting
2026-10-09T02:17:24Z slot=31 nothing claimable, 2 claimed rows without a ledger (e.g. cube_F8_t0-b0000); waiting
2026-10-09T02:17:37Z slot=18 nothing claimable, 2 claimed rows without a ledger (e.g. cube_F8_t0-b0000); waiting
2026-10-09T02:18:07Z slot=55 nothing claimable, 2 claimed rows without a ledger (e.g. cube_F8_t0-b0000); waiting
2026-10-09T02:18:27Z slot=60 nothing claimable, 2 claimed rows without a ledger (e.g. cube_F8_t0-b0000); waiting
2026-10-09T02:18:42Z slot=28 nothing claimable, 2 claimed rows without a ledger (e.g. cube_F8_t0-b0000); waiting
2026-10-09T02:20:21Z slot=54 nothing claimable, 2 claimed rows without a ledger (e.g. cube_F8_t0-b0000); waiting
2026-10-09T02:20:22Z slot=5 nothing claimable, 2 claimed rows without a ledger (e.g. cube_F8_t0-b0000); waiting
2026-10-09T02:24:33Z slot=3 nothing claimable, 2 claimed rows without a ledger (e.g. cube_F8_t0-b0000); waiting
2026-10-09T02:25:26Z slot=0 nothing claimable, 2 claimed rows without a ledger (e.g. cube_F8_t0-b0000); waiting
2026-10-09T02:25:53Z slot=16 nothing claimable, 2 claimed rows without a ledger (e.g. cube_F8_t0-b0000); waiting
2026-10-09T02:25:54Z slot=49 nothing claimable, 2 claimed rows without a ledger (e.g. cube_F8_t0-b0000); waiting
2026-10-09T02:26:23Z slot=6 nothing claimable, 2 claimed rows without a ledger (e.g. cube_F8_t0-b0000); waiting
2026-10-09T02:27:00Z slot=17 nothing claimable, 2 claimed rows without a ledger (e.g. cube_F8_t0-b0000); waiting
2026-10-09T02:27:04Z slot=20 nothing claimable, 2 claimed rows without a ledger (e.g. cube_F8_t0-b0000); waiting
2026-10-09T02:27:08Z slot=24 nothing claimable, 2 claimed rows without a ledger (e.g. cube_F8_t0-b0000); waiting
2026-10-09T02:27:16Z slot=7 nothing claimable, 2 claimed rows without a ledger (e.g. cube_F8_t0-b0000); waiting
2026-10-09T02:27:32Z slot=19 nothing claimable, 2 claimed rows without a ledger (e.g. cube_F8_t0-b0000); waiting
2026-10-09T02:27:35Z slot=15 nothing claimable, 2 claimed rows without a ledger (e.g. cube_F8_t0-b0000); waiting
2026-10-09T02:27:48Z slot=11 nothing claimable, 2 claimed rows without a ledger (e.g. cube_F8_t0-b0000); waiting
2026-10-09T02:27:53Z slot=1 nothing claimable, 2 claimed rows without a ledger (e.g. cube_F8_t0-b0000); waiting
2026-10-09T02:27:58Z slot=14 nothing claimable, 2 claimed rows without a ledger (e.g. cube_F8_t0-b0000); waiting
2026-10-09T02:28:08Z slot=38 nothing claimable, 2 claimed rows without a ledger (e.g. cube_F8_t0-b0000); waiting
2026-10-09T02:28:15Z slot=40 nothing claimable, 2 claimed rows without a ledger (e.g. cube_F8_t0-b0000); waiting
2026-10-09T02:28:19Z slot=35 nothing claimable, 2 claimed rows without a ledger (e.g. cube_F8_t0-b0000); waiting
2026-10-09T02:28:30Z slot=39 nothing claimable, 2 claimed rows without a ledger (e.g. cube_F8_t0-b0000); waiting
2026-10-09T02:28:36Z slot=9 nothing claimable, 2 claimed rows without a ledger (e.g. cube_F8_t0-b0000); waiting
2026-10-09T02:28:37Z slot=4 nothing claimable, 2 claimed rows without a ledger (e.g. cube_F8_t0-b0000); waiting
2026-10-09T02:28:46Z slot=30 nothing claimable, 2 claimed rows without a ledger (e.g. cube_F8_t0-b0000); waiting
2026-10-09T02:28:52Z slot=34 nothing claimable, 2 claimed rows without a ledger (e.g. cube_F8_t0-b0000); waiting
2026-10-09T02:28:55Z slot=47 nothing claimable, 2 claimed rows without a ledger (e.g. cube_F8_t0-b0000); waiting
2026-10-09T02:28:57Z slot=33 nothing claimable, 2 claimed rows without a ledger (e.g. cube_F8_t0-b0000); waiting
2026-10-09T02:29:01Z slot=8 nothing claimable, 2 claimed rows without a ledger (e.g. cube_F8_t0-b0000); waiting
2026-10-09T02:29:12Z slot=62 nothing claimable, 2 claimed rows without a ledger (e.g. cube_F8_t0-b0000); waiting
2026-10-09T02:29:13Z slot=46 nothing claimable, 2 claimed rows without a ledger (e.g. cube_F8_t0-b0000); waiting
2026-10-09T02:29:19Z slot=12 nothing claimable, 2 claimed rows without a ledger (e.g. cube_F8_t0-b0000); waiting
2026-10-09T02:29:31Z slot=45 nothing claimable, 2 claimed rows without a ledger (e.g. cube_F8_t0-b0000); waiting
2026-10-09T02:29:45Z slot=2 nothing claimable, 2 claimed rows without a ledger (e.g. cube_F8_t0-b0000); waiting
2026-10-09T02:29:51Z slot=29 nothing claimable, 2 claimed rows without a ledger (e.g. cube_F8_t0-b0000); waiting
2026-10-09T02:29:55Z slot=10 nothing claimable, 2 claimed rows without a ledger (e.g. cube_F8_t0-b0000); waiting
2026-10-09T02:30:26Z slot=25 nothing claimable, 2 claimed rows without a ledger (e.g. cube_F8_t0-b0000); waiting
2026-10-09T02:30:30Z slot=36 nothing claimable, 2 claimed rows without a ledger (e.g. cube_F8_t0-b0000); waiting
2026-10-09T02:30:52Z slot=48 nothing claimable, 2 claimed rows without a ledger (e.g. cube_F8_t0-b0000); waiting
2026-10-09T02:30:55Z slot=61 nothing claimable, 2 claimed rows without a ledger (e.g. cube_F8_t0-b0000); waiting
2026-10-09T02:30:58Z slot=13 nothing claimable, 2 claimed rows without a ledger (e.g. cube_F8_t0-b0000); waiting
2026-10-09T02:31:08Z slot=44 nothing claimable, 2 claimed rows without a ledger (e.g. cube_F8_t0-b0000); waiting
2026-10-09T02:31:09Z slot=22 nothing claimable, 2 claimed rows without a ledger (e.g. cube_F8_t0-b0000); waiting
2026-10-09T02:31:11Z slot=58 nothing claimable, 2 claimed rows without a ledger (e.g. cube_F8_t0-b0000); waiting
2026-10-09T02:31:22Z slot=23 nothing claimable, 2 claimed rows without a ledger (e.g. cube_F8_t0-b0000); waiting
2026-10-09T02:31:25Z slot=50 nothing claimable, 2 claimed rows without a ledger (e.g. cube_F8_t0-b0000); waiting
2026-10-09T02:31:25Z slot=51 nothing claimable, 2 claimed rows without a ledger (e.g. cube_F8_t0-b0000); waiting
2026-10-09T02:31:42Z slot=32 nothing claimable, 2 claimed rows without a ledger (e.g. cube_F8_t0-b0000); waiting
2026-10-09T02:31:45Z slot=53 nothing claimable, 2 claimed rows without a ledger (e.g. cube_F8_t0-b0000); waiting
2026-10-09T02:31:47Z slot=27 nothing claimable, 2 claimed rows without a ledger (e.g. cube_F8_t0-b0000); waiting
2026-10-09T02:31:48Z slot=26 nothing claimable, 2 claimed rows without a ledger (e.g. cube_F8_t0-b0000); waiting
2026-10-09T02:31:49Z slot=18 nothing claimable, 2 claimed rows without a ledger (e.g. cube_F8_t0-b0000); waiting
2026-10-09T02:31:56Z slot=59 nothing claimable, 2 claimed rows without a ledger (e.g. cube_F8_t0-b0000); waiting
2026-10-09T02:31:59Z slot=57 nothing claimable, 2 claimed rows without a ledger (e.g. cube_F8_t0-b0000); waiting
2026-10-09T02:32:11Z slot=21 nothing claimable, 2 claimed rows without a ledger (e.g. cube_F8_t0-b0000); waiting
2026-10-09T02:32:18Z slot=52 nothing claimable, 2 claimed rows without a ledger (e.g. cube_F8_t0-b0000); waiting
2026-10-09T02:32:20Z slot=63 nothing claimable, 2 claimed rows without a ledger (e.g. cube_F8_t0-b0000); waiting
2026-10-09T02:32:42Z slot=41 nothing claimable, 2 claimed rows without a ledger (e.g. cube_F8_t0-b0000); waiting
2026-10-09T02:32:45Z slot=56 nothing claimable, 2 claimed rows without a ledger (e.g. cube_F8_t0-b0000); waiting
2026-10-09T02:32:51Z slot=28 nothing claimable, 2 claimed rows without a ledger (e.g. cube_F8_t0-b0000); waiting
2026-10-09T02:33:09Z slot=37 nothing claimable, 2 claimed rows without a ledger (e.g. cube_F8_t0-b0000); waiting
2026-10-09T02:33:35Z slot=60 nothing claimable, 2 claimed rows without a ledger (e.g. cube_F8_t0-b0000); waiting
2026-10-09T02:33:37Z slot=31 nothing claimable, 2 claimed rows without a ledger (e.g. cube_F8_t0-b0000); waiting
2026-10-09T02:35:05Z slot=55 nothing claimable, 2 claimed rows without a ledger (e.g. cube_F8_t0-b0000); waiting
2026-10-09T02:35:35Z slot=5 nothing claimable, 2 claimed rows without a ledger (e.g. cube_F8_t0-b0000); waiting
2026-10-09T02:35:52Z slot=54 nothing claimable, 2 claimed rows without a ledger (e.g. cube_F8_t0-b0000); waiting
2026-10-09T02:39:16Z slot=3 nothing claimable, 2 claimed rows without a ledger (e.g. cube_F8_t0-b0000); waiting
2026-10-09T02:40:07Z slot=49 nothing claimable, 2 claimed rows without a ledger (e.g. cube_F8_t0-b0000); waiting
2026-10-09T02:40:55Z slot=16 nothing claimable, 2 claimed rows without a ledger (e.g. cube_F8_t0-b0000); waiting
2026-10-09T02:41:28Z slot=6 nothing claimable, 2 claimed rows without a ledger (e.g. cube_F8_t0-b0000); waiting
2026-10-09T02:41:43Z slot=20 nothing claimable, 2 claimed rows without a ledger (e.g. cube_F8_t0-b0000); waiting
2026-10-09T02:42:21Z slot=0 nothing claimable, 2 claimed rows without a ledger (e.g. cube_F8_t0-b0000); waiting
2026-10-09T02:42:28Z slot=11 nothing claimable, 2 claimed rows without a ledger (e.g. cube_F8_t0-b0000); waiting
2026-10-09T02:42:40Z slot=17 nothing claimable, 2 claimed rows without a ledger (e.g. cube_F8_t0-b0000); waiting
2026-10-09T02:42:54Z slot=24 nothing claimable, 2 claimed rows without a ledger (e.g. cube_F8_t0-b0000); waiting
2026-10-09T02:42:57Z slot=19 nothing claimable, 2 claimed rows without a ledger (e.g. cube_F8_t0-b0000); waiting
2026-10-09T02:43:00Z slot=15 nothing claimable, 2 claimed rows without a ledger (e.g. cube_F8_t0-b0000); waiting
2026-10-09T02:43:13Z slot=40 nothing claimable, 2 claimed rows without a ledger (e.g. cube_F8_t0-b0000); waiting
2026-10-09T02:43:30Z slot=7 nothing claimable, 2 claimed rows without a ledger (e.g. cube_F8_t0-b0000); waiting
2026-10-09T02:43:33Z slot=4 nothing claimable, 2 claimed rows without a ledger (e.g. cube_F8_t0-b0000); waiting
2026-10-09T02:43:37Z slot=47 nothing claimable, 2 claimed rows without a ledger (e.g. cube_F8_t0-b0000); waiting
2026-10-09T02:43:48Z slot=14 nothing claimable, 2 claimed rows without a ledger (e.g. cube_F8_t0-b0000); waiting
2026-10-09T02:43:50Z slot=62 nothing claimable, 2 claimed rows without a ledger (e.g. cube_F8_t0-b0000); waiting
2026-10-09T02:43:59Z slot=39 nothing claimable, 2 claimed rows without a ledger (e.g. cube_F8_t0-b0000); waiting
2026-10-09T02:44:03Z slot=12 nothing claimable, 2 claimed rows without a ledger (e.g. cube_F8_t0-b0000); waiting
2026-10-09T02:44:09Z slot=9 nothing claimable, 2 claimed rows without a ledger (e.g. cube_F8_t0-b0000); waiting
2026-10-09T02:44:12Z slot=38 nothing claimable, 2 claimed rows without a ledger (e.g. cube_F8_t0-b0000); waiting
2026-10-09T02:44:21Z slot=2 nothing claimable, 2 claimed rows without a ledger (e.g. cube_F8_t0-b0000); waiting
2026-10-09T02:44:29Z slot=46 nothing claimable, 2 claimed rows without a ledger (e.g. cube_F8_t0-b0000); waiting
2026-10-09T02:44:30Z slot=1 nothing claimable, 2 claimed rows without a ledger (e.g. cube_F8_t0-b0000); waiting
2026-10-09T02:44:35Z slot=44 nothing claimable, 2 claimed rows without a ledger (e.g. cube_F8_t0-b0000); waiting
2026-10-09T02:44:36Z slot=33 nothing claimable, 2 claimed rows without a ledger (e.g. cube_F8_t0-b0000); waiting
2026-10-09T02:44:41Z slot=34 nothing claimable, 2 claimed rows without a ledger (e.g. cube_F8_t0-b0000); waiting
2026-10-09T02:44:42Z slot=35 nothing claimable, 2 claimed rows without a ledger (e.g. cube_F8_t0-b0000); waiting
2026-10-09T02:44:57Z slot=45 nothing claimable, 2 claimed rows without a ledger (e.g. cube_F8_t0-b0000); waiting
2026-10-09T02:44:57Z slot=8 nothing claimable, 2 claimed rows without a ledger (e.g. cube_F8_t0-b0000); waiting
2026-10-09T02:45:16Z slot=29 nothing claimable, 2 claimed rows without a ledger (e.g. cube_F8_t0-b0000); waiting
2026-10-09T02:45:22Z slot=53 nothing claimable, 2 claimed rows without a ledger (e.g. cube_F8_t0-b0000); waiting
2026-10-09T02:45:29Z slot=30 nothing claimable, 2 claimed rows without a ledger (e.g. cube_F8_t0-b0000); waiting
2026-10-09T02:45:33Z slot=50 nothing claimable, 2 claimed rows without a ledger (e.g. cube_F8_t0-b0000); waiting
2026-10-09T02:45:43Z slot=25 nothing claimable, 2 claimed rows without a ledger (e.g. cube_F8_t0-b0000); waiting
2026-10-09T02:45:59Z slot=36 nothing claimable, 2 claimed rows without a ledger (e.g. cube_F8_t0-b0000); waiting
2026-10-09T02:46:08Z slot=32 nothing claimable, 2 claimed rows without a ledger (e.g. cube_F8_t0-b0000); waiting
2026-10-09T02:46:22Z slot=26 nothing claimable, 2 claimed rows without a ledger (e.g. cube_F8_t0-b0000); waiting
2026-10-09T02:46:26Z slot=27 nothing claimable, 2 claimed rows without a ledger (e.g. cube_F8_t0-b0000); waiting
2026-10-09T02:46:33Z slot=10 nothing claimable, 2 claimed rows without a ledger (e.g. cube_F8_t0-b0000); waiting
2026-10-09T02:46:40Z slot=48 nothing claimable, 2 claimed rows without a ledger (e.g. cube_F8_t0-b0000); waiting
2026-10-09T02:46:52Z slot=13 nothing claimable, 2 claimed rows without a ledger (e.g. cube_F8_t0-b0000); waiting
2026-10-09T02:46:53Z slot=52 nothing claimable, 2 claimed rows without a ledger (e.g. cube_F8_t0-b0000); waiting
2026-10-09T02:46:55Z slot=21 nothing claimable, 2 claimed rows without a ledger (e.g. cube_F8_t0-b0000); waiting
2026-10-09T02:47:03Z slot=59 nothing claimable, 2 claimed rows without a ledger (e.g. cube_F8_t0-b0000); waiting
2026-10-09T02:47:06Z slot=61 nothing claimable, 2 claimed rows without a ledger (e.g. cube_F8_t0-b0000); waiting
2026-10-09T02:47:11Z slot=22 nothing claimable, 2 claimed rows without a ledger (e.g. cube_F8_t0-b0000); waiting
2026-10-09T02:47:12Z slot=28 nothing claimable, 2 claimed rows without a ledger (e.g. cube_F8_t0-b0000); waiting
2026-10-09T02:47:48Z slot=23 nothing claimable, 2 claimed rows without a ledger (e.g. cube_F8_t0-b0000); waiting
2026-10-09T02:47:51Z slot=37 nothing claimable, 2 claimed rows without a ledger (e.g. cube_F8_t0-b0000); waiting
2026-10-09T02:48:03Z slot=58 nothing claimable, 2 claimed rows without a ledger (e.g. cube_F8_t0-b0000); waiting
2026-10-09T02:48:13Z slot=41 nothing claimable, 2 claimed rows without a ledger (e.g. cube_F8_t0-b0000); waiting
2026-10-09T02:48:17Z slot=51 nothing claimable, 2 claimed rows without a ledger (e.g. cube_F8_t0-b0000); waiting
2026-10-09T02:48:18Z slot=63 nothing claimable, 2 claimed rows without a ledger (e.g. cube_F8_t0-b0000); waiting
2026-10-09T02:48:58Z slot=18 nothing claimable, 2 claimed rows without a ledger (e.g. cube_F8_t0-b0000); waiting
2026-10-09T02:49:05Z slot=56 nothing claimable, 2 claimed rows without a ledger (e.g. cube_F8_t0-b0000); waiting
2026-10-09T02:49:22Z slot=60 nothing claimable, 2 claimed rows without a ledger (e.g. cube_F8_t0-b0000); waiting
2026-10-09T02:49:34Z slot=57 nothing claimable, 2 claimed rows without a ledger (e.g. cube_F8_t0-b0000); waiting
2026-10-09T02:50:17Z slot=55 nothing claimable, 2 claimed rows without a ledger (e.g. cube_F8_t0-b0000); waiting
2026-10-09T02:50:26Z slot=31 nothing claimable, 2 claimed rows without a ledger (e.g. cube_F8_t0-b0000); waiting
2026-10-09T02:50:39Z slot=5 nothing claimable, 2 claimed rows without a ledger (e.g. cube_F8_t0-b0000); waiting
2026-10-09T02:52:43Z slot=54 nothing claimable, 2 claimed rows without a ledger (e.g. cube_F8_t0-b0000); waiting
2026-10-09T02:53:57Z slot=3 nothing claimable, 2 claimed rows without a ledger (e.g. cube_F8_t0-b0000); waiting
2026-10-09T02:55:54Z slot=11 nothing claimable, 2 claimed rows without a ledger (e.g. cube_F8_t0-b0000); waiting
2026-10-09T02:56:02Z slot=49 nothing claimable, 2 claimed rows without a ledger (e.g. cube_F8_t0-b0000); waiting
2026-10-09T02:56:41Z slot=17 10799s of node lifetime left (< 10800); not claiming
2026-10-09T02:56:42Z slot=18 10798s of node lifetime left (< 10800); not claiming
2026-10-09T02:56:42Z slot=40 10798s of node lifetime left (< 10800); not claiming
2026-10-09T02:56:43Z slot=46 10797s of node lifetime left (< 10800); not claiming
2026-10-09T02:56:46Z slot=9 10795s of node lifetime left (< 10800); not claiming
2026-10-09T02:56:48Z slot=56 10792s of node lifetime left (< 10800); not claiming
2026-10-09T02:56:50Z slot=24 10791s of node lifetime left (< 10800); not claiming
2026-10-09T02:56:52Z slot=30 10789s of node lifetime left (< 10800); not claiming
2026-10-09T02:56:53Z slot=3 10787s of node lifetime left (< 10800); not claiming
2026-10-09T02:56:54Z slot=6 10786s of node lifetime left (< 10800); not claiming
2026-10-09T02:56:56Z slot=29 10784s of node lifetime left (< 10800); not claiming
2026-10-09T02:56:56Z slot=37 10784s of node lifetime left (< 10800); not claiming
2026-10-09T02:56:57Z slot=31 10783s of node lifetime left (< 10800); not claiming
2026-10-09T02:57:02Z slot=54 10779s of node lifetime left (< 10800); not claiming
2026-10-09T02:57:03Z slot=20 10778s of node lifetime left (< 10800); not claiming
2026-10-09T02:57:08Z slot=52 10773s of node lifetime left (< 10800); not claiming
2026-10-09T02:57:08Z slot=1 10772s of node lifetime left (< 10800); not claiming
2026-10-09T02:57:09Z slot=47 10771s of node lifetime left (< 10800); not claiming
2026-10-09T02:57:10Z slot=21 10771s of node lifetime left (< 10800); not claiming
2026-10-09T02:57:12Z slot=4 10769s of node lifetime left (< 10800); not claiming
2026-10-09T02:57:12Z slot=26 10768s of node lifetime left (< 10800); not claiming
2026-10-09T02:57:14Z slot=2 10766s of node lifetime left (< 10800); not claiming
2026-10-09T02:57:14Z slot=61 10766s of node lifetime left (< 10800); not claiming
2026-10-09T02:57:15Z slot=55 10766s of node lifetime left (< 10800); not claiming
2026-10-09T02:57:16Z slot=39 10765s of node lifetime left (< 10800); not claiming
2026-10-09T02:57:16Z slot=50 10765s of node lifetime left (< 10800); not claiming
2026-10-09T02:57:17Z slot=38 10763s of node lifetime left (< 10800); not claiming
2026-10-09T02:57:18Z slot=62 10762s of node lifetime left (< 10800); not claiming
2026-10-09T02:57:21Z slot=19 10760s of node lifetime left (< 10800); not claiming
2026-10-09T02:57:22Z slot=12 10759s of node lifetime left (< 10800); not claiming
2026-10-09T02:57:24Z slot=25 10756s of node lifetime left (< 10800); not claiming
2026-10-09T02:57:25Z slot=10 10755s of node lifetime left (< 10800); not claiming
2026-10-09T02:57:26Z slot=11 10754s of node lifetime left (< 10800); not claiming
2026-10-09T02:57:26Z slot=22 10754s of node lifetime left (< 10800); not claiming
2026-10-09T02:57:35Z slot=35 10745s of node lifetime left (< 10800); not claiming
2026-10-09T02:57:38Z slot=60 10743s of node lifetime left (< 10800); not claiming
2026-10-09T02:57:40Z slot=49 10740s of node lifetime left (< 10800); not claiming
2026-10-09T02:57:42Z slot=34 10738s of node lifetime left (< 10800); not claiming
2026-10-09T02:57:43Z slot=51 10737s of node lifetime left (< 10800); not claiming
2026-10-09T02:57:46Z slot=41 10734s of node lifetime left (< 10800); not claiming
2026-10-09T02:57:47Z slot=45 10734s of node lifetime left (< 10800); not claiming
2026-10-09T02:57:47Z slot=0 10734s of node lifetime left (< 10800); not claiming
2026-10-09T02:57:48Z slot=16 10733s of node lifetime left (< 10800); not claiming
2026-10-09T02:57:49Z slot=32 10731s of node lifetime left (< 10800); not claiming
2026-10-09T02:57:51Z slot=59 10729s of node lifetime left (< 10800); not claiming
2026-10-09T02:57:52Z slot=14 10728s of node lifetime left (< 10800); not claiming
2026-10-09T02:57:54Z slot=27 10726s of node lifetime left (< 10800); not claiming
2026-10-09T02:57:59Z slot=48 10721s of node lifetime left (< 10800); not claiming
2026-10-09T02:58:00Z slot=33 10720s of node lifetime left (< 10800); not claiming
2026-10-09T02:58:00Z slot=63 10720s of node lifetime left (< 10800); not claiming
2026-10-09T02:58:02Z slot=8 10719s of node lifetime left (< 10800); not claiming
2026-10-09T02:58:02Z slot=13 10718s of node lifetime left (< 10800); not claiming
2026-10-09T02:58:03Z slot=28 10718s of node lifetime left (< 10800); not claiming
2026-10-09T02:58:03Z slot=15 10717s of node lifetime left (< 10800); not claiming
2026-10-09T02:58:04Z slot=36 10717s of node lifetime left (< 10800); not claiming
2026-10-09T02:58:05Z slot=57 10715s of node lifetime left (< 10800); not claiming
2026-10-09T02:58:06Z slot=58 10714s of node lifetime left (< 10800); not claiming
2026-10-09T02:58:11Z slot=23 10709s of node lifetime left (< 10800); not claiming
2026-10-09T02:58:14Z slot=5 10707s of node lifetime left (< 10800); not claiming
2026-10-09T02:58:16Z slot=7 10705s of node lifetime left (< 10800); not claiming
2026-10-09T02:58:32Z slot=53 10689s of node lifetime left (< 10800); not claiming
2026-10-09T02:58:39Z slot=44 10681s of node lifetime left (< 10800); not claiming
2026-10-09T03:00:30Z slot=43 cube_F9_t0-b0000 CERTIFIED certified=64/64 proof=16009173059 solver_cpu=8371s
2026-10-09T03:00:32Z slot=43 10568s of node lifetime left (< 10800); not claiming
2026-10-09T03:10:03Z slot=42 cube_F8_t0-b0000 CERTIFIED certified=64/64 proof=17854748761 solver_cpu=9260s
2026-10-09T03:10:04Z slot=42 9997s of node lifetime left (< 10800); not claiming
2026-10-09T03:10:04Z all slots exited
