38860230920 EXCLUDED_SINGLETON_COMPLETION 92 6
38864457738 EXCLUDED_SINGLETON_COMPLETION 2275 8
120401699340 EXCLUDED_SINGLETON_COMPLETION 5388 8
284812312609 EXCLUDED_SINGLETON_COMPLETION 767 6
1343293508 EXCLUDED_SINGLETON_COMPLETION 4 4
38856589569 EXCLUDED_SINGLETON_COMPLETION 9 9
1212221474 EXCLUDED_SINGLETON_COMPLETION 30 8
1377896482 EXCLUDED_SINGLETON_COMPLETION 230 8
6517949072 EXCLUDED_SINGLETON_COMPLETION 19 2
6517953666 EXCLUDED_SINGLETON_COMPLETION 63 8
6577750273 EXCLUDED_SINGLETON_COMPLETION 15 5
17215523970 EXCLUDED_SINGLETON_COMPLETION 12 4
17251714056 EXCLUDED_SINGLETON_COMPLETION 23 5
38658905352 EXCLUDED_SINGLETON_COMPLETION 85 8
38724075777 EXCLUDED_SINGLETON_COMPLETION 88 12
38724079872 EXCLUDED_SINGLETON_COMPLETION 98 12
38856069384 EXCLUDED_SINGLETON_COMPLETION 121 4
38860230666 EXCLUDED_SINGLETON_COMPLETION 77 7
38925373704 EXCLUDED_SINGLETON_COMPLETION 88 8
39196303372 EXCLUDED_SINGLETON_COMPLETION 36 8
51544350732 EXCLUDED_SINGLETON_COMPLETION 121 8
38864454152 EXCLUDED_SINGLETON_COMPLETION 133 13
39195779082 EXCLUDED_SINGLETON_COMPLETION 5 5
1342857472 EXCLUDED_SINGLETON_COMPLETION 6 6
1350568544 EXCLUDED_SINGLETON_COMPLETION 96 14
1384122464 EXCLUDED_SINGLETON_COMPLETION 28 6
6517985282 EXCLUDED_SINGLETON_COMPLETION 40 9
6577226496 EXCLUDED_SINGLETON_COMPLETION 10 10
17216572544 EXCLUDED_SINGLETON_COMPLETION 42 9
17389586576 EXCLUDED_SINGLETON_COMPLETION 104 9
38860751105 EXCLUDED_SINGLETON_COMPLETION 240 16
6484395138 EXCLUDED_SINGLETON_COMPLETION 32 6
6511658128 EXCLUDED_SINGLETON_COMPLETION 54 6
6577717904 EXCLUDED_SINGLETON_COMPLETION 63 6
38723948800 EXCLUDED_SINGLETON_COMPLETION 27 14
38797345284 EXCLUDED_SINGLETON_COMPLETION 38 7
1345388545 EXCLUDED_SINGLETON_COMPLETION 45 8
1350568032 EXCLUDED_SINGLETON_COMPLETION 4 3
1377894434 EXCLUDED_SINGLETON_COMPLETION 62 14
17183018112 EXCLUDED_SINGLETON_COMPLETION 14 3
17183020160 EXCLUDED_SINGLETON_COMPLETION 39 8
17183047700 EXCLUDED_SINGLETON_COMPLETION 29 8
38672171264 EXCLUDED_SINGLETON_COMPLETION 74 16
38724075784 EXCLUDED_SINGLETON_COMPLETION 18 18
39193678978 EXCLUDED_SINGLETON_COMPLETION 191 20
1074462753 EXCLUDED_SINGLETON_COMPLETION 2 2
1092780065 EXCLUDED_SINGLETON_COMPLETION 27 4
1279330306 EXCLUDED_SINGLETON_COMPLETION 70 10
1342373952 EXCLUDED_SINGLETON_COMPLETION 4 1
1342767137 EXCLUDED_SINGLETON_COMPLETION 2 2
1342900288 EXCLUDED_SINGLETON_COMPLETION 4 4
1378942977 EXCLUDED_SINGLETON_COMPLETION 66 10
6443139328 EXCLUDED_SINGLETON_COMPLETION 33 12
6585090564 EXCLUDED_SINGLETON_COMPLETION 40 6
17221845600 EXCLUDED_SINGLETON_COMPLETION 49 9
38659425544 EXCLUDED_SINGLETON_COMPLETION 96 10
38672171009 EXCLUDED_SINGLETON_COMPLETION 62 6
38723944705 EXCLUDED_SINGLETON_COMPLETION 36 16
38730240010 EXCLUDED_SINGLETON_COMPLETION 153 18
38788956676 EXCLUDED_SINGLETON_COMPLETION 20 4
38797320322 EXCLUDED_SINGLETON_COMPLETION 57 8
38925242632 EXCLUDED_SINGLETON_COMPLETION 10 6
51682250764 EXCLUDED_SINGLETON_COMPLETION 563 20
111937732865 EXCLUDED_SINGLETON_COMPLETION 121 20
6577225985 EXCLUDED_SINGLETON_COMPLETION 14 14
39196303368 EXCLUDED_SINGLETON_COMPLETION 48 21
1093730432 EXCLUDED_SINGLETON_COMPLETION 16 7
1342726400 EXCLUDED_SINGLETON_COMPLETION 7 7
1377894433 EXCLUDED_SINGLETON_COMPLETION 14 14
6585057812 EXCLUDED_SINGLETON_COMPLETION 41 10
38856069130 EXCLUDED_SINGLETON_COMPLETION 420 16
1342726148 EXCLUDED_SINGLETON_COMPLETION 12 2
1343293504 EXCLUDED_SINGLETON_COMPLETION 5 5
38797320202 EXCLUDED_SINGLETON_COMPLETION 60 19
51810275336 EXCLUDED_SINGLETON_COMPLETION 51 12
1141522689 EXCLUDED_SINGLETON_COMPLETION 12 12
1143146624 EXCLUDED_SINGLETON_COMPLETION 9 9
1344342050 EXCLUDED_SINGLETON_COMPLETION 12 12
1345325060 EXCLUDED_SINGLETON_COMPLETION 10 4
1384120416 EXCLUDED_SINGLETON_COMPLETION 2 1
38679908354 EXCLUDED_SINGLETON_COMPLETION 61 8
38726009866 EXCLUDED_SINGLETON_COMPLETION 12 12
38864457730 PARTIAL_WITNESS 43 5
38925377800 EXCLUDED_SINGLETON_COMPLETION 212 18
39193710604 EXCLUDED_SINGLETON_COMPLETION 412 20
111744664586 EXCLUDED_SINGLETON_COMPLETION 3837 32
284812247073 EXCLUDED_SINGLETON_COMPLETION 218 18
5774048758818 PARTIAL_WITNESS 310 1
1074858052 EXCLUDED_SINGLETON_COMPLETION 22 3
1078001760 EXCLUDED_SINGLETON_COMPLETION 9 3
1275136130 EXCLUDED_SINGLETON_COMPLETION 6 6
6510117632 EXCLUDED_SINGLETON_COMPLETION 74 16
6577750036 EXCLUDED_SINGLETON_COMPLETION 93 14
6585090065 EXCLUDED_SINGLETON_COMPLETION 60 24
38671651072 PARTIAL_WITNESS 129 15
38864425090 EXCLUDED_SINGLETON_COMPLETION 292 22
1074413825 EXCLUDED_SINGLETON_COMPLETION 24 8
1090682913 EXCLUDED_SINGLETON_COMPLETION 12 3
1343226436 EXCLUDED_SINGLETON_COMPLETION 1 1
6510248192 EXCLUDED_SINGLETON_COMPLETION 36 36
6517949584 EXCLUDED_SINGLETON_COMPLETION 183 16
6585057424 EXCLUDED_SINGLETON_COMPLETION 5 1
6585094148 EXCLUDED_SINGLETON_COMPLETION 76 20
38656808066 EXCLUDED_SINGLETON_COMPLETION 143 16
38730236424 EXCLUDED_SINGLETON_COMPLETION 102 22
38864457736 EXCLUDED_SINGLETON_COMPLETION 676 32
39191609860 EXCLUDED_SINGLETON_COMPLETION 21 21
1342375968 EXCLUDED_SINGLETON_COMPLETION 4 4
1375799330 EXCLUDED_SINGLETON_COMPLETION 31 4
1384144898 EXCLUDED_SINGLETON_COMPLETION 89 12
39210487810 EXCLUDED_SINGLETON_COMPLETION 362 29
1212219425 EXCLUDED_SINGLETON_COMPLETION 52 36
1344340001 EXCLUDED_SINGLETON_COMPLETION 9 9
1350574660 EXCLUDED_SINGLETON_COMPLETION 6 6
6484395010 EXCLUDED_SINGLETON_COMPLETION 1 1
1076035712 EXCLUDED_SINGLETON_COMPLETION 12 6
1076037664 EXCLUDED_SINGLETON_COMPLETION 4 4
1076037760 EXCLUDED_SINGLETON_COMPLETION 6 6
1143015554 EXCLUDED_SINGLETON_COMPLETION 10 10
1275658241 EXCLUDED_SINGLETON_COMPLETION 11 4
1342767172 EXCLUDED_SINGLETON_COMPLETION 2 2
6511689985 EXCLUDED_SINGLETON_COMPLETION 7 7
6511821057 EXCLUDED_SINGLETON_COMPLETION 310 28
6514278657 EXCLUDED_SINGLETON_COMPLETION 64 16
6517949570 EXCLUDED_SINGLETON_COMPLETION 43 9
6577750784 EXCLUDED_SINGLETON_COMPLETION 19 6
6581387521 EXCLUDED_SINGLETON_COMPLETION 107 12
17221845088 EXCLUDED_SINGLETON_COMPLETION 38 12
38730240008 EXCLUDED_SINGLETON_COMPLETION 18 8
39192134156 EXCLUDED_SINGLETON_COMPLETION 286 32
17188262946 EXCLUDED_SINGLETON_COMPLETION 6 2
38856557320 EXCLUDED_SINGLETON_COMPLETION 493 38
1141539073 EXCLUDED_SINGLETON_COMPLETION 13 13
1275660416 EXCLUDED_SINGLETON_COMPLETION 165 35
1279854592 EXCLUDED_SINGLETON_COMPLETION 10 10
1378945024 EXCLUDED_SINGLETON_COMPLETION 85 10
38656970760 EXCLUDED_SINGLETON_COMPLETION 193 28
51745654784 EXCLUDED_SINGLETON_COMPLETION 6 6
111946252292 EXCLUDED_SINGLETON_COMPLETION 113 34
1074422016 EXCLUDED_SINGLETON_COMPLETION 27 13
1384129088 EXCLUDED_SINGLETON_COMPLETION 31 18
38663127564 EXCLUDED_SINGLETON_COMPLETION 57 24
1075904545 EXCLUDED_SINGLETON_COMPLETION 1 1
1275625729 EXCLUDED_SINGLETON_COMPLETION 36 36
1342310432 EXCLUDED_SINGLETON_COMPLETION 1 1
1345325312 EXCLUDED_SINGLETON_COMPLETION 49 27
1376782912 EXCLUDED_SINGLETON_COMPLETION 164 32
1376847936 EXCLUDED_SINGLETON_COMPLETION 117 25
6450872836 EXCLUDED_SINGLETON_COMPLETION 10 4
6719275540 EXCLUDED_SINGLETON_COMPLETION 146 32
17215523874 EXCLUDED_SINGLETON_COMPLETION 133 19
38656966920 EXCLUDED_SINGLETON_COMPLETION 166 56
38797320712 EXCLUDED_SINGLETON_COMPLETION 55 14
38860292106 EXCLUDED_SINGLETON_COMPLETION 1188 54
39212556290 EXCLUDED_SINGLETON_COMPLETION 231 24
111937781761 EXCLUDED_SINGLETON_COMPLETION 50 36
6585061506 EXCLUDED_SINGLETON_COMPLETION 16 16
38726074378 EXCLUDED_SINGLETON_COMPLETION 28 28
38931538444 EXCLUDED_SINGLETON_COMPLETION 1029 48
51611438144 EXCLUDED_SINGLETON_COMPLETION 384 48
1342333184 EXCLUDED_SINGLETON_COMPLETION 6 6
1078001697 EXCLUDED_SINGLETON_COMPLETION 1 1
1378879744 EXCLUDED_SINGLETON_COMPLETION 188 49
6577225984 EXCLUDED_SINGLETON_COMPLETION 79 26
6585090064 EXCLUDED_SINGLETON_COMPLETION 59 21
17255369872 EXCLUDED_SINGLETON_COMPLETION 184 30
38656835848 EXCLUDED_SINGLETON_COMPLETION 59 16
38724079624 EXCLUDED_SINGLETON_COMPLETION 471 44
111744664578 PARTIAL_WITNESS 39 7
1141014785 EXCLUDED_SINGLETON_COMPLETION 4 4
1350574596 EXCLUDED_SINGLETON_COMPLETION 1 1
1074413601 EXCLUDED_SINGLETON_COMPLETION 16 8
1074430048 EXCLUDED_SINGLETON_COMPLETION 16 7
1093697792 EXCLUDED_SINGLETON_COMPLETION 30 16
1140998401 EXCLUDED_SINGLETON_COMPLETION 1 1
1141049472 EXCLUDED_SINGLETON_COMPLETION 1 1
1342324769 EXCLUDED_SINGLETON_COMPLETION 21 11
1342834752 EXCLUDED_SINGLETON_COMPLETION 46 14
1375797282 EXCLUDED_SINGLETON_COMPLETION 25 8
1377896480 EXCLUDED_SINGLETON_COMPLETION 80 52
6444581121 EXCLUDED_SINGLETON_COMPLETION 1 1
6577717780 EXCLUDED_SINGLETON_COMPLETION 67 10
38654873608 EXCLUDED_SINGLETON_COMPLETION 14 10
38797320832 EXCLUDED_SINGLETON_COMPLETION 98 48
38925246728 EXCLUDED_SINGLETON_COMPLETION 50 20
39193710596 EXCLUDED_SINGLETON_COMPLETION 163 40
111945990154 EXCLUDED_SINGLETON_COMPLETION 612 48
1342373920 EXCLUDED_SINGLETON_COMPLETION 55 23
1078003780 EXCLUDED_SINGLETON_COMPLETION 39 8
1141522688 EXCLUDED_SINGLETON_COMPLETION 86 57
1375734336 EXCLUDED_SINGLETON_COMPLETION 75 14
1384122402 EXCLUDED_SINGLETON_COMPLETION 93 26
1384136738 EXCLUDED_SINGLETON_COMPLETION 98 37
6480199937 EXCLUDED_SINGLETON_COMPLETION 46 14
17216602120 EXCLUDED_SINGLETON_COMPLETION 10 10
38856589832 EXCLUDED_SINGLETON_COMPLETION 575 46
1076002849 EXCLUDED_SINGLETON_COMPLETION 7 5
38925373448 EXCLUDED_SINGLETON_COMPLETION 182 38
39192133644 EXCLUDED_SINGLETON_COMPLETION 48 48
1343291393 EXCLUDED_SINGLETON_COMPLETION 5 1
6450840706 EXCLUDED_SINGLETON_COMPLETION 6 2
6510280705 EXCLUDED_SINGLETON_COMPLETION 81 26
6514343937 EXCLUDED_SINGLETON_COMPLETION 98 30
17251713032 EXCLUDED_SINGLETON_COMPLETION 16 16
38864453642 EXCLUDED_SINGLETON_COMPLETION 1435 80
39193674882 EXCLUDED_SINGLETON_COMPLETION 194 72
51608981512 EXCLUDED_SINGLETON_COMPLETION 1135 80
1141522433 EXCLUDED_SINGLETON_COMPLETION 2 2
1208492548 EXCLUDED_SINGLETON_COMPLETION 2 2
1350568516 EXCLUDED_SINGLETON_COMPLETION 150 45
6477087488 EXCLUDED_SINGLETON_COMPLETION 367 64
6511658114 EXCLUDED_SINGLETON_COMPLETION 12 12
17221815330 EXCLUDED_SINGLETON_COMPLETION 135 23
38856069376 EXCLUDED_SINGLETON_COMPLETION 286 16
1275658368 EXCLUDED_SINGLETON_COMPLETION 76 27
38679904258 EXCLUDED_SINGLETON_COMPLETION 18 18
1074462752 EXCLUDED_SINGLETON_COMPLETION 14 6
17221815392 EXCLUDED_SINGLETON_COMPLETION 292 36
1074464832 EXCLUDED_SINGLETON_COMPLETION 28 10
1092780289 EXCLUDED_SINGLETON_COMPLETION 48 20
1343293444 EXCLUDED_SINGLETON_COMPLETION 5 5
6577226244 EXCLUDED_SINGLETON_COMPLETION 132 38
6711411456 EXCLUDED_SINGLETON_COMPLETION 69 36
1076920577 EXCLUDED_SINGLETON_COMPLETION 22 6
1090666529 EXCLUDED_SINGLETON_COMPLETION 35 3
1098916416 EXCLUDED_SINGLETON_COMPLETION 6 6
1098916480 EXCLUDED_SINGLETON_COMPLETION 15 6
1141573696 EXCLUDED_SINGLETON_COMPLETION 325 64
1143144449 EXCLUDED_SINGLETON_COMPLETION 44 12
1209075840 EXCLUDED_SINGLETON_COMPLETION 21 21
1275626240 EXCLUDED_SINGLETON_COMPLETION 281 64
1344340002 EXCLUDED_SINGLETON_COMPLETION 127 54
1344405761 EXCLUDED_SINGLETON_COMPLETION 2 2
1376780864 EXCLUDED_SINGLETON_COMPLETION 40 6
1376781056 EXCLUDED_SINGLETON_COMPLETION 15 4
6478103682 EXCLUDED_SINGLETON_COMPLETION 401 52
6478168065 EXCLUDED_SINGLETON_COMPLETION 19 3
6510247937 EXCLUDED_SINGLETON_COMPLETION 28 28
6511662336 EXCLUDED_SINGLETON_COMPLETION 11 11
6577717265 EXCLUDED_SINGLETON_COMPLETION 20 4
17180557408 EXCLUDED_SINGLETON_COMPLETION 7 7
38656839692 EXCLUDED_SINGLETON_COMPLETION 408 60
38663131148 EXCLUDED_SINGLETON_COMPLETION 324 60
38730235914 EXCLUDED_SINGLETON_COMPLETION 66 66
38730240002 EXCLUDED_SINGLETON_COMPLETION 55 55
1141408001 EXCLUDED_SINGLETON_COMPLETION 10 10
1145112640 EXCLUDED_SINGLETON_COMPLETION 12 12
1377894432 EXCLUDED_SINGLETON_COMPLETION 109 54
1141391617 EXCLUDED_SINGLETON_COMPLETION 6 6
1208549409 EXCLUDED_SINGLETON_COMPLETION 47 20
6511689745 PARTIAL_WITNESS 60 32
38723912834 EXCLUDED_SINGLETON_COMPLETION 18 18
38723977346 EXCLUDED_SINGLETON_COMPLETION 60 60
1090683137 EXCLUDED_SINGLETON_COMPLETION 33 5
1350590466 EXCLUDED_SINGLETON_COMPLETION 84 18
1377830946 EXCLUDED_SINGLETON_COMPLETION 42 31
6450872337 EXCLUDED_SINGLETON_COMPLETION 8 8
6484426754 EXCLUDED_SINGLETON_COMPLETION 26 21
1074405440 EXCLUDED_SINGLETON_COMPLETION 4 2
1076035616 EXCLUDED_SINGLETON_COMPLETION 61 21
1208025122 EXCLUDED_SINGLETON_COMPLETION 18 18
6443171968 EXCLUDED_SINGLETON_COMPLETION 61 44
6517985280 EXCLUDED_SINGLETON_COMPLETION 23 13
17183047692 EXCLUDED_SINGLETON_COMPLETION 5 5
39192134152 EXCLUDED_SINGLETON_COMPLETION 208 80
111740470274 EXCLUDED_SINGLETON_COMPLETION 704 70
1143015426 EXCLUDED_SINGLETON_COMPLETION 6 6
1209041412 EXCLUDED_SINGLETON_COMPLETION 1 1
1342849281 EXCLUDED_SINGLETON_COMPLETION 38 31
6719275524 EXCLUDED_SINGLETON_COMPLETION 20 13
38723948546 EXCLUDED_SINGLETON_COMPLETION 209 50
38730204290 EXCLUDED_SINGLETON_COMPLETION 96 63
38925434881 EXCLUDED_SINGLETON_COMPLETION 185 56
1098940992 EXCLUDED_SINGLETON_COMPLETION 22 8
1344276514 EXCLUDED_SINGLETON_COMPLETION 12 12
1375799328 EXCLUDED_SINGLETON_COMPLETION 27 11
6478168194 EXCLUDED_SINGLETON_COMPLETION 454 124
6585090068 EXCLUDED_SINGLETON_COMPLETION 282 64
38726534152 EXCLUDED_SINGLETON_COMPLETION 183 53
38856589320 EXCLUDED_SINGLETON_COMPLETION 82 33
38864421504 EXCLUDED_SINGLETON_COMPLETION 566 112
1098915970 EXCLUDED_SINGLETON_COMPLETION 8 8
1140998400 EXCLUDED_SINGLETON_COMPLETION 1 1
1141392640 EXCLUDED_SINGLETON_COMPLETION 72 14
1141440576 EXCLUDED_SINGLETON_COMPLETION 2 2
1141539072 EXCLUDED_SINGLETON_COMPLETION 33 33
1342900256 EXCLUDED_SINGLETON_COMPLETION 30 30
1375740480 EXCLUDED_SINGLETON_COMPLETION 82 14
38672203777 EXCLUDED_SINGLETON_COMPLETION 167 28
38789480452 EXCLUDED_SINGLETON_COMPLETION 6 6
38856097922 EXCLUDED_SINGLETON_COMPLETION 113 66
1275134082 EXCLUDED_SINGLETON_COMPLETION 33 20
1076003073 EXCLUDED_SINGLETON_COMPLETION 21 16
1092812832 EXCLUDED_SINGLETON_COMPLETION 101 24
1384120864 EXCLUDED_SINGLETON_COMPLETION 21 6
6477119489 EXCLUDED_SINGLETON_COMPLETION 44 14
6510149633 EXCLUDED_SINGLETON_COMPLETION 19 12
6517953538 EXCLUDED_SINGLETON_COMPLETION 298 57
38925369601 PARTIAL_WITNESS 101 31
1074274820 EXCLUDED_SINGLETON_COMPLETION 7 3
1208492800 EXCLUDED_SINGLETON_COMPLETION 32 32
1343291460 EXCLUDED_SINGLETON_COMPLETION 32 20
6478135553 EXCLUDED_SINGLETON_COMPLETION 367 88
6511788176 EXCLUDED_SINGLETON_COMPLETION 135 25
6517953664 EXCLUDED_SINGLETON_COMPLETION 459 112
38860816385 EXCLUDED_SINGLETON_COMPLETION 1707 108
1377894402 EXCLUDED_SINGLETON_COMPLETION 8 5
1384122944 EXCLUDED_SINGLETON_COMPLETION 447 107
1342324993 EXCLUDED_SINGLETON_COMPLETION 18 18
1377896450 EXCLUDED_SINGLETON_COMPLETION 58 30
6511820817 EXCLUDED_SINGLETON_COMPLETION 1807 128
17221815426 EXCLUDED_SINGLETON_COMPLETION 233 28
1090666753 EXCLUDED_SINGLETON_COMPLETION 23 5
1209075716 EXCLUDED_SINGLETON_COMPLETION 6 6
1375748130 EXCLUDED_SINGLETON_COMPLETION 35 10
1377894401 EXCLUDED_SINGLETON_COMPLETION 112 23
38679904257 EXCLUDED_SINGLETON_COMPLETION 71 36
1092812928 EXCLUDED_SINGLETON_COMPLETION 49 18
1145112578 EXCLUDED_SINGLETON_COMPLETION 46 19
1275625473 EXCLUDED_SINGLETON_COMPLETION 32 12
38663099522 EXCLUDED_SINGLETON_COMPLETION 480 72
38860226570 EXCLUDED_SINGLETON_COMPLETION 263 39
1091633216 EXCLUDED_SINGLETON_COMPLETION 2 1
1384120354 EXCLUDED_SINGLETON_COMPLETION 30 20
17221836808 EXCLUDED_SINGLETON_COMPLETION 42 12
1074421888 EXCLUDED_SINGLETON_COMPLETION 107 27
1141049408 EXCLUDED_SINGLETON_COMPLETION 4 4
1141378112 EXCLUDED_SINGLETON_COMPLETION 389 78
1141440640 EXCLUDED_SINGLETON_COMPLETION 3 3
1141571585 EXCLUDED_SINGLETON_COMPLETION 102 34
1143144576 EXCLUDED_SINGLETON_COMPLETION 181 80
1208025121 EXCLUDED_SINGLETON_COMPLETION 1 1
1208551456 EXCLUDED_SINGLETON_COMPLETION 127 56
1275101952 EXCLUDED_SINGLETON_COMPLETION 44 27
1275594880 EXCLUDED_SINGLETON_COMPLETION 143 48
1342710528 EXCLUDED_SINGLETON_COMPLETION 4 4
1342717985 EXCLUDED_SINGLETON_COMPLETION 20 20
1342849025 EXCLUDED_SINGLETON_COMPLETION 2 2
1376796929 EXCLUDED_SINGLETON_COMPLETION 329 72
6510149760 EXCLUDED_SINGLETON_COMPLETION 96 55
6510280832 EXCLUDED_SINGLETON_COMPLETION 258 115
38797320708 EXCLUDED_SINGLETON_COMPLETION 110 49
38797348868 EXCLUDED_SINGLETON_COMPLETION 361 74
1275625728 EXCLUDED_SINGLETON_COMPLETION 210 85
1350566468 EXCLUDED_SINGLETON_COMPLETION 4 4
1074429985 EXCLUDED_SINGLETON_COMPLETION 41 13
1074430209 EXCLUDED_SINGLETON_COMPLETION 13 13
1076003072 EXCLUDED_SINGLETON_COMPLETION 4 4
1141408000 EXCLUDED_SINGLETON_COMPLETION 11 6
1275660288 EXCLUDED_SINGLETON_COMPLETION 11 2
1375748129 EXCLUDED_SINGLETON_COMPLETION 15 9
1377828897 EXCLUDED_SINGLETON_COMPLETION 46 20
38856065034 EXCLUDED_SINGLETON_COMPLETION 399 68
38856589313 EXCLUDED_SINGLETON_COMPLETION 557 114
6478168192 PARTIAL_WITNESS 145 72
6511792256 EXCLUDED_SINGLETON_COMPLETION 215 72
39196303364 PARTIAL_WITNESS 94 66
1098924066 EXCLUDED_SINGLETON_COMPLETION 34 24
1091076640 EXCLUDED_SINGLETON_COMPLETION 79 26
1207968512 EXCLUDED_SINGLETON_COMPLETION 1 1
6581452804 EXCLUDED_SINGLETON_COMPLETION 732 140
38724075521 EXCLUDED_SINGLETON_COMPLETION 165 90
1098924065 EXCLUDED_SINGLETON_COMPLETION 30 28
6517981712 EXCLUDED_SINGLETON_COMPLETION 213 100
38864421384 EXCLUDED_SINGLETON_COMPLETION 613 112
1075904642 EXCLUDED_SINGLETON_COMPLETION 3 3
1076953216 EXCLUDED_SINGLETON_COMPLETION 51 7
1082163780 EXCLUDED_SINGLETON_COMPLETION 41 12
1141573760 EXCLUDED_SINGLETON_COMPLETION 470 113
1143111937 EXCLUDED_SINGLETON_COMPLETION 165 104
1342849057 EXCLUDED_SINGLETON_COMPLETION 61 50
1375734304 EXCLUDED_SINGLETON_COMPLETION 37 15
17180557345 EXCLUDED_SINGLETON_COMPLETION 8 8
38793650180 EXCLUDED_SINGLETON_COMPLETION 141 44
1209041153 EXCLUDED_SINGLETON_COMPLETION 246 127
1091633280 EXCLUDED_SINGLETON_COMPLETION 1 1
1376845825 EXCLUDED_SINGLETON_COMPLETION 50 12
38925242380 EXCLUDED_SINGLETON_COMPLETION 273 120
38931530252 EXCLUDED_SINGLETON_COMPLETION 561 144
1074464800 EXCLUDED_SINGLETON_COMPLETION 86 38
1082163296 EXCLUDED_SINGLETON_COMPLETION 3 3
1212219424 EXCLUDED_SINGLETON_COMPLETION 209 196
1343291456 EXCLUDED_SINGLETON_COMPLETION 36 36
1344340000 PARTIAL_WITNESS 221 99
38864420994 EXCLUDED_SINGLETON_COMPLETION 176 89
1342324992 EXCLUDED_SINGLETON_COMPLETION 4 4
1342717984 EXCLUDED_SINGLETON_COMPLETION 1 1
1350590468 EXCLUDED_SINGLETON_COMPLETION 70 48
6514279680 EXCLUDED_SINGLETON_COMPLETION 578 156
6585057796 EXCLUDED_SINGLETON_COMPLETION 26 20
51548033036 EXCLUDED_SINGLETON_COMPLETION 199 84
6484426753 EXCLUDED_SINGLETON_COMPLETION 56 56
1140998272 EXCLUDED_SINGLETON_COMPLETION 1 1
1141047424 EXCLUDED_SINGLETON_COMPLETION 6 6
1208492672 EXCLUDED_SINGLETON_COMPLETION 66 66
1208516641 EXCLUDED_SINGLETON_COMPLETION 36 36
1384136737 EXCLUDED_SINGLETON_COMPLETION 200 122
6517949056 EXCLUDED_SINGLETON_COMPLETION 18 18
6585057297 EXCLUDED_SINGLETON_COMPLETION 32 29
38856033032 EXCLUDED_SINGLETON_COMPLETION 324 73
38923862024 EXCLUDED_SINGLETON_COMPLETION 391 196
38925369608 EXCLUDED_SINGLETON_COMPLETION 242 94
38864425088 EXCLUDED_SINGLETON_COMPLETION 551 155
38925434888 EXCLUDED_SINGLETON_COMPLETION 463 212
1275136002 EXCLUDED_SINGLETON_COMPLETION 22 22
1350567970 EXCLUDED_SINGLETON_COMPLETION 68 42
1377828898 EXCLUDED_SINGLETON_COMPLETION 40 16
1378877441 EXCLUDED_SINGLETON_COMPLETION 61 12
51608977416 EXCLUDED_SINGLETON_COMPLETION 635 246
1073938464 EXCLUDED_SINGLETON_COMPLETION 3 2
1208492288 EXCLUDED_SINGLETON_COMPLETION 6 6
6484427264 EXCLUDED_SINGLETON_COMPLETION 73 22
17188260960 EXCLUDED_SINGLETON_COMPLETION 17 2
39208911360 EXCLUDED_SINGLETON_COMPLETION 110 88
1091076864 EXCLUDED_SINGLETON_COMPLETION 150 22
1342718209 EXCLUDED_SINGLETON_COMPLETION 18 18
1384144896 EXCLUDED_SINGLETON_COMPLETION 125 23
6517981201 EXCLUDED_SINGLETON_COMPLETION 154 144
17188261008 EXCLUDED_SINGLETON_COMPLETION 15 4
38671679489 EXCLUDED_SINGLETON_COMPLETION 140 26
1098915968 EXCLUDED_SINGLETON_COMPLETION 9 9
1141392512 EXCLUDED_SINGLETON_COMPLETION 36 30
1143013506 EXCLUDED_SINGLETON_COMPLETION 76 76
1275071232 EXCLUDED_SINGLETON_COMPLETION 38 20
1375740672 EXCLUDED_SINGLETON_COMPLETION 12 12
38679904768 EXCLUDED_SINGLETON_COMPLETION 35 18
38730204170 EXCLUDED_SINGLETON_COMPLETION 265 132
38864453633 EXCLUDED_SINGLETON_COMPLETION 843 270
38925377544 EXCLUDED_SINGLETON_COMPLETION 610 130
1073905697 EXCLUDED_SINGLETON_COMPLETION 1 1
1074823684 EXCLUDED_SINGLETON_COMPLETION 1 1
1344276736 EXCLUDED_SINGLETON_COMPLETION 7 7
1344413952 EXCLUDED_SINGLETON_COMPLETION 109 71
1378879488 EXCLUDED_SINGLETON_COMPLETION 10 6
38656803970 EXCLUDED_SINGLETON_COMPLETION 151 90
38925238536 EXCLUDED_SINGLETON_COMPLETION 39 26
1207992864 EXCLUDED_SINGLETON_COMPLETION 1 1
1376796928 EXCLUDED_SINGLETON_COMPLETION 235 103
1098940450 EXCLUDED_SINGLETON_COMPLETION 22 16
6719275536 EXCLUDED_SINGLETON_COMPLETION 124 124
38730235905 EXCLUDED_SINGLETON_COMPLETION 130 130
111937732609 EXCLUDED_SINGLETON_COMPLETION 201 120
1076920576 EXCLUDED_SINGLETON_COMPLETION 43 15
1143013377 EXCLUDED_SINGLETON_COMPLETION 4 4
1376783104 EXCLUDED_SINGLETON_COMPLETION 904 153
1376796673 EXCLUDED_SINGLETON_COMPLETION 48 21
1377830914 EXCLUDED_SINGLETON_COMPLETION 4 4
1208516865 EXCLUDED_SINGLETON_COMPLETION 35 35
1074808064 EXCLUDED_SINGLETON_COMPLETION 46 18
1350567968 EXCLUDED_SINGLETON_COMPLETION 6 6
1141408320 EXCLUDED_SINGLETON_COMPLETION 230 84
1375799360 EXCLUDED_SINGLETON_COMPLETION 50 17
1074430016 EXCLUDED_SINGLETON_COMPLETION 6 2
1141571648 EXCLUDED_SINGLETON_COMPLETION 308 175
38723944450 EXCLUDED_SINGLETON_COMPLETION 106 26
1375732288 EXCLUDED_SINGLETON_COMPLETION 3 1
1344407808 EXCLUDED_SINGLETON_COMPLETION 116 81
6577717268 EXCLUDED_SINGLETON_COMPLETION 8 3
38663127556 EXCLUDED_SINGLETON_COMPLETION 224 95
1350568452 EXCLUDED_SINGLETON_COMPLETION 76 36
6478103680 EXCLUDED_SINGLETON_COMPLETION 114 73
6517949442 EXCLUDED_SINGLETON_COMPLETION 42 18
38672203904 EXCLUDED_SINGLETON_COMPLETION 829 286
38788932100 EXCLUDED_SINGLETON_COMPLETION 39 5
1141014784 EXCLUDED_SINGLETON_COMPLETION 24 24
1143146496 EXCLUDED_SINGLETON_COMPLETION 4 4
6478135552 EXCLUDED_SINGLETON_COMPLETION 515 200
6511821056 EXCLUDED_SINGLETON_COMPLETION 616 232
51611438080 EXCLUDED_SINGLETON_COMPLETION 423 106
1090682912 EXCLUDED_SINGLETON_COMPLETION 1 1
1098915904 EXCLUDED_SINGLETON_COMPLETION 7 7
1141407808 EXCLUDED_SINGLETON_COMPLETION 6 6
1384128576 EXCLUDED_SINGLETON_COMPLETION 238 146
38931538436 EXCLUDED_SINGLETON_COMPLETION 526 228
1074807041 EXCLUDED_SINGLETON_COMPLETION 3 3
1141538817 EXCLUDED_SINGLETON_COMPLETION 11 8
1377829121 EXCLUDED_SINGLETON_COMPLETION 25 22
1384120353 EXCLUDED_SINGLETON_COMPLETION 47 24
6478135297 EXCLUDED_SINGLETON_COMPLETION 8 8
6511788049 EXCLUDED_SINGLETON_COMPLETION 174 72
38724108289 EXCLUDED_SINGLETON_COMPLETION 202 134
38726598657 EXCLUDED_SINGLETON_COMPLETION 335 226
38856069122 EXCLUDED_SINGLETON_COMPLETION 827 170
38923862017 EXCLUDED_SINGLETON_COMPLETION 446 220
1092755584 EXCLUDED_SINGLETON_COMPLETION 359 98
1141408512 EXCLUDED_SINGLETON_COMPLETION 287 84
1207992354 EXCLUDED_SINGLETON_COMPLETION 6 6
1375748353 EXCLUDED_SINGLETON_COMPLETION 77 13
1377837058 EXCLUDED_SINGLETON_COMPLETION 103 35
38923730956 EXCLUDED_SINGLETON_COMPLETION 839 414
39213072385 EXCLUDED_SINGLETON_COMPLETION 713 245
1384128514 EXCLUDED_SINGLETON_COMPLETION 297 80
1074299648 EXCLUDED_SINGLETON_COMPLETION 3 1
1074823425 EXCLUDED_SINGLETON_COMPLETION 17 7
1377830944 EXCLUDED_SINGLETON_COMPLETION 68 68
1098940448 EXCLUDED_SINGLETON_COMPLETION 9 9
6517981186 EXCLUDED_SINGLETON_COMPLETION 37 37
17255403528 EXCLUDED_SINGLETON_COMPLETION 179 51
17221829640 EXCLUDED_SINGLETON_COMPLETION 47 11
39191585284 EXCLUDED_SINGLETON_COMPLETION 233 126
1074274944 EXCLUDED_SINGLETON_COMPLETION 4 2
1074807936 EXCLUDED_SINGLETON_COMPLETION 30 18
1342310656 EXCLUDED_SINGLETON_COMPLETION 2 2
1342849280 EXCLUDED_SINGLETON_COMPLETION 81 73
1350568004 EXCLUDED_SINGLETON_COMPLETION 70 42
1384122912 EXCLUDED_SINGLETON_COMPLETION 709 240
6510280704 EXCLUDED_SINGLETON_COMPLETION 59 24
17215523968 EXCLUDED_SINGLETON_COMPLETION 553 140
38672171008 EXCLUDED_SINGLETON_COMPLETION 7 7
1143013504 EXCLUDED_SINGLETON_COMPLETION 155 143
1074823236 EXCLUDED_SINGLETON_COMPLETION 50 30
6517981185 EXCLUDED_SINGLETON_COMPLETION 42 42
1091584256 EXCLUDED_SINGLETON_COMPLETION 9 9
1342324768 EXCLUDED_SINGLETON_COMPLETION 19 19
1384122400 EXCLUDED_SINGLETON_COMPLETION 137 134
1384136736 EXCLUDED_SINGLETON_COMPLETION 175 151
17215553546 EXCLUDED_SINGLETON_COMPLETION 366 199
6510117376 EXCLUDED_SINGLETON_COMPLETION 20 20
6577193476 EXCLUDED_SINGLETON_COMPLETION 158 56
38671650816 EXCLUDED_SINGLETON_COMPLETION 85 20
6517948944 EXCLUDED_SINGLETON_COMPLETION 81 62
38724075528 EXCLUDED_SINGLETON_COMPLETION 1105 290
1098924064 EXCLUDED_SINGLETON_COMPLETION 3 3
1098924160 EXCLUDED_SINGLETON_COMPLETION 20 20
1140868352 EXCLUDED_SINGLETON_COMPLETION 1 1
1350566432 EXCLUDED_SINGLETON_COMPLETION 4 4
6450840592 EXCLUDED_SINGLETON_COMPLETION 13 13
38856557064 EXCLUDED_SINGLETON_COMPLETION 423 212
1075871778 EXCLUDED_SINGLETON_COMPLETION 8 8
1342900224 EXCLUDED_SINGLETON_COMPLETION 2 2
1377837312 EXCLUDED_SINGLETON_COMPLETION 239 161
6478103808 EXCLUDED_SINGLETON_COMPLETION 89 60
38856097802 EXCLUDED_SINGLETON_COMPLETION 897 252
1074269216 EXCLUDED_SINGLETON_COMPLETION 17 8
1074413600 EXCLUDED_SINGLETON_COMPLETION 7 7
1074823232 EXCLUDED_SINGLETON_COMPLETION 1 1
1140868098 EXCLUDED_SINGLETON_COMPLETION 20 11
1140918274 EXCLUDED_SINGLETON_COMPLETION 3 3
1208492160 EXCLUDED_SINGLETON_COMPLETION 14 14
1343242241 EXCLUDED_SINGLETON_COMPLETION 3 3
1350574082 EXCLUDED_SINGLETON_COMPLETION 18 14
6517981200 EXCLUDED_SINGLETON_COMPLETION 201 164
17215553569 EXCLUDED_SINGLETON_COMPLETION 269 237
38663095426 EXCLUDED_SINGLETON_COMPLETION 150 138
1208551428 EXCLUDED_SINGLETON_COMPLETION 57 40
1141378304 EXCLUDED_SINGLETON_COMPLETION 721 170
1275625984 EXCLUDED_SINGLETON_COMPLETION 86 22
1350574148 EXCLUDED_SINGLETON_COMPLETION 275 211
6719279108 EXCLUDED_SINGLETON_COMPLETION 220 196
38925238529 EXCLUDED_SINGLETON_COMPLETION 272 230
39208878720 EXCLUDED_SINGLETON_COMPLETION 805 426
1078001732 EXCLUDED_SINGLETON_COMPLETION 23 9
1092780064 EXCLUDED_SINGLETON_COMPLETION 130 118
1376847872 EXCLUDED_SINGLETON_COMPLETION 122 24
1140851264 EXCLUDED_SINGLETON_COMPLETION 8 4
1208485920 EXCLUDED_SINGLETON_COMPLETION 4 4
1375732480 EXCLUDED_SINGLETON_COMPLETION 5 2
1075872001 EXCLUDED_SINGLETON_COMPLETION 11 9
6752829442 EXCLUDED_SINGLETON_COMPLETION 34 29
6752829952 EXCLUDED_SINGLETON_COMPLETION 36 36
1207962144 EXCLUDED_SINGLETON_COMPLETION 13 13
1384122432 EXCLUDED_SINGLETON_COMPLETION 112 50
1384129024 EXCLUDED_SINGLETON_COMPLETION 52 12
38724079616 EXCLUDED_SINGLETON_COMPLETION 595 184
1078001696 EXCLUDED_SINGLETON_COMPLETION 46 16
1208025120 EXCLUDED_SINGLETON_COMPLETION 12 12
17217626176 EXCLUDED_SINGLETON_COMPLETION 8 4
17249107984 EXCLUDED_SINGLETON_COMPLETION 4 4
39208362624 EXCLUDED_SINGLETON_COMPLETION 1674 256
1209040900 EXCLUDED_SINGLETON_COMPLETION 18 18
1208517124 EXCLUDED_SINGLETON_COMPLETION 57 41
6719275025 EXCLUDED_SINGLETON_COMPLETION 86 80
1098940480 EXCLUDED_SINGLETON_COMPLETION 4 4
1074299424 EXCLUDED_SINGLETON_COMPLETION 2 2
1092747296 EXCLUDED_SINGLETON_COMPLETION 4 2
1141571712 EXCLUDED_SINGLETON_COMPLETION 789 312
1141573632 EXCLUDED_SINGLETON_COMPLETION 130 34
1343228672 EXCLUDED_SINGLETON_COMPLETION 136 74
1344274466 EXCLUDED_SINGLETON_COMPLETION 3 3
1377828896 EXCLUDED_SINGLETON_COMPLETION 2 2
17188260898 EXCLUDED_SINGLETON_COMPLETION 35 7
38656966664 EXCLUDED_SINGLETON_COMPLETION 653 272
39193706508 EXCLUDED_SINGLETON_COMPLETION 1122 492
1076002848 EXCLUDED_SINGLETON_COMPLETION 23 23
1092780288 EXCLUDED_SINGLETON_COMPLETION 154 92
1074806912 EXCLUDED_SINGLETON_COMPLETION 2 2
1075871776 EXCLUDED_SINGLETON_COMPLETION 2 2
1384136706 EXCLUDED_SINGLETON_COMPLETION 51 48
1092755712 EXCLUDED_SINGLETON_COMPLETION 182 88
1375734528 EXCLUDED_SINGLETON_COMPLETION 212 44
6719279106 PARTIAL_WITNESS 118 67
17249239057 EXCLUDED_SINGLETON_COMPLETION 874 512
1074464896 EXCLUDED_SINGLETON_COMPLETION 376 82
1098924162 EXCLUDED_SINGLETON_COMPLETION 201 80
1216380961 EXCLUDED_SINGLETON_COMPLETION 317 276
1377896448 EXCLUDED_SINGLETON_COMPLETION 131 65
1074299396 EXCLUDED_SINGLETON_COMPLETION 16 5
1140867074 EXCLUDED_SINGLETON_COMPLETION 3 3
1141378048 EXCLUDED_SINGLETON_COMPLETION 2 1
1141522432 EXCLUDED_SINGLETON_COMPLETION 4 4
1207962368 EXCLUDED_SINGLETON_COMPLETION 5 5
1209073792 EXCLUDED_SINGLETON_COMPLETION 80 80
1344282880 EXCLUDED_SINGLETON_COMPLETION 134 134
38656835596 EXCLUDED_SINGLETON_COMPLETION 324 264
1074269312 EXCLUDED_SINGLETON_COMPLETION 17 6
1141047360 EXCLUDED_SINGLETON_COMPLETION 17 17
1342834720 EXCLUDED_SINGLETON_COMPLETION 338 142
38860750849 EXCLUDED_SINGLETON_COMPLETION 1355 427
1384122370 EXCLUDED_SINGLETON_COMPLETION 92 26
6577717888 EXCLUDED_SINGLETON_COMPLETION 103 42
38656839684 EXCLUDED_SINGLETON_COMPLETION 235 131
39210483714 EXCLUDED_SINGLETON_COMPLETION 1285 668
1140916288 EXCLUDED_SINGLETON_COMPLETION 2 2
1141522560 EXCLUDED_SINGLETON_COMPLETION 492 297
6517981696 EXCLUDED_SINGLETON_COMPLETION 66 36
1092747392 EXCLUDED_SINGLETON_COMPLETION 2 1
1142980865 EXCLUDED_SINGLETON_COMPLETION 232 232
6478103554 EXCLUDED_SINGLETON_COMPLETION 365 96
1143111681 EXCLUDED_SINGLETON_COMPLETION 42 32
1208516640 EXCLUDED_SINGLETON_COMPLETION 22 22
1076920324 EXCLUDED_SINGLETON_COMPLETION 76 56
1375797250 EXCLUDED_SINGLETON_COMPLETION 9 4
6477087232 EXCLUDED_SINGLETON_COMPLETION 136 72
6511657986 EXCLUDED_SINGLETON_COMPLETION 158 28
6577717764 EXCLUDED_SINGLETON_COMPLETION 196 28
38724108296 EXCLUDED_SINGLETON_COMPLETION 1832 528
1350568480 EXCLUDED_SINGLETON_COMPLETION 251 247
6719275028 EXCLUDED_SINGLETON_COMPLETION 229 148
17221845512 EXCLUDED_SINGLETON_COMPLETION 330 94
38856557184 EXCLUDED_SINGLETON_COMPLETION 2179 664
1074430208 EXCLUDED_SINGLETON_COMPLETION 82 24
1074823172 EXCLUDED_SINGLETON_COMPLETION 13 13
6585057300 EXCLUDED_SINGLETON_COMPLETION 48 31
1143111936 EXCLUDED_SINGLETON_COMPLETION 469 435
1342193921 EXCLUDED_SINGLETON_COMPLETION 1 1
38856622081 EXCLUDED_SINGLETON_COMPLETION 1176 472
1145110592 EXCLUDED_SINGLETON_COMPLETION 308 302
1342834944 EXCLUDED_SINGLETON_COMPLETION 278 118
1376782848 EXCLUDED_SINGLETON_COMPLETION 137 24
6510247936 EXCLUDED_SINGLETON_COMPLETION 42 42
6577225732 EXCLUDED_SINGLETON_COMPLETION 424 303
38925369352 EXCLUDED_SINGLETON_COMPLETION 175 56
1208517152 EXCLUDED_SINGLETON_COMPLETION 578 396
1350582306 EXCLUDED_SINGLETON_COMPLETION 296 272
1384136705 EXCLUDED_SINGLETON_COMPLETION 228 78
1074462848 EXCLUDED_SINGLETON_COMPLETION 43 11
1350565922 EXCLUDED_SINGLETON_COMPLETION 5 5
1142980610 EXCLUDED_SINGLETON_COMPLETION 32 32
1283489793 EXCLUDED_SINGLETON_COMPLETION 217 166
1141538880 EXCLUDED_SINGLETON_COMPLETION 311 182
6585061380 EXCLUDED_SINGLETON_COMPLETION 266 154
1375799298 EXCLUDED_SINGLETON_COMPLETION 136 52
6514278401 EXCLUDED_SINGLETON_COMPLETION 333 311
17215523872 EXCLUDED_SINGLETON_COMPLETION 704 255
1342849056 EXCLUDED_SINGLETON_COMPLETION 284 205
1377831168 EXCLUDED_SINGLETON_COMPLETION 225 198
6577258500 EXCLUDED_SINGLETON_COMPLETION 877 388
38730240000 EXCLUDED_SINGLETON_COMPLETION 191 170
6511658000 EXCLUDED_SINGLETON_COMPLETION 123 105
1343242497 EXCLUDED_SINGLETON_COMPLETION 388 327
6511820816 EXCLUDED_SINGLETON_COMPLETION 1812 840
17249107985 EXCLUDED_SINGLETON_COMPLETION 622 600
1142980609 EXCLUDED_SINGLETON_COMPLETION 8 8
17247649800 EXCLUDED_SINGLETON_COMPLETION 201 186
38923206666 EXCLUDED_SINGLETON_COMPLETION 625 560
38925303820 PARTIAL_WITNESS 1518 812
1090666528 EXCLUDED_SINGLETON_COMPLETION 16 6
38663131140 EXCLUDED_SINGLETON_COMPLETION 476 357
1074413696 EXCLUDED_SINGLETON_COMPLETION 48 24
1375748098 EXCLUDED_SINGLETON_COMPLETION 9 9
1090682944 EXCLUDED_SINGLETON_COMPLETION 43 15
6719275010 EXCLUDED_SINGLETON_COMPLETION 3 3
1342849024 EXCLUDED_SINGLETON_COMPLETION 16 8
1074405504 EXCLUDED_SINGLETON_COMPLETION 163 34
1074429984 EXCLUDED_SINGLETON_COMPLETION 33 33
1142980864 EXCLUDED_SINGLETON_COMPLETION 291 291
1343242496 EXCLUDED_SINGLETON_COMPLETION 204 204
1376796672 EXCLUDED_SINGLETON_COMPLETION 12 10
6478135296 EXCLUDED_SINGLETON_COMPLETION 4 4
1092780032 EXCLUDED_SINGLETON_COMPLETION 15 6
6517949456 EXCLUDED_SINGLETON_COMPLETION 307 259
1074823424 EXCLUDED_SINGLETON_COMPLETION 26 22
6514279424 EXCLUDED_SINGLETON_COMPLETION 191 82
17255384072 PARTIAL_WITNESS 348 117
1275101186 EXCLUDED_SINGLETON_COMPLETION 45 43
1350582305 EXCLUDED_SINGLETON_COMPLETION 346 346
1074806788 EXCLUDED_SINGLETON_COMPLETION 13 13
1074269440 EXCLUDED_SINGLETON_COMPLETION 34 6
1090666624 EXCLUDED_SINGLETON_COMPLETION 55 12
6719275024 EXCLUDED_SINGLETON_COMPLETION 16 16
38925369345 EXCLUDED_SINGLETON_COMPLETION 528 465
1090683136 EXCLUDED_SINGLETON_COMPLETION 43 16
1149272640 EXCLUDED_SINGLETON_COMPLETION 770 684
38925238284 EXCLUDED_SINGLETON_COMPLETION 663 396
39191585408 EXCLUDED_SINGLETON_COMPLETION 733 608
1141014592 EXCLUDED_SINGLETON_COMPLETION 74 72
6577717249 EXCLUDED_SINGLETON_COMPLETION 20 8
6581387268 EXCLUDED_SINGLETON_COMPLETION 439 148
6752829441 EXCLUDED_SINGLETON_COMPLETION 519 511
1377837056 EXCLUDED_SINGLETON_COMPLETION 14 6
1090666752 EXCLUDED_SINGLETON_COMPLETION 50 14
1082163232 EXCLUDED_SINGLETON_COMPLETION 24 24
1343242244 EXCLUDED_SINGLETON_COMPLETION 39 39
1377828865 EXCLUDED_SINGLETON_COMPLETION 40 40
1216380960 EXCLUDED_SINGLETON_COMPLETION 596 580
38663099520 PARTIAL_WITNESS 1834 1130
1142980608 EXCLUDED_SINGLETON_COMPLETION 1 1
6478135298 EXCLUDED_SINGLETON_COMPLETION 1340 926
1216380932 EXCLUDED_SINGLETON_COMPLETION 84 79
1075871748 EXCLUDED_SINGLETON_COMPLETION 20 20
6511788160 EXCLUDED_SINGLETON_COMPLETION 508 111
6517953536 EXCLUDED_SINGLETON_COMPLETION 314 154
17255369744 EXCLUDED_SINGLETON_COMPLETION 797 316
1149272065 EXCLUDED_SINGLETON_COMPLETION 71 71
1082163268 EXCLUDED_SINGLETON_COMPLETION 27 27
1350582304 EXCLUDED_SINGLETON_COMPLETION 369 369
1350565956 EXCLUDED_SINGLETON_COMPLETION 5 4
1384122880 EXCLUDED_SINGLETON_COMPLETION 661 163
1350582276 EXCLUDED_SINGLETON_COMPLETION 168 168
38925246466 EXCLUDED_SINGLETON_COMPLETION 410 376
39208362496 EXCLUDED_SINGLETON_COMPLETION 1644 372
6577192964 EXCLUDED_SINGLETON_COMPLETION 18 8
6511788033 EXCLUDED_SINGLETON_COMPLETION 1095 612
1082163204 EXCLUDED_SINGLETON_COMPLETION 30 30
1143111680 EXCLUDED_SINGLETON_COMPLETION 140 102
38864420865 EXCLUDED_SINGLETON_COMPLETION 2175 1775
1384120321 EXCLUDED_SINGLETON_COMPLETION 252 119
17255383048 EXCLUDED_SINGLETON_COMPLETION 149 62
1149272128 EXCLUDED_SINGLETON_COMPLETION 1176 1176
6511788032 EXCLUDED_SINGLETON_COMPLETION 58 13
38931529729 PARTIAL_WITNESS 3725 3705
