{
  "checked": [
    {
      "core": 38864457730,
      "nonempty_rows": 30,
      "edges": 98,
      "adjacency_sha256": "c81405be9daab35cd1e4216e8eef92267193fb6e0b8b2eab3593941f2322186f"
    },
    {
      "core": 5774048758818,
      "nonempty_rows": 30,
      "edges": 100,
      "adjacency_sha256": "cf500426b6e033f31d4cdc0323278438b688c653b47930ab3b24c75c0a3b8abf"
    },
    {
      "core": 38671651072,
      "nonempty_rows": 30,
      "edges": 97,
      "adjacency_sha256": "07628d4e5c67f3ee5d48c3d16e2a7dad61eebad23d2a84f8fd05bf0697e644d4"
    },
    {
      "core": 111744664578,
      "nonempty_rows": 30,
      "edges": 98,
      "adjacency_sha256": "d7c1f72de5c7d714a4f9ad2d4bf7f853541db8d9fcd62093439865b4200e9187"
    },
    {
      "core": 6511689745,
      "nonempty_rows": 30,
      "edges": 97,
      "adjacency_sha256": "a44d023af8eb8d1acbaf1ec013b3c35bf0c088777edb7aaa94d9282ecceaab9e"
    },
    {
      "core": 38925369601,
      "nonempty_rows": 30,
      "edges": 97,
      "adjacency_sha256": "6fd0192e7b5b01e720078c1127f4faa632d174fe6b9cb52f00d62cefeac79cf5"
    },
    {
      "core": 6478168192,
      "nonempty_rows": 30,
      "edges": 96,
      "adjacency_sha256": "9de1d75fdab90b531e80d68f8a15cfb6387c2404f8feccf780ec16dc894a0708"
    },
    {
      "core": 39196303364,
      "nonempty_rows": 30,
      "edges": 97,
      "adjacency_sha256": "3f5d84dce3f4cd323af140bdfdc872280d7d9c1144611dbf58fd170bb66f7e91"
    },
    {
      "core": 1344340000,
      "nonempty_rows": 30,
      "edges": 95,
      "adjacency_sha256": "0776f463e14a7abae44c5defa640b1f997f0c80593e96beb4cc85c4f9e02e799"
    },
    {
      "core": 6719279106,
      "nonempty_rows": 30,
      "edges": 96,
      "adjacency_sha256": "4d616f7b1a59e81962eacd55f493ff79218618e5fa67052b2cc282afc7a6adba"
    },
    {
      "core": 38925303820,
      "nonempty_rows": 30,
      "edges": 97,
      "adjacency_sha256": "d4a6f0fb4fc8654a83cfd80c31dd90384e744facba3da3dee7484bfff36f4469"
    },
    {
      "core": 17255384072,
      "nonempty_rows": 30,
      "edges": 96,
      "adjacency_sha256": "b94736e6f694b6323c160aec6b594b6758419876f79baf72ebb9f876655750d6"
    },
    {
      "core": 38663099520,
      "nonempty_rows": 30,
      "edges": 96,
      "adjacency_sha256": "ad801c633ed8cc0b3e8d2a8b9224807b13170ce2432e4c4a82184aa9fb3b9d63"
    },
    {
      "core": 38931529729,
      "nonempty_rows": 30,
      "edges": 95,
      "adjacency_sha256": "fbc42ee9bd3d050f5af670953a58a0ebab411102fd4cebb6637e735ad4ecafa6"
    }
  ],
  "pilot_sha256": "28d8aa54d6eaa5badc56793f68e0e5c03d90275bb7f39a0133fd6afe211dbb6d",
  "scope": "Positive partial witnesses only; does not independently validate negative/capped search results"
}
