[e85] job 20261008T110838-erdos85__h3-triple-formal-20261007-440039  ref=erdos85/h3-triple-formal-20261007  worktree=/opt/e85/wt/erdos85__h3-triple-formal-20261007  started 2026-10-08T11:08:38Z
[e85] commit 88c9c3dc8149803ed9e83cc54cefb7c1b45415b9 (Retain forced component timings and test equivalent row-mask check)
=== Docker Lean Build ===
Memory limit: 16384MB (hard enforced via cgroups)
Timeout: 2m
CPU limit: 2
Target: all
Build volume: lean-build-erdos85__h3-triple-formal-20261007
Extra read-only mounts: /Volumes/Stripe/lean-genius/artifacts

Command: lake env python3 -B ../research/problems/erdos-85-wip-01/h3_triple_completion_20261008/run_phase_two_components_fast.py
Starting Docker build...

'Erdos85.H3TripleCompletion.stateOKFast_eq' depends on axioms: [propext, Quot.sound]
STATES count=4
SAMPLE leaf=1 key=975744 nodes=17 leaves=0 exhausted=0 invalid=0 capped=false
COMPONENT leaf=1 name=state elapsed_ms=1 checksum=17
COMPONENT leaf=1 name=state_fast elapsed_ms=0 checksum=17
COMPONENT leaf=1 name=filter elapsed_ms=5 checksum=1062
COMPONENT leaf=1 name=pick elapsed_ms=2 checksum=212
COMPONENT leaf=1 name=fresh elapsed_ms=0 checksum=482
COMPONENT leaf=1 name=partition elapsed_ms=1 checksum=1062
COMPONENT leaf=1 name=append elapsed_ms=1 checksum=1052
COMPONENT leaf=1 name=insert elapsed_ms=1 checksum=62
SAMPLE leaf=2 key=986112 nodes=1000 leaves=30 exhausted=0 invalid=0 capped=true
COMPONENT leaf=2 name=state elapsed_ms=97 checksum=1000
COMPONENT leaf=2 name=state_fast elapsed_ms=30 checksum=1000
COMPONENT leaf=2 name=filter elapsed_ms=53 checksum=15339
COMPONENT leaf=2 name=pick elapsed_ms=42 checksum=11324
COMPONENT leaf=2 name=fresh elapsed_ms=4 checksum=41402
COMPONENT leaf=2 name=partition elapsed_ms=15 checksum=15339
COMPONENT leaf=2 name=append elapsed_ms=16 checksum=19678
COMPONENT leaf=2 name=insert elapsed_ms=22 checksum=4154
SAMPLE leaf=3 key=41088 nodes=1000 leaves=52 exhausted=0 invalid=0 capped=true
COMPONENT leaf=3 name=state elapsed_ms=101 checksum=1000
COMPONENT leaf=3 name=state_fast elapsed_ms=30 checksum=1000
COMPONENT leaf=3 name=filter elapsed_ms=43 checksum=12315
COMPONENT leaf=3 name=pick elapsed_ms=36 checksum=12312
COMPONENT leaf=3 name=fresh elapsed_ms=5 checksum=41684
COMPONENT leaf=3 name=partition elapsed_ms=13 checksum=12315
COMPONENT leaf=3 name=append elapsed_ms=13 checksum=16712
COMPONENT leaf=3 name=insert elapsed_ms=20 checksum=4138
SAMPLE leaf=4 key=776448 nodes=1000 leaves=51 exhausted=0 invalid=0 capped=true
COMPONENT leaf=4 name=state elapsed_ms=100 checksum=1000
COMPONENT leaf=4 name=state_fast elapsed_ms=30 checksum=1000
COMPONENT leaf=4 name=filter elapsed_ms=45 checksum=12885
COMPONENT leaf=4 name=pick elapsed_ms=38 checksum=11873
COMPONENT leaf=4 name=fresh elapsed_ms=4 checksum=41460
COMPONENT leaf=4 name=partition elapsed_ms=13 checksum=12885
COMPONENT leaf=4 name=append elapsed_ms=14 checksum=17352
COMPONENT leaf=4 name=insert elapsed_ms=21 checksum=4178

{
  "command": [
    "lean",
    "-j1",
    "H3TripleCompletionPhaseTwoComponentsFast.lean",
    "-o",
    "/workspace/research/problems/erdos-85-wip-01/h3_triple_completion_20261008/phase-two-components-fast/PhaseTwoComponentsFast.olean"
  ],
  "source_sha256": "74e4c3dee0e7ef0bd969f4057cb4b08afdc6adda579e359a292232cbe574bf48",
  "timeout_seconds": 60,
  "started_utc": "2026-10-08T11:08:39.609885+00:00",
  "prerequisites": [
    {
      "module": "Erdos85H3TripleCompletionEngine",
      "source_sha256": "a8bbf737978ff1ff1a24b8d3bb675304a00006f8927b17d9478656907d393c39",
      "olean_sha256": "c144efb4d85c1186f5019666fd8dede6b71e92ec0c8bc14390457f539ab2e412",
      "olean_bytes": 2103088,
      "olean_mtime": 1791456891.6277816,
      "fresh_build_elapsed": "11s",
      "axiom_exports": [
        {
          "theorem": "Erdos85.H3TripleCompletion.search_sound",
          "axioms": [
            "propext",
            "Classical.choice",
            "Quot.sound"
          ]
        }
      ]
    },
    {
      "module": "Erdos85H3TripleCompletionBridge",
      "source_sha256": "499f480a8d1eb73f33ca4119b0175f319982484a9d3fcdf0a2fbbda73d2db36b",
      "olean_sha256": "02220d1339caaf079b5889edf2e0c4e52b49b37d6c2b89ba4886c06d5a77e18e",
      "olean_bytes": 198624,
      "olean_mtime": 1791456899.3572543,
      "fresh_build_elapsed": "4.0s",
      "axiom_exports": [
        {
          "theorem": "Erdos85.H3TripleCompletion.threeHighCanonicalRepresentativeExcluded_one_of_tripleSearch",
          "axioms": [
            "propext",
            "Classical.choice",
            "Quot.sound"
          ]
        },
        {
          "theorem": "Erdos85.H3TripleCompletion.orderFortyNineTripleCellExcluded_three_one_of_tripleSearch",
          "axioms": [
            "propext",
            "Classical.choice",
            "Quot.sound"
          ]
        }
      ]
    },
    {
      "module": "Erdos85H3TripleCompletionSplit",
      "source_sha256": "b85d4d99bb82cefdbe5f8d0543928262422f2f5e6a8dfa799d7100dc7ca826a3",
      "olean_sha256": "acfdbed1a9ccec6f972f9c8c8afc5575937d82b3cbc3541f0239a8e3b019d0d3",
      "olean_bytes": 187736,
      "olean_mtime": 1791456903.1570253,
      "fresh_build_elapsed": "3.8s",
      "axiom_exports": [
        {
          "theorem": "Erdos85.H3TripleCompletion.orderFortyNineTripleCellExcluded_three_one_of_parts",
          "axioms": [
            "propext",
            "Classical.choice",
            "Quot.sound"
          ]
        }
      ]
    }
  ],
  "status": "COMPILED",
  "returncode": 0,
  "timed_out": false,
  "elapsed_seconds": 7.272852349997265,
  "child_user_seconds": 5.970346,
  "child_system_seconds": 1.270073,
  "child_maxrss_kib": 6516524,
  "log_sha256": "662db1e07c5bb23d42d7d97f29b3d56cc9d0e6b4dcc0d917e8216722cf66b663",
  "olean_sha256": "0920d9f831abeaa9adc7390ef922c1afb39656ecfb9e767f454e007f91f5b9a5",
  "olean_bytes": 675992
}

=== Build succeeded ===
