[e85] job 20261008T110003-erdos85__h3-triple-formal-20261007-433844  ref=erdos85/h3-triple-formal-20261007  worktree=/opt/e85/wt/erdos85__h3-triple-formal-20261007  started 2026-10-08T11:00:03Z
[e85] commit 47ccc586fd33cf86c51304eb1cda39e1e67fd95e (Fix profiler IO annotation and preserve failed compilation evidence)
=== Docker Lean Build ===
Memory limit: 16384MB (hard enforced via cgroups)
Timeout: 2m
CPU limit: 2
Target: all
Build volume: lean-build-erdos85__h3-triple-formal-20261007
Extra read-only mounts: /Volumes/Stripe/lean-genius/artifacts

Command: lake env python3 -B ../research/problems/erdos-85-wip-01/h3_triple_completion_20261008/run_phase_two_profile.py
Starting Docker build...

STATES count=4 elapsed_ms=674
PROFILE leaf=1 key=975744 nodes=17 leaves=0 exhausted=0 invalid=0 no_fresh=0 rejected=0 available=1062 capped=false elapsed_ms=9
PROFILE leaf=2 key=986112 nodes=10000 leaves=427 exhausted=0 invalid=0 no_fresh=0 rejected=0 available=142563 capped=true elapsed_ms=2187
PROFILE leaf=3 key=41088 nodes=10000 leaves=478 exhausted=0 invalid=0 no_fresh=0 rejected=0 available=119580 capped=true elapsed_ms=2068
PROFILE leaf=4 key=776448 nodes=10000 leaves=451 exhausted=0 invalid=0 no_fresh=0 rejected=0 available=134497 capped=true elapsed_ms=2142

{
  "command": [
    "lean",
    "-j1",
    "H3TripleCompletionPhaseTwoProfile.lean",
    "-o",
    "/workspace/research/problems/erdos-85-wip-01/h3_triple_completion_20261008/phase-two-profile-fixed/PhaseTwoProfile.olean"
  ],
  "source_sha256": "d9b1b3b6aa8b3db11460c22a2a5e908642f173e3cad76a488e2e853288810991",
  "timeout_seconds": 60,
  "started_utc": "2026-10-08T11:00:05.052669+00:00",
  "prerequisites": [
    {
      "module": "Erdos85H3TripleCompletionEngine",
      "source_sha256": "a8bbf737978ff1ff1a24b8d3bb675304a00006f8927b17d9478656907d393c39",
      "olean_sha256": "c144efb4d85c1186f5019666fd8dede6b71e92ec0c8bc14390457f539ab2e412",
      "olean_bytes": 2103088,
      "olean_mtime": 1791456891.6277816,
      "fresh_build_elapsed": "11s",
      "axiom_exports": [
        {
          "theorem": "Erdos85.H3TripleCompletion.search_sound",
          "axioms": [
            "propext",
            "Classical.choice",
            "Quot.sound"
          ]
        }
      ]
    },
    {
      "module": "Erdos85H3TripleCompletionBridge",
      "source_sha256": "499f480a8d1eb73f33ca4119b0175f319982484a9d3fcdf0a2fbbda73d2db36b",
      "olean_sha256": "02220d1339caaf079b5889edf2e0c4e52b49b37d6c2b89ba4886c06d5a77e18e",
      "olean_bytes": 198624,
      "olean_mtime": 1791456899.3572543,
      "fresh_build_elapsed": "4.0s",
      "axiom_exports": [
        {
          "theorem": "Erdos85.H3TripleCompletion.threeHighCanonicalRepresentativeExcluded_one_of_tripleSearch",
          "axioms": [
            "propext",
            "Classical.choice",
            "Quot.sound"
          ]
        },
        {
          "theorem": "Erdos85.H3TripleCompletion.orderFortyNineTripleCellExcluded_three_one_of_tripleSearch",
          "axioms": [
            "propext",
            "Classical.choice",
            "Quot.sound"
          ]
        }
      ]
    },
    {
      "module": "Erdos85H3TripleCompletionSplit",
      "source_sha256": "b85d4d99bb82cefdbe5f8d0543928262422f2f5e6a8dfa799d7100dc7ca826a3",
      "olean_sha256": "acfdbed1a9ccec6f972f9c8c8afc5575937d82b3cbc3541f0239a8e3b019d0d3",
      "olean_bytes": 187736,
      "olean_mtime": 1791456903.1570253,
      "fresh_build_elapsed": "3.8s",
      "axiom_exports": [
        {
          "theorem": "Erdos85.H3TripleCompletion.orderFortyNineTripleCellExcluded_three_one_of_parts",
          "axioms": [
            "propext",
            "Classical.choice",
            "Quot.sound"
          ]
        }
      ]
    }
  ],
  "status": "COMPILED",
  "returncode": 0,
  "timed_out": false,
  "elapsed_seconds": 11.378431370001636,
  "child_user_seconds": 10.143667,
  "child_system_seconds": 1.2304439999999999,
  "child_maxrss_kib": 6501468,
  "log_sha256": "df727b05e1ae56610943dd9c434778d7afd2518951576b5ca5e1300c4f161381",
  "olean_sha256": "f2363f82c0fc459dad07eb6b30539eddc38935a1c1787deb0808f3acd89f3eab",
  "olean_bytes": 372600
}

=== Build succeeded ===
