[e85] job 20261008T064336-erdos85__h3-first-column-20261008-270638  ref=erdos85/h3-first-column-20261008  worktree=/opt/e85/wt/erdos85__h3-first-column-20261008  started 2026-10-08T06:43:36Z
[e85] commit 9a1555a52461ab6d53bb145378f92de81c88cdc6 (erdos85: verify 260-pair reduction and full diagnostic memberships)
=== Docker Lean Build ===
Memory limit: 16384MB (hard enforced via cgroups)
Timeout: 2h
CPU limit: 16
Target: all
Build volume: lean-build-erdos85__h3-first-column-20261008
Extra read-only mounts: /Volumes/Stripe/lean-genius/artifacts

Command: lake env python3 ../research/problems/erdos-85-wip-01/h3_varied_pilot_20261008/check_case.py --case FullU54R20 --membership-evidence /workspace/research/problems/erdos-85-wip-01/h3_u1r15_census_reduction_20261008/evidence --output /workspace/research/problems/erdos-85-wip-01/h3_varied_pilot_20261008/_build/FullU54R20-first
Starting Docker build...

{"command": ["lake", "build", "Proofs.Erdos85ThreeHighPilotFullU54R20Inputs"], "started_utc": "2026-10-08T06:43:37.909933+00:00", "exit_code": 0, "elapsed_seconds": 6.228774327999417, "user_cpu_seconds": 5.424224, "system_cpu_seconds": 1.361923, "max_rss_kib": 914848, "log_sha256": "89f00c55794c2bf21d3c8b08fe8553206f54bed742ce95992c57d657a406d97d", "module": "Erdos85ThreeHighPilotFullU54R20Inputs", "status": "PASS", "source_sha256": "324653ac84cdf0a257221e3a495ace46b96e64a73e5d5f2fd3d0de1071f2bd38", "olean_sha256": "f2b33f05da755c15afdf72c2ed3af608f46996d1830072fa612d7a7964e715d3", "axiom_exports": []}
[30s] Building...
[60s] Building...
[90s] Building...
[120s] Building...
[150s] Building...
[180s] Building...
[210s] Building...
[240s] Building...
[270s] Building...
[300s] Building...
[330s] Building...
[360s] Building...
[390s] Building...
[420s] Building...
[450s] Building...
[480s] Building...
[510s] Building...
[540s] Building...
[570s] Building...
[600s] Building...
[630s] Building...
[660s] Building...
[690s] Building...
[720s] Building...
[750s] Building...
[780s] Building...
[810s] Building...
[840s] Building...
[870s] Building...
[900s] Building...
[930s] Building...
[960s] Building...
[990s] Building...
[1020s] Building...
[1050s] Building...
[1080s] Building...
[1110s] Building...
[1140s] Building...
[1170s] Building...
[1200s] Building...
[1230s] Building...
[1260s] Building...
[1290s] Building...
[1320s] Building...
[1350s] Building...
[1380s] Building...
[1410s] Building...
[1440s] Building...
[1470s] Building...
[1500s] Building...
[1530s] Building...
[1560s] Building...
[1590s] Building...
[1620s] Building...
[1650s] Building...
[1680s] Building...
[1710s] Building...
[1740s] Building...
[1770s] Building...
[1800s] Building...
[1830s] Building...
[1860s] Building...
[1890s] Building...
[1920s] Building...
[1950s] Building...
[1980s] Building...
[2010s] Building...
[2040s] Building...
[2070s] Building...
[2100s] Building...
[2130s] Building...
[2160s] Building...
[2190s] Building...
[2220s] Building...
[2250s] Building...
[2280s] Building...
[2310s] Building...
[2340s] Building...
[2370s] Building...
[2400s] Building...
[2430s] Building...
[2460s] Building...
[2490s] Building...
[2520s] Building...
[2550s] Building...
[2580s] Building...
[2610s] Building...
[2640s] Building...
[2670s] Building...
[2700s] Building...
[2730s] Building...
[2760s] Building...
[2790s] Building...
[2820s] Building...
[2850s] Building...
[2880s] Building...
[2910s] Building...
[2940s] Building...
[2970s] Building...
[3000s] Building...
[3030s] Building...
[3060s] Building...
[3090s] Building...
[3120s] Building...
[3150s] Building...
[3180s] Building...
[3210s] Building...
[3240s] Building...
[3270s] Building...
[3300s] Building...
[3330s] Building...
[3360s] Building...
[3390s] Building...
[3420s] Building...
[3450s] Building...
[3480s] Building...
[3510s] Building...
[3540s] Building...
[3570s] Building...
[3600s] Building...
[3630s] Building...
[3660s] Building...
[3690s] Building...
[3720s] Building...
[3750s] Building...
[3780s] Building...
[3810s] Building...
[3840s] Building...
[3870s] Building...
[3900s] Building...
[3930s] Building...
[3960s] Building...
[3990s] Building...
[4020s] Building...
[4050s] Building...
[4080s] Building...
[4110s] Building...
[4140s] Building...
[4170s] Building...
[4200s] Building...
[4230s] Building...
[4260s] Building...
[4290s] Building...
[4320s] Building...
[4350s] Building...
[4380s] Building...
[4410s] Building...
[4440s] Building...
[4470s] Building...
[4500s] Building...
[4530s] Building...
[4560s] Building...
[4590s] Building...
[4620s] Building...
[4650s] Building...
[4680s] Building...
[4710s] Building...
[4740s] Building...
[4770s] Building...
[4800s] Building...
[4830s] Building...
[4860s] Building...
[4890s] Building...
[4920s] Building...
[4950s] Building...
[4980s] Building...
[5010s] Building...
[5040s] Building...
[5070s] Building...
[5100s] Building...
[5130s] Building...
[5160s] Building...
[5190s] Building...
[5220s] Building...
[5250s] Building...
[5280s] Building...
[5310s] Building...
[5340s] Building...
[5370s] Building...
[5400s] Building...
[5430s] Building...
[5460s] Building...
[5490s] Building...
[5520s] Building...
[5550s] Building...
[5580s] Building...
[5610s] Building...
[5640s] Building...
[5670s] Building...
[5700s] Building...
[5730s] Building...
[5760s] Building...
[5790s] Building...
[5820s] Building...
[5850s] Building...
[5880s] Building...
[5910s] Building...
[5940s] Building...
[5970s] Building...
[6000s] Building...
[6030s] Building...
[6060s] Building...
[6090s] Building...
[6120s] Building...
[6150s] Building...
[6180s] Building...
[6210s] Building...
[6240s] Building...
[6270s] Building...
[6300s] Building...
[6330s] Building...
[6360s] Building...
[6390s] Building...
[6420s] Building...
[6450s] Building...
[6480s] Building...
[6510s] Building...
[6540s] Building...
[6570s] Building...
[6600s] Building...
[6630s] Building...
[6660s] Building...
[6690s] Building...
[6720s] Building...
[6750s] Building...
[6780s] Building...
[6810s] Building...
[6840s] Building...
[6870s] Building...
[6900s] Building...
[6930s] Building...
[6960s] Building...
[6990s] Building...
[7020s] Building...
[7050s] Building...
[7080s] Building...
[7110s] Building...
[7140s] Building...
[7170s] Building...
[7200s] Building...
Timeout exceeded, stopping container...
lean-build-270892
