[e85] job 20261008T105909-erdos85__h3-triple-formal-20261007-432793  ref=erdos85/h3-triple-formal-20261007  worktree=/opt/e85/wt/erdos85__h3-triple-formal-20261007  started 2026-10-08T10:59:09Z
[e85] commit 6bc0161345d6c92c5b9378a8f69a650368ddfb24 (Iterate collected H3 states without an Inhabited requirement)
=== Docker Lean Build ===
Memory limit: 16384MB (hard enforced via cgroups)
Timeout: 2m
CPU limit: 2
Target: all
Build volume: lean-build-erdos85__h3-triple-formal-20261007
Extra read-only mounts: /Volumes/Stripe/lean-genius/artifacts

Command: lake env python3 -B ../research/problems/erdos-85-wip-01/h3_triple_completion_20261008/run_phase_two_profile.py
Starting Docker build...

H3TripleCompletionPhaseTwoProfile.lean:82:2: error: Type mismatch
  IO.println (toString "STATES count=" ++ toString states.size ++ toString " elapsed_ms=" ++ toString (ready - start))
has type
  IO Unit
but is expected to have type
  BaseIO PUnit.{1}
H3TripleCompletionPhaseTwoProfile.lean:89:4: error: Application type mismatch: The argument
  IO.println
    (toString "PROFILE leaf=" ++ toString i ++ toString " key=" ++ toString (stKey s) ++ toString " nodes=" ++
                                      toString p.nodes ++
                                    toString " leaves=" ++
                                  toString p.leaves ++
                                toString " exhausted=" ++
                              toString p.exhausted ++
                            toString " invalid=" ++
                          toString p.invalid ++
                        toString " no_fresh=" ++
                      toString p.noFresh ++
                    toString " rejected=" ++
                  toString p.rejected ++
                toString " available=" ++
              toString p.available ++
            toString " capped=" ++
          toString p.capped ++
        toString " elapsed_ms=" ++
      toString (finish - begin))
has type
  IO Unit
but is expected to have type
  BaseIO ?m.119
in the application
  bind
    (IO.println
      (toString "PROFILE leaf=" ++ toString i ++ toString " key=" ++ toString (stKey s) ++ toString " nodes=" ++
                                        toString p.nodes ++
                                      toString " leaves=" ++
                                    toString p.leaves ++
                                  toString " exhausted=" ++
                                toString p.exhausted ++
                              toString " invalid=" ++
                            toString p.invalid ++
                          toString " no_fresh=" ++
                        toString p.noFresh ++
                      toString " rejected=" ++
                    toString p.rejected ++
                  toString " available=" ++
                toString p.available ++
              toString " capped=" ++
            toString p.capped ++
          toString " elapsed_ms=" ++
        toString (finish - begin)))

{
  "command": [
    "lean",
    "-j1",
    "H3TripleCompletionPhaseTwoProfile.lean",
    "-o",
    "/workspace/research/problems/erdos-85-wip-01/h3_triple_completion_20261008/phase-two-profile/PhaseTwoProfile.olean"
  ],
  "source_sha256": "2f1b2d53041c370f0f6872a4ed84ff7b0e29db5bd1ecf11375b7654ccb4ea7aa",
  "timeout_seconds": 60,
  "started_utc": "2026-10-08T10:59:10.908105+00:00",
  "prerequisites": [
    {
      "module": "Erdos85H3TripleCompletionEngine",
      "source_sha256": "a8bbf737978ff1ff1a24b8d3bb675304a00006f8927b17d9478656907d393c39",
      "olean_sha256": "c144efb4d85c1186f5019666fd8dede6b71e92ec0c8bc14390457f539ab2e412",
      "olean_bytes": 2103088,
      "olean_mtime": 1791456891.6277816,
      "fresh_build_elapsed": "11s",
      "axiom_exports": [
        {
          "theorem": "Erdos85.H3TripleCompletion.search_sound",
          "axioms": [
            "propext",
            "Classical.choice",
            "Quot.sound"
          ]
        }
      ]
    },
    {
      "module": "Erdos85H3TripleCompletionBridge",
      "source_sha256": "499f480a8d1eb73f33ca4119b0175f319982484a9d3fcdf0a2fbbda73d2db36b",
      "olean_sha256": "02220d1339caaf079b5889edf2e0c4e52b49b37d6c2b89ba4886c06d5a77e18e",
      "olean_bytes": 198624,
      "olean_mtime": 1791456899.3572543,
      "fresh_build_elapsed": "4.0s",
      "axiom_exports": [
        {
          "theorem": "Erdos85.H3TripleCompletion.threeHighCanonicalRepresentativeExcluded_one_of_tripleSearch",
          "axioms": [
            "propext",
            "Classical.choice",
            "Quot.sound"
          ]
        },
        {
          "theorem": "Erdos85.H3TripleCompletion.orderFortyNineTripleCellExcluded_three_one_of_tripleSearch",
          "axioms": [
            "propext",
            "Classical.choice",
            "Quot.sound"
          ]
        }
      ]
    },
    {
      "module": "Erdos85H3TripleCompletionSplit",
      "source_sha256": "b85d4d99bb82cefdbe5f8d0543928262422f2f5e6a8dfa799d7100dc7ca826a3",
      "olean_sha256": "acfdbed1a9ccec6f972f9c8c8afc5575937d82b3cbc3541f0239a8e3b019d0d3",
      "olean_bytes": 187736,
      "olean_mtime": 1791456903.1570253,
      "fresh_build_elapsed": "3.8s",
      "axiom_exports": [
        {
          "theorem": "Erdos85.H3TripleCompletion.orderFortyNineTripleCellExcluded_three_one_of_parts",
          "axioms": [
            "propext",
            "Classical.choice",
            "Quot.sound"
          ]
        }
      ]
    }
  ],
  "status": "FAILED",
  "returncode": 1,
  "timed_out": false,
  "elapsed_seconds": 4.068779307002842,
  "child_user_seconds": 2.832089,
  "child_system_seconds": 1.230907,
  "child_maxrss_kib": 6468852,
  "log_sha256": "7076d1c67faccb1761aa2d12324e8ac79162e0f62d6c7b73b61aa54e0f34f974"
}

=== Build failed with exit code 1 ===
